Atomics.c:56:26:Atomics_ThreadFence	0	static
Atomics.c:62:26:Atomics_Init	0	static
Atomics.c:72:26:Atomics_Store	16	static
Atomics.c:91:36:Atomics_Load	8	static
Atomics.c:112:36:Atomics_Exchange	16	static
Atomics.c:135:29:Atomics_CompareExchange	16	static
Atomics.c:167:36:Atomics_FetchAdd	16	static
Atomics.c:190:36:Atomics_FetchSub	16	static
Atomics.c:213:36:Atomics_FetchOr	16	static
Atomics.c:236:36:Atomics_FetchAnd	16	static
Atomics.c:259:36:Atomics_FetchXor	16	static
Atomics.c:282:29:Atomics_TestAndSetFlag	16	static
Atomics.c:306:26:Atomics_ClearFlag	16	static
