BswM.c:2291:39:BswM_ExecuteRule	24	static
BswM.c:372:23:BswM_Deinit	8	static
BswM.c:395:23:BswM_RequestMode	32	static
BswM.c:453:23:BswM_ComM_CurrentMode	16	static
BswM.c:517:23:BswM_ComM_CurrentPNCMode	24	static
BswM.c:596:23:BswM_ComM_InitiateReset	8	static
BswM.c:632:23:BswM_Dcm_CommunicationMode_CurrentState	16	static
BswM.c:679:23:BswM_Dcm_ApplicationUpdated	8	static
BswM.c:854:23:BswM_CanSM_CurrentState	16	static
BswM.c:1170:23:BswM_EcuM_CurrentState	16	static
BswM.c:1250:23:BswM_EcuM_CurrentWakeup	16	static
BswM.c:1299:23:BswM_NmIf_CarWakeUpIndication	16	static
BswM.c:1339:23:BswM_NvM_CurrentBlockMode	16	static
BswM.c:1384:23:BswM_NvM_CurrentJobMode	16	static
BswM.c:1972:26:BswM_PortUpdated	40	static
BswM.c:2063:23:BswM_ExecuteModeControl	128	static
BswM.c:1818:23:BswM_MainFunction	48	static
BswM.c:2186:23:BswM_ExecutePduGroupSwitchAction	20	static
BswM.c:2520:23:BswM_HandleRequest	0	static
