Can_Ipw.c:624:13:Can_Ipw_InitLegacyFifoFilter	1056	static
Can_Ipw.c:1623:13:Can_Ipw_InitRx	32	static
Can_Ipw.c:562:13:Can_Ipw_ParseData.isra.0.constprop	24	static
Can_Ipw.c:1020:16:Can_Ipw_Init	24	static
Can_Ipw.c:1124:6:Can_Ipw_DeInit	0	static
Can_Ipw.c:1240:16:Can_Ipw_SetControllerToStartMode	16	static
Can_Ipw.c:1375:16:Can_Ipw_SetControllerToStopMode	24	static
Can_Ipw.c:1443:6:Can_Ipw_DisableControllerInterrupts	16	static
Can_Ipw.c:1471:6:Can_Ipw_EnableControllerInterrupts	16	static
Can_Ipw.c:1504:7:Can_Ipw_GetControllerErrorState	8	static
Can_Ipw.c:1516:7:Can_Ipw_GetControllerTxErrorCounter	0	static
Can_Ipw.c:1524:7:Can_Ipw_GetControllerRxErrorCounter	0	static
Can_Ipw.c:1533:16:Can_Ipw_Write	48	static
Can_Ipw.c:1881:6:Can_Ipw_MainFunction_Mode	16	static
Can_Ipw.c:1914:10:Can_Ipw_ProcessTxMesgBuffer	4	static
Can_Ipw.c:1936:10:Can_Ipw_ProcessRxMesgBuffer	24	static
