CanNm.c:279:34:CanNm_IsValidConfig	8	static
CanNm.c:316:24:CanNm_Init	16	static
CanNm.c:505:34:CanNm_PassiveStartUp	16	static
CanNm.c:599:34:CanNm_NetworkRequest	16	static
CanNm.c:671:34:CanNm_NetworkGwEraRequest	16	static
CanNm.c:741:34:CanNm_NetworkRelease	16	static
CanNm.c:815:34:CanNm_DisableCommunication	16	static
CanNm.c:913:34:CanNm_EnableCommunication	16	static
CanNm.c:1101:34:CanNm_GetUserData	16	static
CanNm.c:1189:34:CanNm_GetNodeIdentifier	16	static
CanNm.c:1272:34:CanNm_GetLocalNodeIdentifier	8	static
CanNm.c:1452:34:CanNm_GetPduData	16	static
CanNm.c:1544:34:CanNm_GetState	8	static
CanNm.c:1941:24:CanNm_TxConfirmation	8	static
CanNm.c:2258:34:CanNm_Transmit	32	static
CanNm.c:2449:24:CanNm_ConfirmPnAvailability	0	static
CanNm.c:2507:34:CanNm_RequestSynchronizedPncShutdown	0	static
CanNm.c:2604:27:CanNm_IsValidPnMessage	12	static
CanNm.c:2645:24:CanNm_HandleTimerTick	8	static
CanNm.c:2731:24:CanNm_HandlePnTimers	32	static
CanNm.c:2787:24:CanNm_HandlePnInfo	56	static
CanNm.c:1866:24:CanNm_MainFunction	16	static
CanNm.c:2873:24:CanNm_AggregatePnInfo	16	static
CanNm.c:2027:24:CanNm_RxIndication	24	static
CanNm.c:2396:24:CanNm_GetPduUserData	24	static
