CanTp_TxBufferDependentSend.c:344:44:CanTp_ProcessCopyTxData	24	static
CanTp_RxIndication.c:1883:34:CanTp_CheckNPduLength	0	static
CanTp_Init.c:89:34:CanTp_IsValidConfig	8	static
CanTp_Init.c:366:24:CanTp_InitChannelPtr	0	static
CanTp_PrepareFC.c:117:34:CanTp_CalculateBlockSize	16	static
CanTp_PrepareFC.c:185:27:CanTp_VerifyBlockSize	16	static
CanTp_PreparexF.c:51:24:CanTp_PreparexF	20	static
CanTp_TxBufferDependentSend.c:270:44:CanTp_RequestTxFrameData	32	static
CanTp_PreparexF.c:163:24:CanTp_PreparePadding	12	static
CanTp_RxBufferDependentSend.c:190:37:CanTp_RxProcessData	24	static
CanTp_RxBufferDependentSend.c:145:37:CanTp_ProcessStartOfReceptionData	24	static
CanTp_StopChannel.c:59:24:CanTp_StopChannel	24	static
CanTp_Init.c:137:24:CanTp_Init	32	static
CanTp_RxIndication.c:759:31:CanTp_RxChannelCleanup	4	static
CanTp_TransmitFrame.c:78:24:CanTp_TransmitFrame	24	static
CanTp_PrepareFC.c:52:24:CanTp_PrepareFC	96	static
CanTp_RxBufferDependentSend.c:437:24:CanTp_TryToSendFC	8	static
CanTp_PrepareFC.c:228:24:CanTp_CheckAndHandleWaitFrameTimeOut	8	static
CanTp_RxBufferDependentSend.c:65:34:CanTp_ProcessStartOfReception	8	static
CanTp_RxBufferDependentSend.c:225:24:CanTp_RxStateHandling	16	static
CanTp_TxBufferDependentSend.c:97:24:CanTp_TxStateHandling.part.0	24	static
CanTp_STminCallback.c:142:31:CanTp_STminTimeoutHandling	0	static
CanTp_STminCallback.c:109:24:CanTp_PostSTminCallback	8	static
CanTp_RxIndication.c:685:31:CanTp_ProcessRxFrame	48	static
CanTp_RxIndication.c:607:24:CanTp_PostRxIndication	96	static
CanTp_TransmitFrame.c:155:24:CanTp_TransmitPostponedFrame	16	static
CanTp_TransmitFrame.c:179:24:CanTp_TransmitPostponedFlowControl	0	static
CanTp_MainFunction.c:233:24:CanTp_TimeoutHandling	8	static
CanTp_TxConfirmation.c:297:31:CanTp_ProcessTxPdu	24	static
CanTp_TxBufferDependentSend.c:97:24:CanTp_TxStateHandling	16	static
CanTp_TxConfirmation.c:265:24:CanTp_PostTxConfirmation	16	static
CanTp_UnlockChannel.c:72:24:CanTp_HandlePostponedFlags	16	static
CanTp_CancelTransmit.c:58:34:CanTp_CancelTransmit	40	static
CanTp_MainFunction.c:384:24:CanTp_ChannelHandling	24	static
CanTp_RxIndication.c:362:24:CanTp_RxIndication	48	static
CanTp_STminCallback.c:73:24:CanTp_STminCallback	24	static
CanTp_MainFunction.c:97:24:CanTp_MainFunction	24	static
CanTp_Transmit.c:210:34:CanTp_Transmit	48	static
CanTp_TxConfirmation.c:120:24:CanTp_TxConfirmation	32	static
CanTp_CancelReceive.c:65:34:CanTp_CancelReceive	48	static
