Clock_Ip.c:209:13:Clock_Ip_NotificatonsEmptyCallback	0	static
Clock_Ip.c:682:6:Clock_Ip_InitClock	48	static
Clock_Ip.c:877:24:Clock_Ip_GetPllStatus	32	static
Clock_Ip.c:929:6:Clock_Ip_DistributePll	24	static
Clock_Ip.c:623:21:Clock_Ip_Init	8	static
Clock_Ip.c:983:6:Clock_Ip_DisableClockMonitor	0	static
Clock_Ip.c:999:24:Clock_Ip_GetClockMonitorStatus	0	static
Clock_Ip.c:1014:6:Clock_Ip_ClearClockMonitorStatus	0	static
Clock_Ip.c:1032:6:Clock_Ip_InstallNotificationsCallback	0	static
Clock_Ip.c:1046:6:Clock_Ip_DisableModuleClock	0	static
Clock_Ip.c:1062:6:Clock_Ip_EnableModuleClock	0	static
Clock_Ip.c:1097:8:Clock_Ip_GetClockFrequency	0	static
Clock_Ip.c:1164:6:Clock_Ip_DisableFircInStandby	8	static
Clock_Ip.c:1182:6:Clock_Ip_EnableFircInStandby	8	static
Clock_Ip.c:1200:6:Clock_Ip_DisableSircInStandby	8	static
Clock_Ip.c:1218:6:Clock_Ip_EnableSircInStandby	8	static
Clock_Ip.c:1234:6:Clock_Ip_ReportClockErrors	0	static
Clock_Ip.c:1245:6:Clock_Ip_StartTimeout	24	static
Clock_Ip.c:1261:9:Clock_Ip_TimeoutExpired	16	static
