ComM.c:963:23:ComM_DeInit	0	static
ComM.c:1002:33:ComM_GetState	8	static
ComM.c:1048:33:ComM_GetStatus	8	static
ComM.c:1389:33:ComM_ASR40_RequestComMode	8	static
ComM.c:1480:33:ComM_ASR40_GetMaxComMode	8	static
ComM.c:1619:33:ComM_ASR40_GetRequestedComMode	8	static
ComM.c:1705:33:ComM_ASR40_GetCurrentComMode	8	static
ComM.c:1814:33:ComM_ASR40_GetCurrentPNCComMode	8	static
ComM.c:2499:23:ComM_Nm_NetworkStartIndication	0	static
ComM.c:2553:23:ComM_Nm_NetworkMode	0	static
ComM.c:2597:23:ComM_Nm_PrepareBusSleepMode	0	static
ComM.c:2640:23:ComM_Nm_BusSleepMode	0	static
ComM.c:2684:23:ComM_Nm_RestartIndication	0	static
ComM.c:2817:23:ComM_BusSM_BusSleepMode	0	static
ComM.c:2861:23:ComM_DCM_ActiveDiagnostic	16	static
ComM.c:2933:23:ComM_DCM_InactiveDiagnostic	16	static
ComM.c:2999:23:ComM_EcuM_WakeUpIndication	0	static
ComM.c:3221:23:ComM_EcuM_PNCWakeUpIndication	24	static
ComM.c:3279:23:ComM_CommunicationAllowed	16	static
ComM.c:3328:23:ComM_BusSM_ModeIndication	0	static
ComM.c:3380:38:ComM_EB_GetUserRequestedComMode	0	static
ComM.c:3403:23:ComM_EB_SetRequestedComMode	0	static
ComM.c:3416:23:ComM_EvaluatePnc	24	static
ComM.c:3665:23:ComM_BitArraySet	0	static
ComM.c:3674:23:ComM_BitArrayClear	0	static
ComM.c:3683:26:ComM_BitArrayIsBitSet	0	static
ComM.c:3699:38:ComM_EB_GetPncRequestedComMode	8	static
ComM.c:4022:23:ComM_PncMainFunction	40	static
ComM.c:4116:33:ComM_IsValidConfig	8	static
ComM.c:713:23:ComM_Init	16	static
