ComM_HsmComMPncFnct.c:717:30:ComM_PNC_RequestComMode	32	static
ComM_HsmComMPncFnct.c:820:30:ComM_PncSendSignal.constprop	40	static
ComM_HsmComMPncFnct.c:251:23:ComM_HsmComMPncSfPncTopAction1	0	static
ComM_HsmComMPncFnct.c:292:23:ComM_HsmComMPncSfPncFullComEntry	0	static
ComM_HsmComMPncFnct.c:310:23:ComM_HsmComMPncSfPncPrepareSleepEntry	8	static
ComM_HsmComMPncFnct.c:321:26:ComM_HsmComMPncSfPncPrepareSleepGuard1	0	static
ComM_HsmComMPncFnct.c:334:23:ComM_HsmComMPncSfPncPrepareSleepAction1	0	static
ComM_HsmComMPncFnct.c:343:23:ComM_HsmComMPncSfPncPrepareSleepAction2	0	static
ComM_HsmComMPncFnct.c:353:23:ComM_HsmComMPncSfPncPrepareSleepAction3	0	static
ComM_HsmComMPncFnct.c:386:23:ComM_HsmComMPncSfPncReadySleepEntry	8	static
ComM_HsmComMPncFnct.c:397:26:ComM_HsmComMPncSfPncReadySleepGuard1	0	static
ComM_HsmComMPncFnct.c:419:23:ComM_HsmComMPncSfPncRequestedEntry	24	static
ComM_HsmComMPncFnct.c:453:26:ComM_HsmComMPncSfPncRequestedGuard1	0	static
ComM_HsmComMPncFnct.c:482:23:ComM_HsmComMPncSfPncRequestedAction1	8	static
ComM_HsmComMPncFnct.c:568:23:ComM_HsmComMPncSfPncNoComEntry	0	static
ComM_HsmComMPncFnct.c:576:26:ComM_HsmComMPncSfPncNoComGuard1	0	static
ComM_HsmComMPncFnct.c:588:23:ComM_HsmComMPncSfPncNoComAction1	0	static
ComM_HsmComMPncFnct.c:600:26:ComM_HsmComMPncSfPncNoComGuard3	0	static
ComM_HsmComMPncFnct.c:616:23:ComM_HsmComMPncSfPncNoComAction3	0	static
ComM_HsmComMPncFnct.c:627:23:ComM_HsmComMPncSfPncNoComAction4	0	static
ComM_HsmComMPncFnct.c:655:23:ComM_HsmComMPncSfPncNoComNotifyEntry	0	static
ComM_HsmComMPncFnct.c:910:23:ComM_PncProcessTimers	16	static
