Crypto_AL_Cipher.c:5520:32:Crypto_AESCommonCalculateKeySchedule	64	static
Crypto_AL_Cipher.c:5645:32:Crypto_AES_Helper_Encrypt_CallbackNotification	0	static
Crypto_AL_Cipher.c:3135:32:Crypto_AESEncryptStart	8	static
Crypto_AL_Cipher.c:3412:32:Crypto_AESEncryptCalculateRounds	56	static
Crypto_AL_Cipher.c:3237:32:Crypto_AESEncryptMainFunction	16	static
Crypto_AL_Cipher.c:5636:31:Crypto_AESHelperEncryptSynchronousMainCall	16	static
Crypto_AL_Cipher.c:2054:35:Crypto_AES_Helper_Encrypt_Start	40	static
Crypto_AL_Cipher.c:2107:25:Crypto_AES_Helper_Encrypt_Update	16	static
Crypto_AL_Cipher.c:2129:25:Crypto_AES_Helper_Encrypt_Finish	0	static
Crypto_AL_Cipher.c:2146:35:Crypto_AES_Helper_Encrypt_SyncSingleCall	136	static
Crypto_AL_Cipher.c:2225:35:Crypto_AL_AES_EncryptPreCalc	136	static
Crypto_AL_Cipher.c:2294:25:Crypto_AES_Helper_Encrypt_MainFunction	0	static
Crypto_AL_Cipher.c:2473:25:Crypto_AL_ENCRYPT_AES_ECB_Reset	8	static
Crypto_AL_Cipher.c:2483:35:Crypto_AL_ENCRYPT_AES_ECB_Start	40	static
Crypto_AL_Cipher.c:2537:35:Crypto_AL_ENCRYPT_AES_ECB_Update	16	static
Crypto_AL_Cipher.c:2575:35:Crypto_AL_ENCRYPT_AES_ECB_Finish	0	static
Crypto_AL_Cipher.c:3028:32:Crypto_AL_ENCRYPT_AES_ECB_CallBack	24	static
Crypto_AL_Cipher.c:2597:35:Crypto_AL_ENCRYPT_AES_ECB_Cancel	8	static
Crypto_AL_Cipher.c:2624:25:Crypto_AL_ENCRYPT_AES_ECB_MainFunction	0	static
Crypto_AL_Cipher.c:2633:25:Crypto_AL_AESPreCalculateKeySchedule	312	static
