Crypto_AL_Der.c:828:35:Crypto_AL_DerFindNothing	0	static
Crypto_AL_Der.c:763:35:Crypto_AL_DerCheckIdentifier.isra.0	8	static
Crypto_AL_Der.c:1050:35:Crypto_AL_DerCheckSubComponent	24	static
Crypto_AL_Der.c:798:34:Crypto_AL_DerSkipIdentifier.part.0	0	static
Crypto_AL_Der.c:656:27:Crypto_AL_DerEncGetContentsStart	8	static
Crypto_AL_Der.c:693:27:Crypto_AL_DerEncGetContentsLength	8	static
Crypto_AL_Der.c:947:35:Crypto_AL_DerFindInSequence	64	static
Crypto_AL_Der.c:1094:35:Crypto_AL_DerCheckSequence	40	static
Crypto_AL_Der.c:852:35:Crypto_AL_DerFindInSequenceIgnoreTag	56	static
Crypto_AL_Der.c:1172:35:Crypto_AL_DerCheckPublicKey	40	static
Crypto_AL_Der.c:1249:35:Crypto_AL_DerCheckOctetstring	16	static
Crypto_AL_Der.c:1281:35:Crypto_AL_DerCheckObjectIdentifier	0	static
Crypto_AL_Der.c:1314:35:Crypto_AL_DerCheckCharacterString	24	static
Crypto_AL_Der.c:1373:35:Crypto_AL_DerCheckInteger	24	static
Crypto_AL_Der.c:1494:35:Crypto_AL_DerCheckDate	24	static
Crypto_AL_Der.c:610:27:Crypto_AL_DerSubComponentContents	32	static
