Crypto_KeyManagement.c:96:35:Crypto_KeyElementSet	32	static
Crypto_KeyManagement.c:282:35:Crypto_KeyValidSet	8	static
Crypto_KeyManagement.c:330:35:Crypto_KeyElementGet	24	static
Crypto_KeyManagement.c:526:35:Crypto_KeyElementCopy	24	static
Crypto_KeyManagement.c:711:35:Crypto_KeyCopy	40	static
Crypto_KeyManagement.c:846:35:Crypto_KeyElementIdsGet	8	static
Crypto_KeyManagement.c:917:35:Crypto_RandomSeed	16	static
Crypto_KeyManagement.c:992:35:Crypto_KeyGenerate	8	static
Crypto_KeyManagement.c:1040:35:Crypto_KeyDerive	8	static
Crypto_KeyManagement.c:1102:35:Crypto_KeyExchangeCalcPubVal	16	static
Crypto_KeyManagement.c:1209:35:Crypto_KeyExchangeCalcSecret	16	static
Crypto_KeyManagement.c:1287:35:Crypto_CertificateParse	0	static
Crypto_KeyManagement.c:1361:35:Crypto_CertificateVerify	16	static
