Dcm_Dsl_Supervisor_CommunicationSessionHandling.c:851:30:Dcm_Dsl_Supervisor_CommunicationSessionHandling_CheckS3TimerRestart	8	static
Dcm_Dsl_Supervisor_CommunicationSessionHandling.c:815:30:Dcm_Dsl_Supervisor_CommunicationSessionHandling_CheckS3TimerStop	16	static
Dcm_Dsl_Supervisor_CommunicationSessionHandling.c:205:23:Dcm_Dsl_Supervisor_CommunicationSessionHandling_Init	12	static
Dcm_Dsl_Supervisor_CommunicationSessionHandling.c:233:23:Dcm_Dsl_Supervisor_CommunicationSessionHandling_MainFunction	16	static
Dcm_Dsl_Supervisor_CommunicationSessionHandling.c:315:23:Dcm_Dsl_Supervisor_CommunicationSessionHandling_DefaultSessionEntered	40	static
Dcm_Dsl_Supervisor_CommunicationSessionHandling.c:394:23:Dcm_Dsl_Supervisor_CommunicationSessionHandling_PrepareApplicationDiagnosticRequest	0	static
Dcm_Dsl_Supervisor_CommunicationSessionHandling.c:410:23:Dcm_Dsl_Supervisor_CommunicationSessionHandling_ReceptionBegin	0	static
Dcm_Dsl_Supervisor_CommunicationSessionHandling.c:451:23:Dcm_Dsl_Supervisor_CommunicationSessionHandling_ReceptionEnd	8	static
Dcm_Dsl_Supervisor_CommunicationSessionHandling.c:502:23:Dcm_Dsl_Supervisor_CommunicationSessionHandling_ProcessingBegin	64	static
Dcm_Dsl_Supervisor_CommunicationSessionHandling.c:609:23:Dcm_Dsl_Supervisor_CommunicationSessionHandling_EndOfCommunicationSession	0	static
Dcm_Dsl_Supervisor_CommunicationSessionHandling.c:653:23:Dcm_Dsl_Supervisor_CommunicationSessionHandling_ProcessingEnd	56	static
Dcm_Dsl_Supervisor_CommunicationSessionHandling.c:790:3:Dcm_Dsl_Supervisor_CommunicationSessionHandling_EnqueueCancellationOfRxConnection	0	static
Dcm_Dsl_Supervisor_CommunicationSessionHandling.c:800:3:Dcm_Dsl_Supervisor_CommunicationSessionHandling_IsCancellationEnqueuedForRxConnection	0	static
