Dcm_Dsl_Supervisor_MainConnectionHandling.c:233:23:Dcm_Dsl_Supervisor_MainConnectionHandling_Init	12	static
Dcm_Dsl_Supervisor_MainConnectionHandling.c:355:23:Dcm_Dsl_Supervisor_MainConnectionHandling_MainFunction	80	static
Dcm_Dsl_Supervisor_MainConnectionHandling.c:390:23:Dcm_Dsl_Supervisor_MainConnectionHandling_InitiateNRC	48	static
Dcm_Dsl_Supervisor_MainConnectionHandling.c:514:26:Dcm_Dsl_Supervisor_MainConnectionHandling_MainConnectionBusy	0	static
Dcm_Dsl_Supervisor_MainConnectionHandling.c:668:23:Dcm_Dsl_Supervisor_MainConnectionHandling_ClearMainConnection	0	static
Dcm_Dsl_Supervisor_MainConnectionHandling.c:685:23:Dcm_Dsl_Supervisor_MainConnectionHandling_BusyWithRequest	0	static
Dcm_Dsl_Supervisor_MainConnectionHandling.c:702:23:Dcm_Dsl_Supervisor_MainConnectionHandling_RequestDispatchedToProtocol	0	static
Dcm_Dsl_Supervisor_MainConnectionHandling.c:731:37:Dcm_Dsl_Supervisor_MainConnectionHandling_GetNRCTimeout	8	static
Dcm_Dsl_Supervisor_MainConnectionHandling.c:750:23:Dcm_Dsl_Supervisor_MainConnectionHandling_End	16	static
Dcm_Dsl_Supervisor_MainConnectionHandling.c:529:23:Dcm_Dsl_Supervisor_MainConnectionHandling_TransmissionFinished	24	static
Dcm_Dsl_Supervisor_MainConnectionHandling.c:771:28:Dcm_Dsl_Supervisor_MainConnectionHandling_GetRxConnectionId	0	static
