Dcm_HsmDcmFnct.c:2218:32:Dcm_Roe_CheckForTxEnable	32	static
Dcm_HsmDcmFnct.c:2184:32:Dcm_CheckForGeneralRejectConditions	8	static
Dcm_HsmDcmFnct.c:191:22:Dcm_HsmDcmSfTopEntry	8	static
Dcm_HsmDcmFnct.c:247:22:Dcm_HsmDcmSfWaitForFullComAction1	56	static
Dcm_HsmDcmFnct.c:310:25:Dcm_HsmDcmSfWaitForFullComGuard2	0	static
Dcm_HsmDcmFnct.c:328:22:Dcm_HsmDcmSfWaitForFullComAction2	24	static
Dcm_HsmDcmFnct.c:449:25:Dcm_HsmDcmSfWaitForFullComGuard3	0	static
Dcm_HsmDcmFnct.c:467:22:Dcm_HsmDcmSfWaitForFullComAction3	0	static
Dcm_HsmDcmFnct.c:511:25:Dcm_HsmDcmSfOutOfServiceGuard1	0	static
Dcm_HsmDcmFnct.c:531:25:Dcm_HsmDcmSfOutOfServiceGuard2	0	static
Dcm_HsmDcmFnct.c:551:22:Dcm_HsmDcmSfOutOfServiceAction2	16	static
Dcm_HsmDcmFnct.c:578:25:Dcm_HsmDcmSfOutOfServiceGuard3	0	static
Dcm_HsmDcmFnct.c:598:25:Dcm_HsmDcmSfOutOfServiceGuard4	0	static
Dcm_HsmDcmFnct.c:618:22:Dcm_HsmDcmSfOutOfServiceAction4	0	static
Dcm_HsmDcmFnct.c:645:25:Dcm_HsmDcmSfOutOfServiceGuard7	0	static
Dcm_HsmDcmFnct.c:663:22:Dcm_HsmDcmSfOutOfServiceAction7	0	static
Dcm_HsmDcmFnct.c:677:25:Dcm_HsmDcmSfOutOfServiceGuard8	8	static
Dcm_HsmDcmFnct.c:695:22:Dcm_HsmDcmSfOutOfServiceAction8	0	static
Dcm_HsmDcmFnct.c:729:22:Dcm_HsmDcmSfOosInitAction1	48	static
Dcm_HsmDcmFnct.c:796:22:Dcm_HsmDcmSfOosNotifiedEntry	16	static
Dcm_HsmDcmFnct.c:831:22:Dcm_HsmDcmSfInServiceEntry	24	static
Dcm_HsmDcmFnct.c:877:22:Dcm_HsmDcmSfInServiceAction1	0	static
Dcm_HsmDcmFnct.c:908:22:Dcm_HsmDcmSfConfirmingNOkEntry	0	static
Dcm_HsmDcmFnct.c:951:22:Dcm_HsmDcmSfConfirmingOkEntry	0	static
Dcm_HsmDcmFnct.c:997:22:Dcm_HsmDcmSfPeriodicProcessingAction1	16	static
Dcm_HsmDcmFnct.c:1023:22:Dcm_HsmDcmSfPeriodicResponseProcessingEntry	0	static
Dcm_HsmDcmFnct.c:1047:22:Dcm_HsmDcmSfPeriodicProcessingUUDTAction1	0	static
Dcm_HsmDcmFnct.c:1090:22:Dcm_HsmDcmSfPeriodicSendingUUDTEntry	0	static
Dcm_HsmDcmFnct.c:1107:22:Dcm_HsmDcmSfPeriodicSendingUUDTAction1	0	static
Dcm_HsmDcmFnct.c:1136:22:Dcm_HsmDcmSfPeriodicSendingUUDTFinishingAction1	0	static
Dcm_HsmDcmFnct.c:1180:22:Dcm_HsmDcmSfPeriodicSendingUUDTFinishingAction2	0	static
Dcm_HsmDcmFnct.c:1220:22:Dcm_HsmDcmSfROEProcessingAction3	0	static
Dcm_HsmDcmFnct.c:1251:22:Dcm_HsmDcmSfROEResponseProcessingEntry	0	static
Dcm_HsmDcmFnct.c:1273:22:Dcm_HsmDcmSfWaitForRoeProcessingCancellationEntry	8	static
Dcm_HsmDcmFnct.c:1297:22:Dcm_HsmDcmSfRequestProcessingEntry	16	static
Dcm_HsmDcmFnct.c:1325:22:Dcm_HsmDcmSfRequestProcessingAction3	16	static
Dcm_HsmDcmFnct.c:1367:22:Dcm_HsmDcmSfRequestCancellingEntry	16	static
Dcm_HsmDcmFnct.c:1397:22:Dcm_HsmDcmSfWaitForProtocolEntry	0	static
Dcm_HsmDcmFnct.c:1416:22:Dcm_HsmDcmSfWaitForTxAndProtocolEntry	8	static
Dcm_HsmDcmFnct.c:1438:22:Dcm_HsmDcmSfCancelWithGeneralRejectEntry	56	static
Dcm_HsmDcmFnct.c:1516:22:Dcm_HsmDcmSfCancelWithGeneralRejectAction1	0	static
Dcm_HsmDcmFnct.c:1541:22:Dcm_HsmDcmSfSendRpEntry	48	static
Dcm_HsmDcmFnct.c:1614:22:Dcm_HsmDcmSfSendRpExit	8	static
Dcm_HsmDcmFnct.c:1660:22:Dcm_HsmDcmSfSendRpForcedAction1	0	static
Dcm_HsmDcmFnct.c:1695:25:Dcm_HsmDcmSfWaitForApplGuard2	0	static
Dcm_HsmDcmFnct.c:1726:25:Dcm_HsmDcmSfWaitForApplGuard3	8	static
Dcm_HsmDcmFnct.c:1743:25:Dcm_HsmDcmSfWaitForApplGuard4	0	static
Dcm_HsmDcmFnct.c:1778:25:Dcm_HsmDcmSfWaitForApplGuard5	0	static
Dcm_HsmDcmFnct.c:1806:22:Dcm_HsmDcmSfSendingEntry	72	static
Dcm_HsmDcmFnct.c:1903:22:Dcm_HsmDcmSfNormalSendingCancellingEntry	8	static
Dcm_HsmDcmFnct.c:1941:22:Dcm_HsmDcmSfPgBufSendingCancellingEntry	8	static
Dcm_HsmDcmFnct.c:1974:22:Dcm_HsmDcmSfPgBufDataAvailableAction1	0	static
Dcm_HsmDcmFnct.c:2020:22:Dcm_HsmDcmSfPgBufDataRequestedAction1	16	static
