Dcm_Dsl_ComMChannelStateManager.c:168:22:Dcm_Dsl_ComMChannelStateManager_Init	0	static
Dcm_Dsl_ComMChannelStateManager.c:197:51:Dcm_Dsl_ComMChannelStateManager_GetRxState	8	static
Dcm_Dsl_ComMChannelStateManager.c:228:51:Dcm_Dsl_ComMChannelStateManager_GetTxState	8	static
Dcm_Dsl_ComMChannelStateManager.c:287:22:Dcm_Dsl_ComMChannelStateManager_EnterMode	16	static
Dcm_Dsl_ComMChannelStateManager.c:257:22:Dcm_ComM_NoComModeEntered	0	static
Dcm_Dsl_ComMChannelStateManager.c:267:22:Dcm_ComM_SilentComModeEntered	0	static
Dcm_Dsl_ComMChannelStateManager.c:277:22:Dcm_ComM_FullComModeEntered	0	static
Dcm_Dsl_ComMChannelStateManager.c:408:32:Dcm_Dsl_ComMChannelStateManager_RequestActiveDiagnostic	32	static
Dcm_Dsl_ComMChannelStateManager.c:497:32:Dcm_Dsl_ComMChannelStateManager_RequestInactiveDiagnostic	24	static
