Dcm_Dsl_CommunicationServices_TxConnections.c:1114:34:Dcm_Dsl_GetTxPduIdFromTxConnectionIndex	0	static
Dcm_Dsl_CommunicationServices_TxConnections.c:605:44:Dcm_Dsl_TxConnectionGetState	0	static
Dcm_Dsl_CommunicationServices_TxConnections.c:999:32:Dcm_Dsl_TxConnectionGive	8	static
Dcm_Dsl_CommunicationServices_TxConnections.c:1029:23:Dcm_Dsl_TxConnectionProcessNextTxBuffer	24	static
Dcm_Dsl_CommunicationServices_TxConnections.c:1622:23:Dcm_Dsl_ProvideNextTxBuffer	0	static
Dcm_Dsl_CommunicationServices_TxConnections.c:1635:23:Dcm_Dsl_ConfirmTransmissionToRequester	4	static
Dcm_Dsl_CommunicationServices_TxConnections.c:1688:22:Dcm_Dsl_TxConnectionInitSingleTxConnection	0	static
Dcm_Dsl_CommunicationServices_TxConnections.c:492:22:Dcm_TpTxConfirmation	24	static
Dcm_Dsl_CommunicationServices_TxConnections.c:559:22:Dcm_TxConfirmation	24	static
Dcm_Dsl_CommunicationServices_TxConnections.c:623:22:Dcm_Dsl_TxConnectionCancelTransmit	24	static
Dcm_Dsl_CommunicationServices_TxConnections.c:1409:42:Dcm_Dsl_TxConnectionStart	24	static
Dcm_Dsl_CommunicationServices_TxConnections.c:714:23:Dcm_Dsl_TxConnectionTransmit	56	static
Dcm_Dsl_CommunicationServices_TxConnections.c:840:23:Dcm_Dsl_TxConnectionProcessTxConnections	40	static
Dcm_Dsl_CommunicationServices_TxConnections.c:1674:22:Dcm_Dsl_TxConnectionInit	8	static
Dcm_Dsl_CommunicationServices_TxConnections.c:1702:32:Dcm_Dsl_ProcessRetryInformation	24	static
Dcm_Dsl_CommunicationServices_TxConnections.c:224:35:Dcm_CopyTxData	32	static
