Dcm_Dsp_SvcH_CommunicationControl.c:823:39:Dcm_Dsp_CommunicationControl_SvcCont	8	static
Dcm_Dsp_SvcH_CommunicationControl.c:946:37:Dcm_Dsp_CommunicationControl_CommonUnenhancedAddressInformation	40	static
Dcm_Dsp_SvcH_CommunicationControl.c:477:32:Dcm_Dsp_CommunicationControl_SvcH	24	static
Dcm_Dsp_SvcH_CommunicationControl.c:530:22:Dcm_Dsp_CommunicationControl_Init	8	static
Dcm_Dsp_SvcH_CommunicationControl.c:572:32:Dcm_Dsp_CommunicationControl_EnableRxAndTx_SSvcH	0	static
Dcm_Dsp_SvcH_CommunicationControl.c:591:32:Dcm_Dsp_CommunicationControl_EnableRxAndDisableTx_SSvcH	0	static
Dcm_Dsp_SvcH_CommunicationControl.c:610:32:Dcm_Dsp_CommunicationControl_DisableRxAndEnableTx_SSvcH	0	static
Dcm_Dsp_SvcH_CommunicationControl.c:630:32:Dcm_Dsp_CommunicationControl_DisableRxAndTx_SSvcH	0	static
Dcm_Dsp_SvcH_CommunicationControl.c:693:22:Dcm_Dsp_CommunicationControl_ResetCommunicationControl	16	static
Dcm_Dsp_SvcH_CommunicationControl.c:774:22:Dcm_Dsp_CommunicationControl_SessionChange	24	static
