Dcm_Dsp_DidServices.c:2813:3:Dcm_Dsp_DidServices_ReadSingleStaticDid_ObdPidSelect	0	static
Dcm_Dsp_DidServices.c:3930:29:Dcm_Dsp_DidServices_ReadSingleStaticDid_SelectDidDataSrc	8	static
Dcm_Dsp_DidServices.c:3893:29:Dcm_Dsp_DidServices_ReadSingleStaticDid_StoreDidId	20	static
Dcm_Dsp_DidServices.c:2507:29:Dcm_Dsp_DidServices_GetDidInfo_DidCheckLen	136	static
Dcm_Dsp_DidServices.c:2766:29:Dcm_Dsp_DidServices_ReadDid_StaticSelect	24	static
Dcm_Dsp_DidServices.c:3643:29:Dcm_Dsp_DidServices_ReadStaticDid_PrimarySelect	24	static
Dcm_Dsp_DidServices.c:2783:29:Dcm_Dsp_DidServices_ReadDid_StaticRead	16	static
Dcm_Dsp_DidServices.c:3662:29:Dcm_Dsp_DidServices_ReadStaticDid_PrimaryRead	16	static
Dcm_Dsp_DidServices.c:2705:29:Dcm_Dsp_DidServices_ReadDid_GetDidInfo	16	static
Dcm_Dsp_DidServices.c:1726:29:Dcm_Dsp_DidServices_WriteDid_GetDidInfo	0	static
Dcm_Dsp_DidServices.c:3087:29:Dcm_Dsp_DidServices_ReadSingleStaticDid_ObdInfoSelect_TryLock	8	static
Dcm_Dsp_DidServices.c:3012:3:Dcm_Dsp_DidServices_ReadSingleStaticDid_ObdInfoRead	24	static
Dcm_Dsp_DidServices.c:2979:3:Dcm_Dsp_DidServices_ReadSingleStaticDid_ObdInfoSelect	16	static
Dcm_Dsp_DidServices.c:2822:3:Dcm_Dsp_DidServices_ReadSingleStaticDid_ObdPidRead	16	static
Dcm_Dsp_DidServices.c:1846:29:Dcm_Dsp_DidServices_WriteDid_SigWrite	16	static
Dcm_Dsp_DidServices.c:1794:29:Dcm_Dsp_DidServices_WriteDid_SigSelect	24	static
Dcm_Dsp_DidServices.c:1107:22:Dcm_Dsp_DidServices_Init	0	static
Dcm_Dsp_DidServices.c:1119:25:Dcm_Dsp_DidServices_GetDidIndex	16	static
Dcm_Dsp_DidServices.c:2255:29:Dcm_Dsp_DidServices_GetDidInfo_SelectType	24	static
Dcm_Dsp_DidServices.c:1187:24:Dcm_Dsp_DidServices_GetMaximumDidLength	104	static
Dcm_Dsp_DidServices.c:1299:22:Dcm_Dsp_DidServices_GetDidInfo_Init	24	static
Dcm_Dsp_DidServices.c:1327:32:Dcm_Dsp_DidServices_GetDidInfo_Execute	0	static
Dcm_Dsp_DidServices.c:1341:32:Dcm_Dsp_DidServices_GetDidInfo_Cancel	0	static
Dcm_Dsp_DidServices.c:1355:55:Dcm_Dsp_DidServices_GetDidGeneralBuffer	0	static
Dcm_Dsp_DidServices.c:1375:22:Dcm_Dsp_DidServices_ReadDid_Init	32	static
Dcm_Dsp_DidServices.c:1414:32:Dcm_Dsp_DidServices_ReadDid_Execute	0	static
Dcm_Dsp_DidServices.c:1425:32:Dcm_Dsp_DidServices_ReadDid_Cancel	0	static
Dcm_Dsp_DidServices.c:1438:32:Dcm_Dsp_DidServices_ReadDataOfSingleDid_Execute	160	static
Dcm_Dsp_DidServices.c:4023:29:Dcm_Dsp_DidServices_ReadSingleStaticDid_ReadLocalData	16	static
Dcm_Dsp_DidServices.c:1623:32:Dcm_Dsp_DidServices_ReadSignal_GetResults	0	static
Dcm_Dsp_DidServices.c:1657:22:Dcm_Dsp_DidServices_WriteDid_Init	32	static
Dcm_Dsp_DidServices.c:1699:32:Dcm_Dsp_DidServices_WriteDid_Execute	0	static
Dcm_Dsp_DidServices.c:1712:32:Dcm_Dsp_DidServices_WriteDid_Cancel	0	static
Dcm_Dsp_DidServices.c:4275:62:Dcm_Dsp_DidServices_GetAccessInfo	0	static
Dcm_Dsp_DidServices.c:2646:29:Dcm_Dsp_DidServices_GetDidInfo_CheckSecurity	16	static
Dcm_Dsp_DidServices.c:2449:29:Dcm_Dsp_DidServices_GetDidInfo_CheckSession	16	static
