Dcm_Dsp.c:4449:39:Dcm_DspInternal_DetermineNextByteInSourceBuffer	0	static
Dcm_Dsp.c:4523:39:Dcm_DspInternal_DetermineNextByteInDestBuffer	0	static
Dcm_Dsp.c:2378:39:Dcm_DspInternal_ECUReset_SvcCont	24	static
Dcm_Dsp.c:2083:39:Dcm_DspInternal_ProcessSetProgConditions	40	static
Dcm_Dsp.c:1905:39:Dcm_DspInternal_JumpToBL	16	static
Dcm_Dsp.c:1445:47:Dcm_Dsp_ExtractSubServiceHandler	16	static
Dcm_Dsp.c:1503:25:Dcm_DspInternal_GetSidConfig	20	static
Dcm_Dsp.c:1759:32:Dcm_DspInternal_DiagnosticSessionControlCommon_SSvcH	8	static
Dcm_Dsp.c:1733:39:Dcm_DspInternal_DiagnosticSessionControl_SvcStart	8	static
Dcm_Dsp.c:1568:32:Dcm_DspInternal_DiagnosticSessionControl_SvcH	40	static
Dcm_Dsp.c:2237:32:Dcm_DspInternal_ECUReset_SvcH	16	static
Dcm_Dsp.c:2487:32:Dcm_DspInternal_HardReset_SSvcH	8	static
Dcm_Dsp.c:2708:32:Dcm_DspInternal_ClearDiagnosticInformation_SvcH	40	static
Dcm_Dsp.c:3124:22:Dcm_DspInternal_ShiftBitsInBuffer	36	static
Dcm_Dsp.c:3265:22:Dcm_DspInternal_CopySignalData	56	static
Dcm_Dsp.c:3415:32:Dcm_OBDSupport_UpdateAvailableInfoWithID	8	static
Dcm_Dsp.c:3463:32:Dcm_OBDSupport_CheckRequestCombinedIds	8	static
Dcm_Dsp.c:3503:32:Dcm_DspInternal_RequestConfirmedDTC_SvcH	16	static
Dcm_Dsp.c:3647:32:Dcm_DspInternal_ClearEmissionDiagInfo_SvcH	40	static
Dcm_Dsp.c:3755:32:Dcm_DspInternal_RequestPendingDTC_SvcH	16	static
Dcm_Dsp.c:3899:32:Dcm_DspInternal_RequestPermanentDTC_SvcH	16	static
Dcm_Dsp.c:4059:23:Dcm_Dsp_ProtocolProvideNextTxBuffer	8	static
Dcm_Dsp.c:4130:22:Dcm_Dsp_ProtocolStart	72	static
Dcm_Dsp.c:4277:23:Dcm_Dsp_ProtocolCancel	0	static
Dcm_Dsp.c:2887:27:Dcm_DspInternal_CancelPagedBufferProcessing	8	static
Dcm_Dsp.c:4042:22:Dcm_Dsp_ProtocolTransmissionTimedOutWaitingForData	0	static
Dcm_Dsp.c:4293:23:Dcm_Dsp_ProtocolSetUpCancellation	0	static
Dcm_Dsp.c:4399:50:Dcm_Dsp_GetCurrentHsmInfo	8	static
Dcm_Dsp.c:4604:23:Dcm_Dsp_ServiceProcessorInit	0	static
Dcm_Dsp.c:4619:23:Dcm_Dsp_ServiceProcessorReset	8	static
Dcm_Dsp.c:4307:23:Dcm_Dsp_CancellationDone	24	static
Dcm_Dsp.c:4099:23:Dcm_Dsp_ProtocolTransmissionFinished	32	static
Dcm_Dsp.c:1071:22:Dcm_DspInternal_SvcFunc	24	static
Dcm_Dsp.c:2852:22:Dcm_DspInternal_UpdatePage	16	static
Dcm_Dsp.c:2939:22:Dcm_DspInternal_DcmConfirmation	40	static
Dcm_Dsp.c:2906:27:Dcm_Dsp_ProtocolCancelProcessing	16	static
Dcm_Dsp.c:4631:23:Dcm_Dsp_Protocol_P2TimerTimeout	0	static
