Dcm_Dsp_DemFacade.c:4503:39:Dcm_DemFacade_GetSeverityFilteredDTC_Execute	40	static
Dcm_Dsp_DemFacade.c:3243:39:Dcm_DemFacade_EnableDTCRecordUpdate	16	static
Dcm_Dsp_DemFacade.c:594:22:Dcm_Dsp_DemFacade_Init	0	static
Dcm_Dsp_DemFacade.c:1270:22:Dcm_DspInternal_UpdateAmountOfFilledDataOnResponseBuffer	0	static
Dcm_Dsp_DemFacade.c:1297:22:Dcm_DspInternal_EnableProcessPage	0	static
Dcm_Dsp_DemFacade.c:4624:39:Dcm_DspInternal_ProcessEventDataResult	24	static
Dcm_Dsp_DemFacade.c:1355:59:Dcm_Dsp_DemFacade_GetClient	0	static
Dcm_Dsp_DemFacade.c:2533:39:Dcm_DemFacade_ReadEventDataRecord_Execute	40	static
Dcm_Dsp_DemFacade.c:615:32:Dcm_Dsp_DemFacade_GetDTCInfoBySelect_Process	40	static
Dcm_Dsp_DemFacade.c:4282:39:Dcm_DemFacade_GetFilteredDTC_Execute	40	static
Dcm_Dsp_DemFacade.c:1320:32:Dcm_Dsp_DemFacade_LockClient	8	static
Dcm_Dsp_DemFacade.c:1336:22:Dcm_Dsp_DemFacade_UnlockClient	8	static
Dcm_Dsp_DemFacade.c:1079:32:Dcm_Dsp_DemFacade_GetDTCInfoByFilter_Process	56	static
Dcm_Dsp_DemFacade.c:1387:32:Dcm_Dsp_DemFacade_ReadDataOfOBDFreezeFrame	0	static
Dcm_Dsp_DemFacade.c:1408:32:Dcm_Dsp_DemFacade_GetDTCOfOBDFreezeFrame	0	static
Dcm_Dsp_DemFacade.c:1794:49:Dcm_Dsp_DemFacade_ControlDTCSetting_Enable	8	static
Dcm_Dsp_DemFacade.c:1830:32:Dcm_Dsp_DemFacade_ControlDTCSetting_Disable	8	static
Dcm_Dsp_DemFacade.c:1869:32:Dcm_Dsp_DemFacade_ClearDTCInfo_Setup	24	static
Dcm_Dsp_DemFacade.c:1938:32:Dcm_Dsp_DemFacade_ClearDTCInfo_Process	16	static
Dcm_Dsp_DemFacade.c:2115:32:Dcm_Dsp_DemFacade_ClearDTCInfo_Cancel	8	static
