Dcm_Dsp_DidSignals.c:2173:39:Dcm_Dsp_DidSignals_EndianessConversion_CalculateSignalLength	0	static
Dcm_Dsp_DidSignals.c:497:54:Dcm_Dsp_DidSignals_GetDidSignalConfig	0	static
Dcm_Dsp_DidSignals.c:506:62:Dcm_Dsp_DidServices_GetDidSignalBuffer	8	static
Dcm_Dsp_DidSignals.c:527:22:Dcm_Dsp_DidSignals_GetDidDataConfig	16	static
Dcm_Dsp_DidSignals.c:651:22:Dcm_Dsp_DidSignals_SignalBufferContextNvM_Init	8	static
Dcm_Dsp_DidSignals.c:660:22:Dcm_Dsp_DidSignals_SignalBufferOperationsPoll	24	static
Dcm_Dsp_DidSignals.c:771:22:Dcm_Dsp_DidSignals_Endianness_Conversion	8	static
Dcm_Dsp_DidSignals.c:834:22:Dcm_Dsp_DidSignals_Read_Init	16	static
Dcm_Dsp_DidSignals.c:908:32:Dcm_Dsp_DidSignals_Read_Execute	64	static
Dcm_Dsp_DidSignals.c:893:22:Dcm_Dsp_DidSignals_Read_Cancel	0	static
Dcm_Dsp_DidSignals.c:1105:32:Dcm_Dsp_DidSignals_Write_Init	56	static
Dcm_Dsp_DidSignals.c:1243:32:Dcm_Dsp_DidSignals_Write_Execute	40	static
Dcm_Dsp_DidSignals.c:1230:22:Dcm_Dsp_DidSignals_Write_Cancel	0	static
