Dcm_Dsl_Supervisor.c:2100:30:Dcm_Dsl_Supervisor_ResetDiagnosticSession	8	static
Dcm_Dsl_Supervisor.c:224:22:Dcm_Dsl_Supervisor_Init	8	static
Dcm_Dsl_Supervisor.c:239:23:Dcm_Dsl_Supervisor_PreProcessingMainFunction	8	static
Dcm_Dsl_Supervisor.c:274:23:Dcm_Dsl_Supervisor_PostProcessingMainFunction	8	static
Dcm_Dsl_Supervisor.c:283:22:Dcm_Dsl_Supervisor_InhibitRequestProcessing	0	static
Dcm_Dsl_Supervisor.c:288:25:Dcm_Dsl_Supervisor_RequestProcessingInhibited	0	static
Dcm_Dsl_Supervisor.c:293:22:Dcm_Dsl_Supervisor_DisinhibitRequestProcessing	0	static
Dcm_Dsl_Supervisor.c:431:23:Dcm_Dsl_Supervisor_IncomingReception	40	static
Dcm_Dsl_Supervisor.c:453:23:Dcm_Dsl_Supervisor_AnnounceIncomingApplicationDiagnosticRequest	0	static
Dcm_Dsl_Supervisor.c:459:23:Dcm_Dsl_Supervisor_IncomingReceptionFinished	0	static
Dcm_Dsl_Supervisor.c:465:36:Dcm_Dsl_Supervisor_GetLatestExternalUDSProtocol	8	static
Dcm_Dsl_Supervisor.c:475:32:Dcm_Dsl_Supervisor_GetLatestExternalUDSProtocolConfig	0	static
Dcm_Dsl_Supervisor.c:487:39:Dcm_Dsl_Supervisor_GetProtocolGroupTypeForProtocol	0	static
Dcm_Dsl_Supervisor.c:498:40:Dcm_Dsl_Supervisor_GetProcessingProtocolIndex	40	static
Dcm_Dsl_Supervisor.c:1499:59:Dcm_Dsl_Supervisor_RxArbitrationTYPE1Request	40	static
Dcm_Dsl_Supervisor.c:299:37:Dcm_Dsl_Supervisor_RequestRxPermission	48	static
Dcm_Dsl_Supervisor.c:1870:30:Dcm_Dsl_Supervisor_ProcessTYPE1Request	88	static
Dcm_Dsl_Supervisor.c:583:56:Dcm_Dsl_Supervisor_GetProtocolRequestType	0	static
Dcm_Dsl_Supervisor.c:595:23:Dcm_Dsl_Supervisor_P2TimerTimeout	0	static
Dcm_Dsl_Supervisor.c:603:23:Dcm_Dsl_Supervisor_TransmissionFinished	8	static
Dcm_Dsl_Supervisor.c:636:23:Dcm_Dsl_Supervisor_ProcessRequest	80	static
Dcm_Dsl_Supervisor.c:833:50:Dcm_Dsl_Supervisor_IsSessionClearedToSwitch	0	static
Dcm_Dsl_Supervisor.c:844:23:Dcm_Dsl_Supervisor_ProtocolFree	8	static
Dcm_Dsl_Supervisor.c:856:23:Dcm_Dsl_Supervisor_ProcessingEnd	16	static
Dcm_Dsl_Supervisor.c:867:23:Dcm_Dsl_Supervisor_DefaultSessionEntered	0	static
Dcm_Dsl_Supervisor.c:877:39:Dcm_Dsl_Supervisor_GetProtocolIndexFromRxPduIdAndRequestType	0	static
Dcm_Dsl_Supervisor.c:903:23:Dcm_Dsl_Supervisor_EnqueueResetOfDiagnosticSession	0	static
