Dem.c:2079:22:Dem_PreInit	16	static
Dem.c:2126:22:Dem_Init	80	static
Dem.c:2701:22:Dem_ReportErrorStatus	24	static
Dem.c:3012:32:Dem_SetEventStatus	16	static
Dem.c:3086:32:Dem_ResetEventStatus	8	static
Dem.c:3222:32:Dem_ResetEventDebounceStatus	16	static
Dem.c:3304:32:Dem_PrestoreFreezeFrame	8	static
Dem.c:3394:32:Dem_ClearPrestoredFreezeFrame	8	static
Dem.c:3531:32:Dem_SetCycleQualified	40	static
Dem.c:4280:32:Dem_GetEventStatus	8	static
Dem.c:4337:32:Dem_GetEventFailed	8	static
Dem.c:4392:32:Dem_GetEventTested	8	static
Dem.c:4454:32:Dem_GetDTCOfEvent	8	static
Dem.c:4579:32:Dem_SetEnableCondition	24	static
Dem.c:4762:32:Dem_GetDebouncingOfEvent	8	static
Dem.c:4809:32:Dem_GetEventExtendedDataRecordEx	8	static
Dem.c:4866:32:Dem_GetEventFreezeFrameDataEx	8	static
Dem.c:4930:32:Dem_GetFaultDetectionCounter	16	static
Dem.c:4995:32:Dem_GetIndicatorStatus	16	static
Dem.c:5084:32:Dem_ASR42_GetEventFreezeFrameData	64	static
Dem.c:5054:32:Dem_GetEventFreezeFrameData	16	static
Dem.c:5269:32:Dem_GetEventExtendedDataRecord	64	static
Dem.c:5413:32:Dem_GetEventMemoryOverflow	8	static
Dem.c:5474:32:Dem_GetNumberOfEventMemoryEntries	16	static
Dem.c:5568:32:Dem_SetDTCSuppression	8	static
Dem.c:7563:22:Dem_InvalidateErrorQueueEntry	20	static
Dem.c:7604:46:Dem_ReadErrorQueueEntry	20	static
Dem.c:7651:25:Dem_WriteErrorQueueEntry	16	static
Dem.c:7716:25:Dem_CheckErrorQueueEntry	16	static
Dem.c:2885:22:Dem_ReportErrorStatusPreInit	32	static
Dem.c:7759:22:Dem_CheckErrorReQueueEntry	24	static
Dem.c:7819:25:Dem_CheckErrorQueueEntryForStatus	20	static
Dem.c:8206:25:Dem_SelectEntryOfOBDFreezeFrameEvent	56	static
Dem.c:8900:23:Dem_UpdateEventIdOccurKinds	24	static
Dem.c:10154:32:Dem_ReadExternalDataElement	0	static
Dem.c:8176:22:Dem_ProcessMultipleOBDFreezeFrameEntry	56	static
Dem.c:8307:22:Dem_ProcessEvent	88	static
Dem.c:5806:22:Dem_MainFunction	64	static
Dem.c:2434:22:Dem_Shutdown	56	static
Dem.c:11471:25:Dem_IncrementFailureCounter	24	static
Dem.c:12189:22:Dem_ProcessIndicatorOnCriteria	20	static
Dem.c:3459:32:Dem_SetOperationCycleState	48	static
