Dem_DcmIfStatusInfo.c:2050:32:Dem_ApplyDTCFilter	32	static
Dem_DcmIfStatusInfo.c:178:22:Dem_InitDTCFilter	0	static
Dem_DcmIfStatusInfo.c:191:22:Dem_InitRecordFilter	0	static
Dem_DcmIfStatusInfo.c:204:22:Dem_InitDTCMemoryFilter	0	static
Dem_DcmIfStatusInfo.c:218:32:Dem_SetDTCFilter	56	static
Dem_DcmIfStatusInfo.c:411:32:Dem_SetFreezeFrameRecordFilter	56	static
Dem_DcmIfStatusInfo.c:589:32:Dem_GetStatusOfDTC	40	static
Dem_DcmIfStatusInfo.c:685:32:Dem_GetDTCStatusAvailabilityMask	8	static
Dem_DcmIfStatusInfo.c:718:3:Dem_GetNumberOfFilteredDTC	48	static
Dem_DcmIfStatusInfo.c:863:32:Dem_GetNextFilteredDTC	48	static
Dem_DcmIfStatusInfo.c:1023:3:Dem_GetDTCByOccurrenceTime	16	static
Dem_DcmIfStatusInfo.c:1108:32:Dem_GetNextFilteredRecord	56	static
Dem_DcmIfStatusInfo.c:1326:32:Dem_GetNextFilteredDTCAndFDC	48	static
Dem_DcmIfStatusInfo.c:1433:3:Dem_GetNextFilteredDTCAndSeverity	64	static
Dem_DcmIfStatusInfo.c:1571:46:Dem_GetTranslationType	0	static
Dem_DcmIfStatusInfo.c:1587:3:Dem_GetSeverityOfDTC	40	static
Dem_DcmIfStatusInfo.c:1673:3:Dem_GetFunctionalUnitOfDTC	40	static
Dem_DcmIfStatusInfo.c:1757:32:Dem_DcmSetStoredDTCFilter	24	static
Dem_DcmIfStatusInfo.c:1909:32:Dem_DcmGetNextFilteredStoredDTC	32	static
