Dem_DcmIfAccess.c:761:32:Dem_DisableDTCSetting	16	static
Dem_DcmIfAccess.c:875:32:Dem_EnableDTCSetting	16	static
Dem_DcmIfAccess.c:992:22:Dem_InitEventReportVerifier	0	static
Dem_DcmIfAccess.c:1065:22:Dem_InitDTCSelector	8	static
Dem_DcmIfAccess.c:1193:22:Dem_GetDTCSelection	0	static
Dem_DcmIfAccess.c:1393:39:Dem_InternalClearDTC	40	static
Dem_DcmIfAccess.c:614:32:Dem_ClearDTC	24	static
Dem_DcmIfAccess.c:1210:22:Dem_SetDTCSelectionCriteria	32	static
Dem_DcmIfAccess.c:506:40:Dem_ASR42_ClearDTC	16	static
Dem_DcmIfAccess.c:1088:32:Dem_SelectDTC	40	static
Dem_DcmIfAccess.c:1357:25:Dem_IsDTCGroupValue	12	static
Dem_DcmIfAccess.c:665:22:Dem_ProcessClearDTC	72	static
Dem_DcmIfAccess.c:1254:41:Dem_DoDTCSelection	40	static
Dem_DcmIfAccess.c:1664:39:Dem_InternalGetDTCSelectionResult	32	static
Dem_DcmIfAccess.c:1162:32:Dem_GetDTCSelectionResult	0	static
Dem_DcmIfAccess.c:1178:32:Dem_GetDTCSelectionResultForClearDTC	0	static
