E2E_PXX_E2EXf.c:56:23:E2EXf_InPlaceTransPreCondCheck	0	static
E2E_PXX_E2EXf.c:90:23:E2EXf_OutOfPlaceTransPreCondCheck	8	static
E2E_PXX_E2EXf.c:125:22:E2EXf_InPlaceShiftUpperHeaderToLeft	0	static
E2E_PXX_E2EXf.c:143:22:E2EXf_CopyOutOfPlaceBuffer	24	static
E2E_PXX_E2EXf.c:166:22:E2EXf_Inv_InPlaceShiftUpperHeaderToRight	12	static
E2E_PXX_E2EXf.c:193:22:E2EXf_Inv_CopyOutOfPlaceBuffer	24	static
E2E_PXX_E2EXf.c:221:23:E2EXf_Inv_InPlaceTransPreCondCheck	8	static
E2E_PXX_E2EXf.c:255:23:E2EXf_Inv_OutOfPlaceTransPreCondCheck	12	static
E2E_PXX_E2EXf.c:290:23:E2EXf_Inv_SMCheck	16	static
