Eb_Intgr_CanTrcv_Specific_Init.c:44:6:Can_DummyDelay	32	static
Eb_Intgr_CanTrcv_Specific_Init.c:60:13:Can_CreatePduInfo	12	static
Eb_Intgr_CanTrcv_Specific_Init.c:72:16:Can_SendFrameAndWaitACK	8	static
Eb_Intgr_CanTrcv_Specific_Init.c:91:16:TJA1153_EnterConfigurationMode	0	static
Eb_Intgr_CanTrcv_Specific_Init.c:101:16:TJA1153_ConfigureStandardFilterAndMask	4	static
Eb_Intgr_CanTrcv_Specific_Init.c:121:16:TJA1153_ConfigureExtendedFilterAndMask	40	static
Eb_Intgr_CanTrcv_Specific_Init.c:154:16:TJA1153_ExitConfigurationlMode	0	static
Eb_Intgr_CanTrcv_Specific_Init.c:164:6:Eb_Intgr_CanTrcv_Device_Init	16	static
