Eb_Intgr_BswM_UserCallouts.c:795:28:Eb_Intgr_BswM_DriverInitThree	8	static
Eb_Intgr_BswM_UserCallouts.c:898:27:Eb_Intgr_BswM_TriggerMemoryStack	16	static
Eb_Intgr_BswM_UserCallouts.c:849:28:Eb_Intgr_BswM_InitNvMReadAll	16	static
Eb_Intgr_BswM_UserCallouts.c:890:28:Eb_Intgr_BswM_DeInitNvMWriteAll	8	static
Eb_Intgr_BswM_UserCallouts.c:919:29:Eb_Intgr_BswM_WaitMemDriverReady	8	static
Eb_Intgr_BswM_UserCallouts.c:555:28:Eb_Intgr_BswM_DriverInitTwo	8	static
Eb_Intgr_BswM_UserCallouts.c:943:28:Eb_Intgr_BswM_GoOffOneA	16	static
Eb_Intgr_BswM_UserCallouts.c:993:28:Eb_Intgr_BswM_GoOffOneB	16	static
Eb_Intgr_BswM_UserCallouts.c:1017:28:Eb_Intgr_BswM_RunTwo	0	static
