EcuM.c:3152:30:EcuM_WksIndicateStatus_NONE	16	static
EcuM.c:2938:30:EcuM_WakeupRestart	16	static
EcuM.c:2840:30:EcuM_GoSleep	16	static
EcuM.c:619:33:EcuM_GoDown	16	static
EcuM.c:796:33:EcuM_GoHalt	8	static
EcuM.c:952:33:EcuM_GoPoll	16	static
EcuM.c:1180:23:EcuM_StartupTwo	8	static
EcuM.c:1213:23:EcuM_Shutdown	8	static
EcuM.c:1356:33:EcuM_ASR40_SelectShutdownTarget	16	static
EcuM.c:1408:33:EcuM_ASR40_GetShutdownTarget	16	static
EcuM.c:1511:33:EcuM_ASR40_GetLastShutdownTarget	16	static
EcuM.c:1611:33:EcuM_ASR40_SelectShutdownCause	16	static
EcuM.c:1687:33:EcuM_ASR40_GetShutdownCause	8	static
EcuM.c:1734:33:EcuM_ASR40_GetMostRecentShutdown	32	static
EcuM.c:1815:33:EcuM_ASR40_GetNextRecentShutdown	32	static
EcuM.c:1906:40:EcuM_GetPendingWakeupEvents	16	static
EcuM.c:1935:23:EcuM_ClearWakeupEvent	16	static
EcuM.c:1976:40:EcuM_GetValidatedWakeupEvents	16	static
EcuM.c:2004:40:EcuM_GetExpiredWakeupEvents	16	static
EcuM.c:2037:23:EcuM_MainFunction	56	static
EcuM.c:2262:23:EcuM_SetWakeupEvent	24	static
EcuM.c:2345:23:EcuM_ValidateWakeupEvent	16	static
EcuM.c:2727:33:EcuM_IsValidConfig	8	static
EcuM.c:1131:23:EcuM_Init	24	static
