Devassert.h:85:20:DevAssert	8	static
FlexCAN_Ip_HwAccess.h:779:20:FlexCAN_ClearMsgBuffIntStatusFlag	0	static
FlexCAN_Ip_HwAccess.h:828:21:FlexCAN_GetBuffStatusFlag	0	static
FlexCAN_Ip_HwAccess.h:934:20:FlexCAN_SetFDTimeSegments	8	static
FlexCAN_Ip_HwAccess.h:962:20:FlexCAN_SetTimeSegments	8	static
FlexCAN_Ip_HwAccess.h:988:20:FlexCAN_SetExtendedTimeSegments	8	static
FlexCAN_Ip_HwAccess.h:1016:20:FlexCAN_SetEnhancedNominalTimeSegments	8	static
FlexCAN_Ip_HwAccess.h:1053:20:FlexCAN_SetEnhancedDataTimeSegments	8	static
FlexCAN_Ip_HwAccess.h:1442:23:FlexCAN_IsFreezeMode	0	static
FlexCAN_Ip.c:681:30:FlexCAN_StartRxMessageEnhancedFifoData	8	static
FlexCAN_Ip.c:1103:30:FlexCAN_StartRxMessageFifoData	32	static
FlexCAN_Ip.c:975:30:FlexCAN_StartRxMessageBufferData	24	static
FlexCAN_Ip.c:1023:30:FlexCAN_StartSendData	64	static
FlexCAN_Ip.c:1258:13:FlexCAN_IRQHandlerRxMB	128	static
FlexCAN_Ip.c:1612:13:FlexCAN_IRQHandlerEnhancedRxFIFO	104	static
FlexCAN_Ip.c:1432:20:FlexCAN_IRQHandlerRxFIFO	128	static
FlexCAN_Ip.c:895:30:FlexCAN_ProccessLegacyRxFIFO	48	static
FlexCAN_Ip_HwAccess.h:1360:21:FlexCAN_GetMsgBuffIntStatusFlag	0	static
FlexCAN_Ip.c:1876:23:FlexCAN_Ip_Init_Privileged	24	static
FlexCAN_Ip.c:1974:23:FlexCAN_Ip_Send	40	static
FlexCAN_Ip.c:2021:23:FlexCAN_Ip_ConfigRxMb	40	static
FlexCAN_Ip.c:2077:23:FlexCAN_Ip_Receive	32	static
FlexCAN_Ip.c:2113:23:FlexCAN_Ip_ReceiveBlocking	64	static
FlexCAN_Ip.c:2281:23:FlexCAN_Ip_RxFifo	24	static
FlexCAN_Ip.c:2321:23:FlexCAN_Ip_RxFifoBlocking	56	static
FlexCAN_Ip.c:2373:23:FlexCAN_Ip_ConfigRxFifo_Privileged	24	static
FlexCAN_Ip.c:2426:23:FlexCAN_Ip_ConfigEnhancedRxFifo_Privileged	24	static
FlexCAN_Ip.c:2483:23:FlexCAN_Ip_ConfigRemoteResponseMb	56	static
FlexCAN_Ip.c:2546:23:FlexCAN_Ip_GetTransferStatus	8	static
FlexCAN_Ip.c:2710:6:FlexCAN_IRQHandler	152	static
FlexCAN_Ip.c:2831:6:FlexCAN_Ip_ClearErrorStatus	8	static
FlexCAN_Ip.c:2850:8:FlexCAN_Ip_GetErrorStatus	8	static
FlexCAN_Ip.c:2868:7:FlexCAN_Ip_GetControllerTxErrorCounter	8	static
FlexCAN_Ip.c:2886:7:FlexCAN_Ip_GetControllerRxErrorCounter	8	static
FlexCAN_Ip.c:2906:6:FlexCAN_Busoff_Error_IRQHandler	24	static
FlexCAN_Ip.c:3195:23:FlexCAN_Ip_SendBlocking	56	static
FlexCAN_Ip.c:3290:23:FlexCAN_Ip_SetRxMbGlobalMask_Privileged	24	static
FlexCAN_Ip.c:3339:23:FlexCAN_Ip_EnterFreezeMode_Privileged	0	static
FlexCAN_Ip.c:3352:23:FlexCAN_Ip_ExitFreezeMode_Privileged	0	static
FlexCAN_Ip.c:3365:23:FlexCAN_Ip_SetRxIndividualMask_Privileged	24	static
FlexCAN_Ip.c:3424:23:FlexCAN_Ip_SetRxFifoGlobalMask_Privileged	24	static
FlexCAN_Ip.c:3472:23:FlexCAN_Ip_Deinit_Privileged	24	static
FlexCAN_Ip.c:3513:6:FlexCAN_Ip_MainFunctionRead	16	static
FlexCAN_Ip.c:3579:23:FlexCAN_Ip_MainFunctionBusOff_Privileged	16	static
FlexCAN_Ip.c:3615:6:FlexCAN_Ip_MainFunctionWrite	112	static
FlexCAN_Ip.c:3669:9:FlexCAN_Ip_GetStopMode_Privileged	0	static
FlexCAN_Ip.c:3682:9:FlexCAN_Ip_GetStartMode_Privileged	0	static
FlexCAN_Ip.c:3695:23:FlexCAN_Ip_SetStartMode_Privileged	8	static
FlexCAN_Ip.c:3718:23:FlexCAN_Ip_SetStopMode_Privileged	8	static
FlexCAN_Ip.c:3750:23:FlexCAN_Ip_SetRxMaskType_Privileged	24	static
FlexCAN_Ip.c:3806:23:FlexCAN_Ip_SetBitrate_Privileged	32	static
FlexCAN_Ip.c:3884:9:FlexCAN_Ip_GetBitrate	8	static
FlexCAN_Ip.c:3923:6:FlexCAN_Ip_ClearTDCFail	8	static
FlexCAN_Ip.c:3954:9:FlexCAN_Ip_GetTDCFail	8	static
FlexCAN_Ip.c:3983:7:FlexCAN_Ip_GetTDCValue	8	static
FlexCAN_Ip.c:4015:23:FlexCAN_Ip_SetBitrateCbt_Privileged	32	static
FlexCAN_Ip.c:4088:9:FlexCAN_Ip_GetBitrateFD	8	static
FlexCAN_Ip.c:4120:23:FlexCAN_Ip_SetTDCOffset_Privileged	24	static
FlexCAN_Ip.c:4188:23:FlexCAN_Ip_SetTxArbitrationStartDelay_Privileged	24	static
FlexCAN_Ip.c:4241:9:FlexCAN_Ip_GetBuffStatusFlag	8	static
FlexCAN_Ip.c:4268:6:FlexCAN_Ip_ClearBuffStatusFlag	8	static
FlexCAN_Ip.c:4295:23:FlexCAN_Ip_EnableInterrupts_Privileged	16	static
FlexCAN_Ip.c:4331:23:FlexCAN_Ip_DisableInterrupts_Privileged	16	static
FlexCAN_Ip.c:4367:23:FlexCAN_Ip_SetErrorInt_Privileged	32	static
FlexCAN_Ip.c:4460:23:FlexCAN_Ip_AbortTransfer	56	static
FlexCAN_Ip.c:4525:23:FlexCAN_Ip_SetRxMb14Mask_Privileged	24	static
FlexCAN_Ip.c:4567:23:FlexCAN_Ip_SetRxMb15Mask_Privileged	24	static
FlexCAN_Ip.c:4617:23:FlexCAN_Ip_SetListenOnlyMode_Privileged	24	static
FlexCAN_Ip.c:4669:9:FlexCAN_Ip_GetListenOnlyMode	0	static
FlexCAN_Ip.c:4894:23:FlexCAN_Ip_ManualBusOffRecovery	32	static
