Devassert.h:85:20:DevAssert	8	static
FlexCAN_Ip_HwAccess.c:919:14:FlexCAN_GetPayloadSize	0	static
FlexCAN_Ip_HwAccess.c:382:7:FlexCAN_ComputePayloadSize	0	static
FlexCAN_Ip_HwAccess.c:435:19:FlexCAN_GetMsgBuffRegion	24	static
FlexCAN_Ip_HwAccess.c:493:8:FlexCAN_GetMaxMbNum	0	static
FlexCAN_Ip_HwAccess.c:517:23:FlexCAN_EnterFreezeMode	24	static
FlexCAN_Ip_HwAccess.c:555:23:FlexCAN_Enable	24	static
FlexCAN_Ip_HwAccess.c:589:23:FlexCAN_ExitFreezeMode	24	static
FlexCAN_Ip_HwAccess.c:623:23:FlexCAN_Disable	24	static
FlexCAN_Ip_HwAccess.c:662:6:FlexCAN_SetErrIntCmd	16	static
FlexCAN_Ip_HwAccess.c:719:23:FlexCAN_Init	24	static
FlexCAN_Ip_HwAccess.c:811:23:FlexCAN_EnableRxFifo	16	static
FlexCAN_Ip_HwAccess.c:873:6:FlexCAN_SetPayloadSize	8	static
FlexCAN_Ip_HwAccess.c:948:7:FlexCAN_GetMbPayloadSize	16	static
FlexCAN_Ip_HwAccess.c:988:6:FlexCAN_LockRxMsgBuff	8	static
FlexCAN_Ip_HwAccess.c:1002:23:FlexCAN_SetMsgBuffIntCmd	24	static
FlexCAN_Ip_HwAccess.c:1126:6:FLEXCAN_ClearMsgBuffIntCmd	24	static
FlexCAN_Ip_HwAccess.c:1192:6:FlexCAN_DisableInterrupts	8	static
FlexCAN_Ip_HwAccess.c:1219:6:FlexCAN_EnableInterrupts	8	static
FlexCAN_Ip_HwAccess.c:1255:6:FlexCAN_SetRxMsgBuff	16	static
FlexCAN_Ip_HwAccess.c:1311:8:FlexCAN_GetMsgBuffTimestamp	8	static
FlexCAN_Ip_HwAccess.c:1340:6:FlexCAN_GetMsgBuff	32	static
FlexCAN_Ip_HwAccess.c:1447:6:FlexCAN_SetTxMsgBuff	24	static
FlexCAN_Ip_HwAccess.c:1564:23:FlexCAN_SetMaxMsgBuffNum	32	static
FlexCAN_Ip_HwAccess.c:1640:6:FlexCAN_SetOperationMode	0	static
FlexCAN_Ip_HwAccess.c:1669:6:FlexCAN_SetRxFifoFilter	24	static
FlexCAN_Ip_HwAccess.c:1882:6:FlexCAN_ReadRxFifo	16	static
FlexCAN_Ip_HwAccess.c:1972:6:FlexCAN_ReadEnhancedRxFifo	16	static
FlexCAN_Ip_HwAccess.c:2041:9:FlexCAN_IsMbOutOfRange	0	static
FlexCAN_Ip_HwAccess.c:2089:9:FlexCAN_IsEnhancedRxFifoAvailable	0	static
FlexCAN_Ip_HwAccess.c:2115:23:FlexCAN_EnableEnhancedRxFifo	16	static
FlexCAN_Ip_HwAccess.c:2175:6:FlexCAN_SetEnhancedRxFifoFilter	32	static
FlexCAN_Ip_HwAccess.c:2433:6:FlexCAN_ConfigCtrlOptions	0	static
FlexCAN_Ip_HwAccess.c:2562:6:FlexCAN_ResetImaskBuff	0	static
