NvM.c:2247:28:NvM_EraseNvBlock_Async	0	static
NvM.c:2199:28:NvM_InvalidateNvBlock_Async	0	static
NvM.c:2369:28:NvM_SetRamBlockStatus_Async_CalcCrc_End	8	static
NvM.c:2259:28:NvM_EraseNvBlock_Async_State1	8	static
NvM.c:2211:28:NvM_InvalidateNvBlock_Async_State1	8	static
NvM.c:2299:21:NvM_SetRamBlockStatus_Async_CalcCrc_Start	8	static
NvM.c:239:21:NvM_Init	16	static
NvM.c:326:21:NvM_MainFunction	24	static
NvM.c:820:32:NvM_ASR40_GetErrorStatus	8	static
NvM.c:884:32:NvM_ASR40_SetDataIndex	8	static
NvM.c:973:32:NvM_ASR40_GetDataIndex	8	static
NvM.c:1043:31:NvM_ASR40_EraseNvBlock	16	static
NvM.c:1200:31:NvM_ASR40_InvalidateNvBlock	16	static
NvM.c:1345:32:NvM_ASR40_SetBlockProtection	24	static
NvM.c:1435:32:NvM_ASR40_SetRamBlockStatus	24	static
NvM.c:1563:22:NvM_SetBlockLockStatus	16	static
NvM.c:1674:32:NvM_ASR40_CancelJobs	48	static
NvM.c:2148:21:NvM_JobEndNotification	0	static
NvM.c:2156:21:NvM_JobErrorNotification	0	static
