NvM_ReadBlock.c:933:21:NvM_ReadBlock_Async_Retry	0	static
NvM_ReadBlock.c:1011:21:NvM_ReadBlock_Async_StateError2	12	static
NvM_ReadBlock.c:328:21:NvM_ReadBlock_Async	8	static
NvM_ReadBlock.c:362:21:NvM_ReadPRAMBlock_Async	8	static
NvM_ReadBlock.c:467:21:NvM_ReadBlock_Async_State4	8	static
NvM_ReadBlock.c:1052:21:NvM_ReadBlock_Async_StateError3	4	static
NvM_ReadBlock.c:743:21:NvM_ReadBlock_Async_State10	24	static
NvM_ReadBlock.c:766:21:NvM_ReadBlock_Async_State12	8	static
NvM_ReadBlock.c:957:21:NvM_ReadBlock_Async_StateError1	8	static
NvM_ReadBlock.c:168:21:NvM_InitStoredCrcBuf	0	static
NvM_ReadBlock.c:181:31:NvM_ASR40_ReadBlock	16	static
NvM_ReadBlock.c:255:31:NvM_ASR42_ReadPRAMBlock	16	static
NvM_ReadBlock.c:452:21:NvM_ReadBlock_Async_State2	0	static
NvM_ReadBlock.c:398:21:NvM_ReadBlock_Async_State0	16	static
NvM_ReadBlock.c:475:21:NvM_ReadBlock_Async_State5	32	static
NvM_ReadBlock.c:558:21:NvM_ReadBlock_Async_State6	40	static
