NvM_ReadAll.c:303:21:NvM_ReadAll_Async	0	static
NvM_ReadAll.c:314:21:NvM_ReadAll_Async_State0	8	static
NvM_ReadAll.c:276:28:NvM_ForceForWriteAll	8	static
NvM_ReadAll.c:355:28:NvM_ReadAll_Async_State1	16	static
NvM_ReadAll.c:508:21:NvM_ReadAll_Async_State5	32	static
NvM_ReadAll.c:732:28:NvM_ReadAll_Async_State7	8	static
NvM_ReadAll.c:759:28:NvM_ReadAll_Async_State8	16	static
NvM_ReadAll.c:152:28:NvM_ReadAll_ReCalcCrc	16	static
NvM_ReadAll.c:683:28:NvM_ReadAll_Async_State6	8	static
NvM_ReadAll.c:205:21:NvM_ReadAll	8	static
