NvM_RestoreBlockDefaults.c:324:21:NvM_RestoreBlockDefaults_AscSt2	8	static
NvM_RestoreBlockDefaults.c:359:21:NvM_RestoreBlockDefaults_AscSt4	8	static
NvM_RestoreBlockDefaults.c:333:21:NvM_RestoreBlockDefaults_AscSt3	8	static
NvM_RestoreBlockDefaults.c:87:31:NvM_ASR40_RestoreBlockDefaults	16	static
NvM_RestoreBlockDefaults.c:116:31:NvM_ASR42_RestorePRAMBlockDefaults	16	static
NvM_RestoreBlockDefaults.c:142:21:NvM_RestoreBlockDefaults_Asc	8	static
NvM_RestoreBlockDefaults.c:176:21:NvM_RestorePRAMBlockDefaults_Asc	8	static
NvM_RestoreBlockDefaults.c:224:21:NvM_RestoreBlockDefaults_AscSt1	24	static
NvM_RestoreBlockDefaults.c:213:21:NvM_RestoreBlockDefaults_AscSt0	0	static
