Rte.c:3646:45:Rte_InvXfrm_BaseTrans_Profile_5_sigGroup_E2EProt_DataIn_SWC_E2ESafety_R_E2E_SafeData	32	static
Rte.c:287:23:Rte_Mode_BswM_ModeNotificationPort_BswM_ModeReqPort_AppState_AppStateMode	16	static
Rte.c:302:32:Rte_Write_BswM_BswM_ModeRequestPort_BswMRteModeRequestPort_AppStateMode_If_AppStateRequestMode	8	static
Rte.c:318:32:Rte_Switch_BswM_BswM_ModeSwitchPort_BswM_SwitchPort_Rte_CurrentMode	24	static
Rte.c:359:32:Rte_Call_Dcm_SecurityAccess_Level_1_GetSeed	4	static
Rte.c:382:32:Rte_Call_Dcm_SecurityAccess_Level_1_CompareKey	0	static
Rte.c:405:32:Rte_Call_Dcm_SecurityAccess_Level_3_GetSeed	4	static
Rte.c:428:32:Rte_Call_Dcm_SecurityAccess_Level_3_CompareKey	0	static
Rte.c:451:32:Rte_Call_Dcm_InfotypeServices_Service09_VinMessageCount_GetInfotypeValueData	0	static
Rte.c:474:32:Rte_Call_Dcm_InfotypeServices_Service09_VehicleIdentificationNumber_GetInfotypeValueData	0	static
Rte.c:497:32:Rte_Call_Dcm_ServiceRequestManufacturerNotification_DcmDslServiceRequestManufacturerNotification_0_Indication	8	static
Rte.c:520:32:Rte_Call_Dcm_ServiceRequestManufacturerNotification_DcmDslServiceRequestManufacturerNotification_0_Confirmation	4	static
Rte.c:543:32:Rte_Call_Dcm_ServiceRequestSupplierNotification_DcmDslServiceRequestSupplierNotification_0_Indication	8	static
Rte.c:566:32:Rte_Call_Dcm_ServiceRequestSupplierNotification_DcmDslServiceRequestSupplierNotification_0_Confirmation	4	static
Rte.c:589:32:Rte_Call_Dcm_RoutineServices_DIAGNOSTIC_LOOPBACK_Start	4	static
Rte.c:612:32:Rte_Call_Dcm_RoutineServices_DIAGNOSTIC_TRIGGER_DTC_Start	4	static
Rte.c:635:32:Rte_Call_Dem_CBReadData_DemExternalCSDataElementClass_Session_ReadData	0	static
Rte.c:658:32:Rte_Call_Dem_CBReadData_DemExternalCSDataElementClass_ExtDataRec_0x01_ReadData	0	static
Rte.c:681:32:Rte_Call_Dem_SetClearDTC_master_SetClearDTC	0	static
Rte.c:704:32:Rte_Receive_SWC_E2ESafety_R_E2E_SafeData_E2EProt_Data	32	static
Rte.c:764:32:Rte_Send_SWC_E2ESafety_P_E2E_SafeData_E2EProt_Data	24	static
Rte.c:823:32:Rte_Call_SecOC_PS_RxFreshnessManagement_GetRxFreshness	4	static
Rte.c:846:32:Rte_Call_SecOC_PS_TxFreshnessManagement_GetTxFreshness	0	static
Rte.c:869:32:Rte_Call_SecOC_PS_TxFreshnessManagement_SPduTxConfirmation	0	static
Rte.c:892:32:Rte_Switch_SWC_AppStateHandler_AppState_AppStateMode	16	static
Rte.c:933:23:Rte_Mode_SWC_AppStateHandler_AppState_AppStateMode	0	static
Rte.c:941:23:Rte_IrvRead_SWC_CyclicCounter_Cyclic_CurrentCounterValue	0	static
Rte.c:952:22:Rte_IrvWrite_SWC_CyclicCounter_Cyclic_CurrentCounterValue	0	static
Rte.c:961:32:Rte_Write_SWC_CyclicCounter_P_CounterOut_CounterValue	16	static
Rte.c:983:32:Rte_Receive_SWC_CyclicCounter_R_SpecialHandling_EventMessage	24	static
Rte.c:1012:32:Rte_Call_SWC_CyclicCounter_R_CyclicCounterDet_ReportError	0	static
Rte.c:1035:32:Rte_Call_SWC_CyclicCounter_R_MyLED_SetDiscreteValue	8	static
Rte.c:1058:32:Rte_Call_SWC_CyclicCounter_UR_ComMUser_0_RequestComMode	0	static
Rte.c:1067:23:Rte_IrvRead_SWC_CyclicCounter_Cyclic_FD_CurrentCounterValue_FD	0	static
Rte.c:1078:22:Rte_IrvWrite_SWC_CyclicCounter_Cyclic_FD_CurrentCounterValue_FD	0	static
Rte.c:1087:32:Rte_Write_SWC_CyclicCounter_P_CounterOut_FD_CounterValue_FD	24	static
Rte.c:1109:22:Rte_IrvWrite_SWC_CyclicCounter_Init_CurrentCounterValue	0	static
Rte.c:1118:23:Rte_CData_SWC_CyclicCounter_PrmCounterValue	0	static
Rte.c:1126:23:Rte_IrvRead_SWC_CyclicCounter_SetCounter_CurrentCounterValue	0	static
Rte.c:1137:22:Rte_IrvWrite_SWC_CyclicCounter_SetCounter_CurrentCounterValue	0	static
Rte.c:1146:23:Rte_IrvRead_SWC_CyclicCounter_SetCounter_FD_CurrentCounterValue_FD	0	static
Rte.c:1157:22:Rte_IrvWrite_SWC_CyclicCounter_SetCounter_FD_CurrentCounterValue_FD	0	static
Rte.c:1166:23:Rte_IrvRead_SWC_CyclicCounter_Shutdown_CurrentCounterValue	0	static
Rte.c:1177:32:Rte_Call_SWC_CyclicCounter_PS_PersistentCounterValue_SetRamBlockStatus	0	static
Rte.c:1200:32:Rte_Send_SWC_ModifyEcho_P_SpecialRequest_EventMessage	16	static
Rte.c:1234:32:Rte_Read_SWC_ModifyEcho_R_NewCounterIn_CounterValue	0	static
Rte.c:1245:32:Rte_Call_SWC_ModifyEcho_R_EchoResult_SetCounterAndAdd	8	static
Rte.c:1268:32:Rte_Read_SWC_ModifyEcho_R_NewCounterIn_FD_CounterValue_FD	0	static
Rte.c:1279:32:Rte_Call_SWC_ModifyEcho_R_EchoResult_FD_SetCounterAndAdd_FD	8	static
Rte.c:1302:32:Rte_Call_ServiceSwComponentDcm_DTC_0x000002_Event_SetEventStatus	0	static
Rte.c:1325:32:Rte_Call_ServiceSwComponentDcm_DTC_0x000001_Event_SetEventStatus	0	static
Rte.c:1348:32:Rte_Call_ServiceSwComponentDcm_Permanent_DTC_Event_SetEventStatus	0	static
Rte.c:1371:32:Rte_Call_ServiceSwComponentDcm_USER_DEFINE_MEMORY_Event_SetEventStatus	0	static
Rte.c:1394:32:Rte_Read_SWC_Secured_R_SecuredData_CounterValue	0	static
Rte.c:1801:32:SchM_Switch_Dcm_DcmDiagnosticSessionControl	24	static
Rte.c:1839:32:SchM_Switch_Dcm_DcmEcuReset	24	static
Rte.c:1877:32:SchM_Switch_Dcm_DcmRapidPowerShutdown	0	static
Rte.c:1883:32:SchM_Switch_Dcm_DcmCommunicationControl_CanNetwork	24	static
Rte.c:1921:32:SchM_Switch_Dcm_DcmControlDTCSetting	0	static
Rte.c:1927:32:SchM_Switch_Dcm_DcmResponseOnEvent_0	24	static
Rte.c:1989:22:SchM_Enter_Com_SCHM_COM_EXCLUSIVE_AREA_0	0	static
Rte.c:1405:22:SchM_Enter_SecOC_SCHM_SECOC_EXCLUSIVE_AREA_0	0	static
Rte.c:1417:22:SchM_Enter_SecOC_SCHM_SECOC_EXCLUSIVE_AREA_1	0	static
Rte.c:1429:22:SchM_Enter_Port_PORT_EXCLUSIVE_AREA_00	0	static
Rte.c:1441:22:SchM_Enter_Port_PORT_EXCLUSIVE_AREA_01	0	static
Rte.c:1453:22:SchM_Enter_Port_PORT_EXCLUSIVE_AREA_02	0	static
Rte.c:1465:22:SchM_Enter_Port_PORT_EXCLUSIVE_AREA_03	0	static
Rte.c:1477:22:SchM_Enter_Port_PORT_EXCLUSIVE_AREA_04	0	static
Rte.c:1489:22:SchM_Enter_Port_PORT_EXCLUSIVE_AREA_05	0	static
Rte.c:1501:22:SchM_Enter_Port_PORT_EXCLUSIVE_AREA_06	0	static
Rte.c:1513:22:SchM_Enter_Port_PORT_EXCLUSIVE_AREA_07	0	static
Rte.c:1525:22:SchM_Enter_Port_PORT_EXCLUSIVE_AREA_08	0	static
Rte.c:1537:22:SchM_Enter_Port_PORT_EXCLUSIVE_AREA_09	0	static
Rte.c:1549:22:SchM_Enter_Port_PORT_EXCLUSIVE_AREA_10	0	static
Rte.c:1561:22:SchM_Enter_NvM_SCHM_NVM_EXCLUSIVE_AREA_0	0	static
Rte.c:1573:22:SchM_Enter_Nm_SCHM_NM_EXCLUSIVE_AREA_0	0	static
Rte.c:1585:22:SchM_Enter_Mcu_MCU_EXCLUSIVE_AREA_00	0	static
Rte.c:1597:22:SchM_Enter_Mcu_MCU_EXCLUSIVE_AREA_01	0	static
Rte.c:1609:22:SchM_Enter_Mcu_MCU_EXCLUSIVE_AREA_02	0	static
Rte.c:1621:22:SchM_Enter_Fls_FLS_EXCLUSIVE_AREA_10	0	static
Rte.c:1633:22:SchM_Enter_Fls_FLS_EXCLUSIVE_AREA_11	0	static
Rte.c:1645:22:SchM_Enter_Fls_FLS_EXCLUSIVE_AREA_12	0	static
Rte.c:1657:22:SchM_Enter_Fls_FLS_EXCLUSIVE_AREA_13	0	static
Rte.c:1669:22:SchM_Enter_Fls_FLS_EXCLUSIVE_AREA_14	0	static
Rte.c:1681:22:SchM_Enter_Fee_FEE_EXCLUSIVE_AREA_00	0	static
Rte.c:1693:22:SchM_Enter_Fee_FEE_EXCLUSIVE_AREA_01	0	static
Rte.c:1705:22:SchM_Enter_Fee_FEE_EXCLUSIVE_AREA_02	0	static
Rte.c:1717:22:SchM_Enter_Fee_FEE_EXCLUSIVE_AREA_03	0	static
Rte.c:1729:22:SchM_Enter_EcuM_SCHM_ECUM_EXCLUSIVE_AREA_0	0	static
Rte.c:1741:22:SchM_Enter_Dio_DIO_EXCLUSIVE_AREA_00	0	static
Rte.c:1753:22:SchM_Enter_Dio_DIO_EXCLUSIVE_AREA_01	0	static
Rte.c:1765:22:SchM_Enter_Det_SCHM_DET_EXCLUSIVE_AREA_0	0	static
Rte.c:1777:22:SchM_Enter_Dem_SCHM_DEM_EXCLUSIVE_AREA_0	0	static
Rte.c:1789:22:SchM_Enter_Dcm_SCHM_DCM_EXCLUSIVE_AREA_0	0	static
Rte.c:1965:22:SchM_Enter_Csm_SCHM_CSM_EXCLUSIVE_AREA_0	0	static
Rte.c:1977:22:SchM_Enter_Crypto_SCHM_CRYPTO_EXCLUSIVE_AREA_DRIVEROBJECT	0	static
Rte.c:1995:22:SchM_Exit_Com_SCHM_COM_EXCLUSIVE_AREA_0	0	static
Rte.c:1411:22:SchM_Exit_SecOC_SCHM_SECOC_EXCLUSIVE_AREA_0	0	static
Rte.c:1423:22:SchM_Exit_SecOC_SCHM_SECOC_EXCLUSIVE_AREA_1	0	static
Rte.c:1435:22:SchM_Exit_Port_PORT_EXCLUSIVE_AREA_00	0	static
Rte.c:1447:22:SchM_Exit_Port_PORT_EXCLUSIVE_AREA_01	0	static
Rte.c:1459:22:SchM_Exit_Port_PORT_EXCLUSIVE_AREA_02	0	static
Rte.c:1471:22:SchM_Exit_Port_PORT_EXCLUSIVE_AREA_03	0	static
Rte.c:1483:22:SchM_Exit_Port_PORT_EXCLUSIVE_AREA_04	0	static
Rte.c:1495:22:SchM_Exit_Port_PORT_EXCLUSIVE_AREA_05	0	static
Rte.c:1507:22:SchM_Exit_Port_PORT_EXCLUSIVE_AREA_06	0	static
Rte.c:1519:22:SchM_Exit_Port_PORT_EXCLUSIVE_AREA_07	0	static
Rte.c:1531:22:SchM_Exit_Port_PORT_EXCLUSIVE_AREA_08	0	static
Rte.c:1543:22:SchM_Exit_Port_PORT_EXCLUSIVE_AREA_09	0	static
Rte.c:1555:22:SchM_Exit_Port_PORT_EXCLUSIVE_AREA_10	0	static
Rte.c:1567:22:SchM_Exit_NvM_SCHM_NVM_EXCLUSIVE_AREA_0	0	static
Rte.c:1579:22:SchM_Exit_Nm_SCHM_NM_EXCLUSIVE_AREA_0	0	static
Rte.c:1591:22:SchM_Exit_Mcu_MCU_EXCLUSIVE_AREA_00	0	static
Rte.c:1603:22:SchM_Exit_Mcu_MCU_EXCLUSIVE_AREA_01	0	static
Rte.c:1615:22:SchM_Exit_Mcu_MCU_EXCLUSIVE_AREA_02	0	static
Rte.c:1627:22:SchM_Exit_Fls_FLS_EXCLUSIVE_AREA_10	0	static
Rte.c:1639:22:SchM_Exit_Fls_FLS_EXCLUSIVE_AREA_11	0	static
Rte.c:1651:22:SchM_Exit_Fls_FLS_EXCLUSIVE_AREA_12	0	static
Rte.c:1663:22:SchM_Exit_Fls_FLS_EXCLUSIVE_AREA_13	0	static
Rte.c:1675:22:SchM_Exit_Fls_FLS_EXCLUSIVE_AREA_14	0	static
Rte.c:1687:22:SchM_Exit_Fee_FEE_EXCLUSIVE_AREA_00	0	static
Rte.c:1699:22:SchM_Exit_Fee_FEE_EXCLUSIVE_AREA_01	0	static
Rte.c:1711:22:SchM_Exit_Fee_FEE_EXCLUSIVE_AREA_02	0	static
Rte.c:1723:22:SchM_Exit_Fee_FEE_EXCLUSIVE_AREA_03	0	static
Rte.c:1735:22:SchM_Exit_EcuM_SCHM_ECUM_EXCLUSIVE_AREA_0	0	static
Rte.c:1747:22:SchM_Exit_Dio_DIO_EXCLUSIVE_AREA_00	0	static
Rte.c:1759:22:SchM_Exit_Dio_DIO_EXCLUSIVE_AREA_01	0	static
Rte.c:1771:22:SchM_Exit_Det_SCHM_DET_EXCLUSIVE_AREA_0	0	static
Rte.c:1783:22:SchM_Exit_Dem_SCHM_DEM_EXCLUSIVE_AREA_0	0	static
Rte.c:1795:22:SchM_Exit_Dcm_SCHM_DCM_EXCLUSIVE_AREA_0	0	static
Rte.c:1971:22:SchM_Exit_Csm_SCHM_CSM_EXCLUSIVE_AREA_0	0	static
Rte.c:1983:22:SchM_Exit_Crypto_SCHM_CRYPTO_EXCLUSIVE_AREA_DRIVEROBJECT	0	static
Rte.c:2001:22:SchM_Enter_Com_SCHM_COM_EXCLUSIVE_AREA_1	0	static
Rte.c:2007:22:SchM_Exit_Com_SCHM_COM_EXCLUSIVE_AREA_1	0	static
Rte.c:2013:22:SchM_Enter_ComM_SCHM_COMM_EXCLUSIVE_AREA_0	0	static
Rte.c:2019:22:SchM_Exit_ComM_SCHM_COMM_EXCLUSIVE_AREA_0	0	static
Rte.c:2025:22:SchM_Enter_Can_CAN_EXCLUSIVE_AREA_00	0	static
Rte.c:2031:22:SchM_Exit_Can_CAN_EXCLUSIVE_AREA_00	0	static
Rte.c:2037:22:SchM_Enter_Can_CAN_EXCLUSIVE_AREA_01	0	static
Rte.c:2043:22:SchM_Exit_Can_CAN_EXCLUSIVE_AREA_01	0	static
Rte.c:2049:22:SchM_Enter_Can_CAN_EXCLUSIVE_AREA_02	0	static
Rte.c:2055:22:SchM_Exit_Can_CAN_EXCLUSIVE_AREA_02	0	static
Rte.c:2061:22:SchM_Enter_Can_CAN_EXCLUSIVE_AREA_03	0	static
Rte.c:2067:22:SchM_Exit_Can_CAN_EXCLUSIVE_AREA_03	0	static
Rte.c:2073:22:SchM_Enter_Can_CAN_EXCLUSIVE_AREA_04	0	static
Rte.c:2079:22:SchM_Exit_Can_CAN_EXCLUSIVE_AREA_04	0	static
Rte.c:2085:22:SchM_Enter_Can_CAN_EXCLUSIVE_AREA_05	0	static
Rte.c:2091:22:SchM_Exit_Can_CAN_EXCLUSIVE_AREA_05	0	static
Rte.c:2097:22:SchM_Enter_Can_CAN_EXCLUSIVE_AREA_06	0	static
Rte.c:2103:22:SchM_Exit_Can_CAN_EXCLUSIVE_AREA_06	0	static
Rte.c:2109:22:SchM_Enter_Can_CAN_EXCLUSIVE_AREA_07	0	static
Rte.c:2115:22:SchM_Exit_Can_CAN_EXCLUSIVE_AREA_07	0	static
Rte.c:2121:22:SchM_Enter_Can_CAN_EXCLUSIVE_AREA_08	0	static
Rte.c:2127:22:SchM_Exit_Can_CAN_EXCLUSIVE_AREA_08	0	static
Rte.c:2133:22:SchM_Enter_Can_CAN_EXCLUSIVE_AREA_09	0	static
Rte.c:2139:22:SchM_Exit_Can_CAN_EXCLUSIVE_AREA_09	0	static
Rte.c:2145:22:SchM_Enter_Can_CAN_EXCLUSIVE_AREA_10	0	static
Rte.c:2151:22:SchM_Exit_Can_CAN_EXCLUSIVE_AREA_10	0	static
Rte.c:2157:22:SchM_Enter_Can_CAN_EXCLUSIVE_AREA_11	0	static
Rte.c:2163:22:SchM_Exit_Can_CAN_EXCLUSIVE_AREA_11	0	static
Rte.c:2169:22:SchM_Enter_Can_CAN_EXCLUSIVE_AREA_12	0	static
Rte.c:2175:22:SchM_Exit_Can_CAN_EXCLUSIVE_AREA_12	0	static
Rte.c:2181:22:SchM_Enter_Can_CAN_EXCLUSIVE_AREA_13	0	static
Rte.c:2187:22:SchM_Exit_Can_CAN_EXCLUSIVE_AREA_13	0	static
Rte.c:2193:22:SchM_Enter_Can_CAN_EXCLUSIVE_AREA_14	0	static
Rte.c:2199:22:SchM_Exit_Can_CAN_EXCLUSIVE_AREA_14	0	static
Rte.c:2205:22:SchM_Enter_Can_CAN_EXCLUSIVE_AREA_15	0	static
Rte.c:2211:22:SchM_Exit_Can_CAN_EXCLUSIVE_AREA_15	0	static
Rte.c:2217:22:SchM_Enter_Can_CAN_EXCLUSIVE_AREA_16	0	static
Rte.c:2223:22:SchM_Exit_Can_CAN_EXCLUSIVE_AREA_16	0	static
Rte.c:2229:22:SchM_Enter_Can_CAN_EXCLUSIVE_AREA_17	0	static
Rte.c:2235:22:SchM_Exit_Can_CAN_EXCLUSIVE_AREA_17	0	static
Rte.c:2241:22:SchM_Enter_Can_CAN_EXCLUSIVE_AREA_18	0	static
Rte.c:2247:22:SchM_Exit_Can_CAN_EXCLUSIVE_AREA_18	0	static
Rte.c:2253:22:SchM_Enter_Can_CAN_EXCLUSIVE_AREA_19	0	static
Rte.c:2259:22:SchM_Exit_Can_CAN_EXCLUSIVE_AREA_19	0	static
Rte.c:2265:22:SchM_Enter_Can_CAN_EXCLUSIVE_AREA_20	0	static
Rte.c:2271:22:SchM_Exit_Can_CAN_EXCLUSIVE_AREA_20	0	static
Rte.c:2277:22:SchM_Enter_CanTp_SCHM_CANTP_EXCLUSIVE_AREA_0	0	static
Rte.c:2283:22:SchM_Exit_CanTp_SCHM_CANTP_EXCLUSIVE_AREA_0	0	static
Rte.c:2289:22:SchM_Enter_CanSM_SCHM_CANSM_EXCLUSIVE_AREA_0	0	static
Rte.c:2295:22:SchM_Exit_CanSM_SCHM_CANSM_EXCLUSIVE_AREA_0	0	static
Rte.c:2301:22:SchM_Enter_CanNm_SCHM_CANNM_EXCLUSIVE_AREA_0	0	static
Rte.c:2307:22:SchM_Exit_CanNm_SCHM_CANNM_EXCLUSIVE_AREA_0	0	static
Rte.c:2313:22:SchM_Enter_CanIf_SCHM_CANIF_EXCLUSIVE_AREA_0	0	static
Rte.c:2319:22:SchM_Exit_CanIf_SCHM_CANIF_EXCLUSIVE_AREA_0	0	static
Rte.c:2325:23:SchM_Mode_BswM_BswM_ModeNotificationPort_BswM_ModeReqPort_DcmCommunicationControl	0	static
Rte.c:2330:23:SchM_Mode_BswM_BswM_ModeNotificationPort_BswM_ModeReqPort_DcmDiagnosticSessionControl	0	static
Rte.c:2335:23:SchM_Mode_BswM_BswM_ModeNotificationPort_BswM_ModeReqPort_DcmResponseOnEvent	0	static
Rte.c:2340:23:SchM_Mode_BswM_BswM_ModeNotificationPort_BswM_ModeReqPort_Dcm_ResetModeRequest	0	static
Rte.c:2345:22:SchM_Enter_BswM_SCHM_BSWM_EXCLUSIVE_AREA	0	static
Rte.c:2351:22:SchM_Exit_BswM_SCHM_BSWM_EXCLUSIVE_AREA	0	static
Rte.c:2421:1:OS_TASK_SchMComTask_5ms	8	static
Rte.c:2473:1:OS_TASK_SchMComTask_10ms	8	static
Rte.c:2503:1:OS_TASK_SchMMemTask_10ms	8	static
Rte.c:2529:1:OS_TASK_SchMDiagStateTask_20ms	8	static
Rte.c:3289:22:Rte_COMCbk_SGCounterIn_CAN_FD_257R	16	static
Rte.c:3308:22:Rte_COMCbk_SGCounterIn_256R	16	static
Rte.c:3327:22:Rte_COMCbk_SGSecuredDataIn_281R	16	static
Rte.c:3346:22:Rte_COMCbk_GRsigGroup_E2EProt_DataIn_280R	24	static
Rte.c:3386:32:Rte_Start	32	static
Rte.c:3475:32:Rte_Stop	24	static
Rte.c:3503:22:SchM_Init	24	static
Rte.c:3613:22:SchM_Deinit	8	static
Rte.c:3628:28:Rte_WaitGetClearEvent	16	static
Rte.c:2357:1:OS_TASK_Rte_Time_Task	16	static
Rte.c:2571:1:OS_TASK_Rte_Event_Task	64	static
Rte.c:2844:1:OS_TASK_TASK_RTE_ModeSwitchEvent	40	static
