SecOC_Rx.c:1865:31:SecOC_Rx_ResetSm.isra.0	16	static
SecOC_Rx.c:1707:31:SecOC_Rx_StateRetryToObtainFreshness	48	static
SecOC_Rx.c:1507:31:SecOC_Rx_StateCheckVerificationResult	16	static
SecOC_Rx.c:1627:31:SecOC_Rx_StateBroadcastPdu	16	static
SecOC_Rx.c:1282:31:SecOC_Rx_StateVerification	40	static
SecOC_Rx.c:1113:31:SecOC_Rx_StateConstructDataToAuthenticator	56	static
SecOC_Rx.c:1024:31:SecOC_Rx_StateIdle	32	static
SecOC_Rx.c:393:24:SecOC_Rx_Init	8	static
SecOC_Rx.c:504:24:SecOC_Rx_DeInit	0	static
SecOC_Rx.c:539:24:SecOC_Rx_ProcessPduStates	16	static
SecOC_Rx.c:628:34:SecOC_Rx_VerifyStatusOverride_43	40	static
