SecOC_Tx.c:1062:31:SecOC_Tx_StateWaitForConfirmation	8	static
SecOC_Tx.c:1662:31:SecOC_Tx_ShiftLeft	20	static
SecOC_Tx.c:1128:31:SecOC_Tx_ResetSm	16	static
SecOC_Tx.c:968:31:SecOC_Tx_StateBroadcastPdu	16	static
SecOC_Tx.c:906:31:SecOC_Tx_StateConstructPdu	48	static
SecOC_Tx.c:753:31:SecOC_Tx_StateAuthentication	32	static
SecOC_Tx.c:611:31:SecOC_Tx_StateGetFreshness	32	static
SecOC_Tx.c:498:31:SecOC_Tx_StateIdle	16	static
SecOC_Tx.c:278:24:SecOC_Tx_Init	8	static
SecOC_Tx.c:362:24:SecOC_Tx_DeInit	0	static
SecOC_Tx.c:398:24:SecOC_Tx_ProcessPduStates	16	static
