Siul2_Dio_Ip.c:162:22:Siul2_Dio_Ip_Rev_Bit_16	12	static
Siul2_Dio_Ip.c:186:6:Siul2_Dio_Ip_WritePin	16	static
Siul2_Dio_Ip.c:215:6:Siul2_Dio_Ip_WritePins	8	static
Siul2_Dio_Ip.c:232:30:Siul2_Dio_Ip_GetPinsOutput	0	static
Siul2_Dio_Ip.c:251:6:Siul2_Dio_Ip_SetPins	8	static
Siul2_Dio_Ip.c:269:6:Siul2_Dio_Ip_ClearPins	8	static
Siul2_Dio_Ip.c:286:6:Siul2_Dio_Ip_TogglePins	8	static
Siul2_Dio_Ip.c:302:30:Siul2_Dio_Ip_ReadPins	0	static
Siul2_Dio_Ip.c:320:28:Siul2_Dio_Ip_ReadPin	8	static
Siul2_Dio_Ip.c:340:6:Siul2_Dio_Ip_MaskedWritePins	24	static
