TSMem.c:489:23:TS_MemCpy32	16	static
TSMem.c:536:23:TS_MemSet32	16	static
TSMem.c:588:23:TS_MemBZero32	12	static
TSMem.c:632:33:TS_MemCmp32	12	static
TSMem.c:933:23:TS_MemMove	0	static
TSMem.c:985:23:TS_MemCpy64_NoCheck	20	static
TSMem.c:1010:23:TS_MemSet64_NoCheck	16	static
TSMem.c:1039:23:TS_MemBZero64_NoCheck	12	static
TSMem.c:1061:33:TS_MemCmp64_NoCheck	20	static
TSMem.c:1093:23:TS_MemCpy32_NoCheck	20	static
TSMem.c:1119:23:TS_MemSet32_NoCheck	12	static
TSMem.c:1146:23:TS_MemBZero32_NoCheck	8	static
TSMem.c:1168:33:TS_MemCmp32_NoCheck	12	static
TSMem.c:1199:23:TS_MemCpy16_NoCheck	16	static
TSMem.c:1224:23:TS_MemSet16_NoCheck	12	static
TSMem.c:1250:23:TS_MemBZero16_NoCheck	8	static
TSMem.c:1272:33:TS_MemCmp16_NoCheck	12	static
