WdgM.c:4708:40:WdgM_EB_GetCheckedGraphData	16	static
WdgM.c:4940:39:WdgM_EB_GetCheckedCPAliveCounterData.isra.0	16	static
WdgM.c:5951:30:WdgM_EB_UpdateTriggerConditions.isra.0	24	static
WdgM.c:3712:41:WdgM_EB_CheckPredCP	16	static
WdgM.c:1765:33:WdgM_GetMode	8	static
WdgM.c:1853:33:WdgM_CheckpointReached	88	static
WdgM.c:2051:33:WdgM_UpdateAliveCounter	24	static
WdgM.c:2159:33:WdgM_GetLocalStatus	8	static
WdgM.c:2226:33:WdgM_GetGlobalStatus	8	static
WdgM.c:2281:23:WdgM_PerformReset	0	static
WdgM.c:2733:40:WdgM_EB_SetMode.constprop	64	static
WdgM.c:2399:23:WdgM_MainFunction	80	static
WdgM.c:5598:23:WdgM_EB_StoreRedundantData8	0	static
WdgM.c:5615:33:WdgM_EB_GetCheckedRedundantData8	0	static
WdgM.c:2346:33:WdgM_GetFirstExpiredSEID	16	static
