BswM_Lcfg.c:998:40:BswM_ExprResult_BswM_LogEx_ComMFullCom	0	static
BswM_Lcfg.c:1006:40:BswM_ExprResult_BswM_LogEx_ComMNoCom	0	static
BswM_Lcfg.c:1014:40:BswM_ExprResult_BswM_LogEx_ComMSilentCom	0	static
BswM_Lcfg.c:1022:40:BswM_ExprResult_BswM_LogEx_Dcm_Reset	0	static
BswM_Lcfg.c:1030:40:BswM_ExprResult_BswM_LogEx_GoOffOneA	0	static
BswM_Lcfg.c:1038:40:BswM_ExprResult_BswM_LogEx_GoOffOneB	0	static
BswM_Lcfg.c:1046:40:BswM_ExprResult_BswM_LogEx_PncCanFDStart	0	static
BswM_Lcfg.c:1055:40:BswM_ExprResult_BswM_LogEx_PncCanFDStop	0	static
BswM_Lcfg.c:1063:40:BswM_ExprResult_BswM_LogEx_PncCanStart	0	static
BswM_Lcfg.c:1072:40:BswM_ExprResult_BswM_LogEx_PncCanStop	0	static
BswM_Lcfg.c:1080:40:BswM_ExprResult_BswM_LogEx_PostRun	0	static
BswM_Lcfg.c:1088:40:BswM_ExprResult_BswM_LogEx_PostRunToRunTwo	0	static
BswM_Lcfg.c:1097:40:BswM_ExprResult_BswM_LogEx_PrpShutdown	0	static
BswM_Lcfg.c:1109:40:BswM_ExprResult_BswM_LogEx_PrpShutdown_Transition	0	static
BswM_Lcfg.c:1118:40:BswM_ExprResult_BswM_LogEx_RunTwo	0	static
BswM_Lcfg.c:1127:40:BswM_ExprResult_BswM_LogEx_RunTwoToPostRun	0	static
BswM_Lcfg.c:1136:40:BswM_ExprResult_BswM_LogEx_StartupTwoA	0	static
BswM_Lcfg.c:1144:40:BswM_ExprResult_BswM_LogEx_StartupTwoB	0	static
BswM_Lcfg.c:1153:33:BswM_ExprState_BswM_LogEx_ComMFullCom	0	static
BswM_Lcfg.c:1161:33:BswM_ExprState_BswM_LogEx_ComMNoCom	0	static
BswM_Lcfg.c:1169:33:BswM_ExprState_BswM_LogEx_ComMSilentCom	0	static
BswM_Lcfg.c:1177:33:BswM_ExprState_BswM_LogEx_Dcm_Reset	0	static
BswM_Lcfg.c:1185:33:BswM_ExprState_BswM_LogEx_GoOffOneA	0	static
BswM_Lcfg.c:1193:33:BswM_ExprState_BswM_LogEx_GoOffOneB	0	static
BswM_Lcfg.c:1201:33:BswM_ExprState_BswM_LogEx_PncCanFDStart	0	static
BswM_Lcfg.c:1209:33:BswM_ExprState_BswM_LogEx_PncCanFDStop	0	static
BswM_Lcfg.c:1217:33:BswM_ExprState_BswM_LogEx_PncCanStart	0	static
BswM_Lcfg.c:1225:33:BswM_ExprState_BswM_LogEx_PncCanStop	0	static
BswM_Lcfg.c:1233:33:BswM_ExprState_BswM_LogEx_PostRun	0	static
BswM_Lcfg.c:1241:33:BswM_ExprState_BswM_LogEx_PostRunToRunTwo	0	static
BswM_Lcfg.c:1250:33:BswM_ExprState_BswM_LogEx_PrpShutdown	0	static
BswM_Lcfg.c:1259:33:BswM_ExprState_BswM_LogEx_PrpShutdown_Transition	0	static
BswM_Lcfg.c:1267:33:BswM_ExprState_BswM_LogEx_RunTwo	0	static
BswM_Lcfg.c:1276:33:BswM_ExprState_BswM_LogEx_RunTwoToPostRun	0	static
BswM_Lcfg.c:1285:33:BswM_ExprState_BswM_LogEx_StartupTwoA	0	static
BswM_Lcfg.c:1293:33:BswM_ExprState_BswM_LogEx_StartupTwoB	0	static
BswM_Lcfg.c:1675:40:BswM_ExprGetState	0	static
BswM_Lcfg.c:1680:40:BswM_ExprGetResult	0	static
BswM_Lcfg.c:1685:40:BswM_ExecuteAction	0	static
BswM_Lcfg.c:1667:40:BswM_Action_BswM_Act_StopDemOpCycleState_OBD_DCY	8	static
BswM_Lcfg.c:1659:40:BswM_Action_BswM_Act_StopDemOpCycleState_POWER	8	static
BswM_Lcfg.c:1651:40:BswM_Action_BswM_Act_StopDemOpCycleState_IGNITION	8	static
BswM_Lcfg.c:1643:40:BswM_Action_BswM_Act_StartDemOpCycleState_OBD_DCY	8	static
BswM_Lcfg.c:1635:40:BswM_Action_BswM_Act_StartDemOpCycleState_IGNITION	8	static
BswM_Lcfg.c:1611:40:BswM_Action_BswM_Act_StartDemOpCycleState_POWER	8	static
BswM_Lcfg.c:1627:40:BswM_Action_BswM_Act_QualifyDemOpCycle_OBD_DCY	8	static
BswM_Lcfg.c:1619:40:BswM_Action_BswM_Act_StartInternalPDUs	8	static
BswM_Lcfg.c:1457:40:BswM_Action_BswM_Act_PncCan_Enable	8	static
BswM_Lcfg.c:1449:40:BswM_Action_BswM_Act_PncCan_Disable	8	static
BswM_Lcfg.c:1441:40:BswM_Action_BswM_Act_PncCanFD_Enable	8	static
BswM_Lcfg.c:1433:40:BswM_Action_BswM_Act_PncCanFD_Disable	8	static
BswM_Lcfg.c:1337:40:BswM_Action_BswM_Act_Enable_Rx_Enable_Tx_Can	8	static
BswM_Lcfg.c:1329:40:BswM_Action_BswM_Act_Enable_Rx_Disable_Tx_Can	8	static
BswM_Lcfg.c:1321:40:BswM_Action_BswM_Act_Disable_Rx_Disable_Tx_Can	8	static
BswM_Lcfg.c:1602:40:BswM_Action_BswM_Act_Sleep	0	static
BswM_Lcfg.c:1505:40:BswM_Action_BswM_Act_Reset	0	static
BswM_Lcfg.c:1594:40:BswM_Action_BswM_Act_RunTwo	8	static
BswM_Lcfg.c:1585:40:BswM_Action_BswM_Act_RteSwitch_Startup	0	static
BswM_Lcfg.c:1576:40:BswM_Action_BswM_Act_RteSwitch_Run	0	static
BswM_Lcfg.c:1567:40:BswM_Action_BswM_Act_RteSwitch_PrpShutdown	0	static
BswM_Lcfg.c:1558:40:BswM_Action_BswM_Act_RteSwitch_GoOffOneB	0	static
BswM_Lcfg.c:1549:40:BswM_Action_BswM_Act_RteSwitch_GoOffOneA	0	static
BswM_Lcfg.c:1541:40:BswM_Action_BswM_Act_RteStart	8	static
BswM_Lcfg.c:1532:40:BswM_Action_BswM_Act_RteModeReq_AppStartup	0	static
BswM_Lcfg.c:1523:40:BswM_Action_BswM_Act_RteModeReq_AppInactive	0	static
BswM_Lcfg.c:1514:40:BswM_Action_BswM_Act_RteModeReq_AppActive	0	static
BswM_Lcfg.c:1497:40:BswM_Action_BswM_Act_ReqStartupTwoB	8	static
BswM_Lcfg.c:1489:40:BswM_Action_BswM_Act_ReqRunTwo	8	static
BswM_Lcfg.c:1481:40:BswM_Action_BswM_Act_ReqPrpShutDown	8	static
BswM_Lcfg.c:1473:40:BswM_Action_BswM_Act_ReqPostRun	8	static
BswM_Lcfg.c:1465:40:BswM_Action_BswM_Act_ReqGoOffOneA	8	static
BswM_Lcfg.c:1425:40:BswM_Action_BswM_Act_NvMReadAll	8	static
BswM_Lcfg.c:1417:40:BswM_Action_BswM_Act_InitDriverInitThree	8	static
BswM_Lcfg.c:1409:40:BswM_Action_BswM_Act_HookOnStartupTwoB	8	static
BswM_Lcfg.c:1401:40:BswM_Action_BswM_Act_HookOnStartupTwoA	8	static
BswM_Lcfg.c:1393:40:BswM_Action_BswM_Act_HookOnRunTwo	8	static
BswM_Lcfg.c:1385:40:BswM_Action_BswM_Act_HookOnPrpShutdown	8	static
BswM_Lcfg.c:1377:40:BswM_Action_BswM_Act_HookOnPostRun	8	static
BswM_Lcfg.c:1369:40:BswM_Action_BswM_Act_HookOnGoOffOneB	8	static
BswM_Lcfg.c:1361:40:BswM_Action_BswM_Act_HookOnGoOffOneA	8	static
BswM_Lcfg.c:1353:40:BswM_Action_BswM_Act_GoOffOneB	8	static
BswM_Lcfg.c:1345:40:BswM_Action_BswM_Act_GoOffOneA	8	static
BswM_Lcfg.c:1313:40:BswM_Action_BswM_Act_DemDeinit	8	static
BswM_Lcfg.c:1305:40:BswM_Action_BswM_Act_AllowCom	8	static
BswM_Lcfg.c:1690:33:BswM_HandleStaticRequest	48	static
BswM_Lcfg.c:609:23:BswM_MRPFunc_BswM_ModeReqPort_AppState	24	static
BswM_Lcfg.c:651:23:BswM_LT_Init	36	static
BswM_Lcfg.c:719:23:BswM_MRPFunc_BswM_ModeReqPort_DcmCommunicationControl_DCM_ENABLE_RX_TX_NORM	16	static
BswM_Lcfg.c:730:23:BswM_MRPFunc_BswM_ModeReqPort_DcmCommunicationControl_DCM_ENABLE_RX_DISABLE_TX_NORM	16	static
BswM_Lcfg.c:741:23:BswM_MRPFunc_BswM_ModeReqPort_DcmCommunicationControl_DCM_DISABLE_RX_ENABLE_TX_NORM	16	static
BswM_Lcfg.c:752:23:BswM_MRPFunc_BswM_ModeReqPort_DcmCommunicationControl_DCM_DISABLE_RX_TX_NORM	16	static
BswM_Lcfg.c:763:23:BswM_MRPFunc_BswM_ModeReqPort_DcmCommunicationControl_DCM_ENABLE_RX_TX_NM	16	static
BswM_Lcfg.c:774:23:BswM_MRPFunc_BswM_ModeReqPort_DcmCommunicationControl_DCM_ENABLE_RX_DISABLE_TX_NM	16	static
BswM_Lcfg.c:785:23:BswM_MRPFunc_BswM_ModeReqPort_DcmCommunicationControl_DCM_DISABLE_RX_ENABLE_TX_NM	16	static
BswM_Lcfg.c:796:23:BswM_MRPFunc_BswM_ModeReqPort_DcmCommunicationControl_DCM_DISABLE_RX_TX_NM	16	static
BswM_Lcfg.c:807:23:BswM_MRPFunc_BswM_ModeReqPort_DcmCommunicationControl_DCM_ENABLE_RX_TX_NORM_NM	16	static
BswM_Lcfg.c:818:23:BswM_MRPFunc_BswM_ModeReqPort_DcmCommunicationControl_DCM_ENABLE_RX_DISABLE_TX_NORM_NM	16	static
BswM_Lcfg.c:829:23:BswM_MRPFunc_BswM_ModeReqPort_DcmCommunicationControl_DCM_DISABLE_RX_ENABLE_TX_NORM_NM	16	static
BswM_Lcfg.c:840:23:BswM_MRPFunc_BswM_ModeReqPort_DcmCommunicationControl_DCM_DISABLE_RX_TX_NORM_NM	16	static
BswM_Lcfg.c:851:23:BswM_MRPFunc_BswM_ModeReqPort_DcmDiagnosticSessionControl_Default	16	static
BswM_Lcfg.c:862:23:BswM_MRPFunc_BswM_ModeReqPort_DcmDiagnosticSessionControl_Programming	16	static
BswM_Lcfg.c:873:23:BswM_MRPFunc_BswM_ModeReqPort_DcmDiagnosticSessionControl_Extended	16	static
BswM_Lcfg.c:884:23:BswM_MRPFunc_BswM_ModeReqPort_DcmResponseOnEvent_EVENT_STARTED	16	static
BswM_Lcfg.c:895:23:BswM_MRPFunc_BswM_ModeReqPort_DcmResponseOnEvent_EVENT_STOPPED	16	static
BswM_Lcfg.c:906:23:BswM_MRPFunc_BswM_ModeReqPort_DcmResponseOnEvent_EVENT_CLEARED	16	static
BswM_Lcfg.c:917:23:BswM_MRPFunc_BswM_ModeReqPort_Dcm_ResetModeRequest_NONE	16	static
BswM_Lcfg.c:928:23:BswM_MRPFunc_BswM_ModeReqPort_Dcm_ResetModeRequest_HARD	16	static
BswM_Lcfg.c:939:23:BswM_MRPFunc_BswM_ModeReqPort_Dcm_ResetModeRequest_KEYONOFF	16	static
BswM_Lcfg.c:950:23:BswM_MRPFunc_BswM_ModeReqPort_Dcm_ResetModeRequest_SOFT	16	static
BswM_Lcfg.c:961:23:BswM_MRPFunc_BswM_ModeReqPort_Dcm_ResetModeRequest_JUMPTOBOOTLOADER	16	static
BswM_Lcfg.c:972:23:BswM_MRPFunc_BswM_ModeReqPort_Dcm_ResetModeRequest_JUMPTOSYSSUPPLIERBOOTLOADER	16	static
BswM_Lcfg.c:983:23:BswM_MRPFunc_BswM_ModeReqPort_Dcm_ResetModeRequest_EXECUTE	16	static
