C40_Ip.c:1425:26:C40_Ip_MainInterfaceAbort	0	static
C40_Ip.c:1462:20:C40_Ip_ClearAllErrorFlagsMainInterface	0	static
C40_Ip.c:1750:13:C40_Ip_ClearInterlockWrite	0	static
C40_Ip.c:3005:20:C40_Ip_FlashAccessCalloutStart	0	static
C40_Ip.c:3020:20:C40_Ip_FlashAccessCalloutFinish	0	static
C40_Ip.c:487:26:C40_Ip_CheckReadCompareStatus.isra.0	0	static
C40_Ip.c:1296:13:C40_Ip_EraseVerify	24	static
C40_Ip.c:589:13:C40_Ip_SetSeedMisr	8	static
C40_Ip.c:1923:26:C40_Ip_MainInterfaceHVJobStatus	0	static
C40_Ip.c:2249:26:C40_Ip_UTestCheckBusy	0	static
C40_Ip.c:2292:13:C40_Ip_UTestCheckBreakpoint	0	static
C40_Ip.c:437:6:C40_Ip_DataErrorSuppression	0	static
C40_Ip.c:453:6:C40_Ip_Block4PipeSelect	0	static
C40_Ip.c:375:19:C40_Ip_Init	8	static
C40_Ip.c:468:19:C40_Ip_Abort	0	static
C40_Ip.c:721:19:C40_Ip_Read	24	static
C40_Ip.c:902:6:C40_Ip_SetLockProtect	0	static
C40_Ip.c:984:8:C40_Ip_GetLockProtect	0	static
C40_Ip.c:948:19:C40_Ip_GetLock	8	static
C40_Ip.c:1075:6:C40_Ip_ClearLockProtect	0	static
C40_Ip.c:1122:19:C40_Ip_Compare	32	static
C40_Ip.c:1353:6:C40_Ip_MainInterfaceWriteLogicalAddress	0	static
C40_Ip.c:1523:19:C40_Ip_MainInterfaceSectorErase	24	static
C40_Ip.c:1594:19:C40_Ip_MainInterfaceSectorEraseStatus	16	static
C40_Ip.c:1882:19:C40_Ip_MainInterfaceWriteStatus	8	static
C40_Ip.c:2087:6:C40_Ip_CheckLockDomainID_CheckRegister	12	static
C40_Ip.c:2009:26:C40_Ip_CheckLockDomainID	24	static
C40_Ip.c:865:19:C40_Ip_SetLock	24	static
C40_Ip.c:1035:19:C40_Ip_ClearLock	24	static
C40_Ip.c:2145:27:C40_Ip_GetSectorNumberFromAddress	0	static
C40_Ip.c:1787:19:C40_Ip_MainInterfaceWrite	48	static
C40_Ip.c:2216:30:C40_Ip_GetBlockNumberFromAddress	0	static
C40_Ip.c:2346:19:C40_Ip_ArrayIntegrityCheck	32	static
C40_Ip.c:2481:19:C40_Ip_CheckUserTestStatus	16	static
C40_Ip.c:2585:19:C40_Ip_ArrayIntegrityCheckSuspend	0	static
C40_Ip.c:2672:19:C40_Ip_ArrayIntegrityCheckResume	0	static
C40_Ip.c:2717:19:C40_Ip_UserMarginReadCheck	32	static
C40_Ip.c:2831:8:C40_Ip_GetFailedAddress	0	static
C40_Ip.c:2993:6:C40_Ip_SetAsyncMode	0	static
