Can.c:589:16:Can_ValidateController.constprop	8	static
Can.c:817:6:Can_Init	16	static
Can.c:926:6:Can_DeInit	8	static
Can.c:1071:16:Can_SetControllerMode	24	static
Can.c:1322:6:Can_DisableControllerInterrupts	16	static
Can.c:1397:6:Can_EnableControllerInterrupts	16	static
Can.c:1541:16:Can_GetControllerErrorState	16	static
Can.c:1613:16:Can_GetControllerMode	8	static
Can.c:1706:16:Can_GetControllerRxErrorCounter	16	static
Can.c:1805:16:Can_GetControllerTxErrorCounter	16	static
Can.c:1917:16:Can_Write	24	static
Can.c:2127:10:Can_MainFunction_Write	0	static
Can.c:2272:10:Can_MainFunction_Read	0	static
Can.c:2414:6:Can_MainFunction_BusOff	0	static
Can.c:2487:6:Can_MainFunction_Mode	0	static
Can.c:2936:6:Can_ProcessMesgBufferCommonInterrupt	4	static
Can.c:3006:6:Can_ProcessBusOffInterrupt	16	static
