CanIf.c:1228:36:CanIf_ClearTrcvWufFlag_HlpNoPn	8	static
CanIf.c:1247:36:CanIf_CheckWakeFlag_HlpNoPn	8	static
CanIf.c:1273:35:CanIf_IsValidConfig	8	static
CanIf.c:1317:26:CanIf_Init	24	static
CanIf.c:1531:36:CanIf_SetControllerMode	24	static
CanIf.c:1596:36:CanIf_GetControllerMode	16	static
CanIf.c:1698:36:CanIf_Transmit	48	static
CanIf.c:2459:36:CanIf_SetPduMode	8	static
CanIf.c:2527:36:CanIf_GetPduMode	8	static
CanIf.c:2702:36:CanIf_SetTrcvMode	8	static
CanIf.c:2773:36:CanIf_GetTrcvMode	8	static
CanIf.c:2860:36:CanIf_GetTrcvWakeupReason	8	static
CanIf.c:2933:36:CanIf_SetTrcvWakeupMode	8	static
CanIf.c:3007:36:CanIf_CheckWakeup	32	static
CanIf.c:3430:36:CanIf_ClearTrcvWufFlag	8	static
CanIf.c:3485:36:CanIf_CheckTrcvWakeFlag	8	static
CanIf.c:3543:26:CanIf_TxConfirmation	16	static
CanIf.c:3750:26:CanIf_RxIndication	40	static
CanIf.c:4301:26:CanIf_ControllerBusOff	8	static
CanIf.c:4425:26:CanIf_ControllerModeIndication	8	static
CanIf.c:4624:26:CanIf_TrcvModeIndication	4	static
CanIf.c:4667:26:CanIf_ConfirmPnAvailability	0	static
CanIf.c:4707:26:CanIf_ClearTrcvWufFlagIndication	0	static
CanIf.c:4747:26:CanIf_CheckTrcvWakeFlagIndication	0	static
