CanNm_HsmCanNmFnct.c:1501:31:CanNm_HandleRxIndicationCommon	0	static
CanNm_HsmCanNmFnct.c:1467:31:CanNm_MsgCycleTimerStart	0	static
CanNm_HsmCanNmFnct.c:221:24:CanNm_HsmCanNmSfTOPEntry	24	static
CanNm_HsmCanNmFnct.c:251:24:CanNm_HsmCanNmSfBusSleepModeEntry	16	static
CanNm_HsmCanNmFnct.c:323:24:CanNm_HsmCanNmSfBusSleepModeAction1	8	static
CanNm_HsmCanNmFnct.c:368:27:CanNm_HsmCanNmSfBusSleepModeGuard3	0	static
CanNm_HsmCanNmFnct.c:395:24:CanNm_HsmCanNmSfNetworkModeEntry	16	static
CanNm_HsmCanNmFnct.c:446:24:CanNm_HsmCanNmSfNetworkModeAction1	8	static
CanNm_HsmCanNmFnct.c:461:24:CanNm_HsmCanNmSfNetworkModeAction2	0	static
CanNm_HsmCanNmFnct.c:471:24:CanNm_HsmCanNmSfNetworkModeAction3	8	static
CanNm_HsmCanNmFnct.c:486:27:CanNm_HsmCanNmSfNetworkModeGuard4	0	static
CanNm_HsmCanNmFnct.c:520:24:CanNm_HsmCanNmSfReadySleepStateEntry	0	static
CanNm_HsmCanNmFnct.c:537:27:CanNm_HsmCanNmSfReadySleepStateGuard1	0	static
CanNm_HsmCanNmFnct.c:559:24:CanNm_HsmCanNmSfReadySleepRemoteActivityEntry	0	static
CanNm_HsmCanNmFnct.c:571:27:CanNm_HsmCanNmSfReadySleepRemoteActivityGuard1	0	static
CanNm_HsmCanNmFnct.c:597:24:CanNm_HsmCanNmSfReadySleepRemoteActivityAction1	0	static
CanNm_HsmCanNmFnct.c:623:27:CanNm_HsmCanNmSfReadySleepRemoteSleepGuard1	0	static
CanNm_HsmCanNmFnct.c:648:24:CanNm_HsmCanNmSfReadySleepRemoteSleepAction1	0	static
CanNm_HsmCanNmFnct.c:663:24:CanNm_HsmCanNmSfReadySleepRemoteSleepAction2	0	static
CanNm_HsmCanNmFnct.c:692:24:CanNm_HsmCanNmSfReadySleepRemoteSleepAction3	0	static
CanNm_HsmCanNmFnct.c:731:24:CanNm_HsmCanNmSfSendingSubModeExit	0	static
CanNm_HsmCanNmFnct.c:748:24:CanNm_HsmCanNmSfSendingSubModeAction1	16	static
CanNm_HsmCanNmFnct.c:809:24:CanNm_HsmCanNmSfSendingSubModeAction3	8	static
CanNm_HsmCanNmFnct.c:843:24:CanNm_HsmCanNmSfNormalOperationStateEntry	0	static
CanNm_HsmCanNmFnct.c:872:24:CanNm_HsmCanNmSfNormalOperationRemoteActivityEntry	0	static
CanNm_HsmCanNmFnct.c:891:24:CanNm_HsmCanNmSfNormalOperationRemoteActivityAction1	0	static
CanNm_HsmCanNmFnct.c:901:27:CanNm_HsmCanNmSfNormalOperationRemoteActivityGuard2	0	static
CanNm_HsmCanNmFnct.c:914:27:CanNm_HsmCanNmSfNormalOperationRemoteActivityGuard4	0	static
CanNm_HsmCanNmFnct.c:926:24:CanNm_HsmCanNmSfNormalOperationRemoteActivityAction4	0	static
CanNm_HsmCanNmFnct.c:965:24:CanNm_HsmCanNmSfNormalOperationRemoteSleepEntry	0	static
CanNm_HsmCanNmFnct.c:978:27:CanNm_HsmCanNmSfNormalOperationRemoteSleepGuard1	0	static
CanNm_HsmCanNmFnct.c:991:24:CanNm_HsmCanNmSfNormalOperationRemoteSleepAction2	0	static
CanNm_HsmCanNmFnct.c:1020:24:CanNm_HsmCanNmSfNormalOperationRemoteSleepAction3	0	static
CanNm_HsmCanNmFnct.c:1057:24:CanNm_HsmCanNmSfRepeatMessageStateEntry	16	static
CanNm_HsmCanNmFnct.c:1162:24:CanNm_HsmCanNmSfRepeatMessageStateExit	0	static
CanNm_HsmCanNmFnct.c:1198:27:CanNm_HsmCanNmSfRepeatMessageStateGuard1	0	static
CanNm_HsmCanNmFnct.c:1214:27:CanNm_HsmCanNmSfRepeatMessageStateGuard2	0	static
CanNm_HsmCanNmFnct.c:1242:24:CanNm_HsmCanNmSfPrepareBusSleepModeEntry	16	static
CanNm_HsmCanNmFnct.c:1302:27:CanNm_HsmCanNmSfPrepareBusSleepModeGuard2	0	static
CanNm_HsmCanNmFnct.c:1315:24:CanNm_HsmCanNmSfPrepareBusSleepModeAction3	0	static
CanNm_HsmCanNmFnct.c:1632:24:CanNm_HandleTransmit	24	static
CanNm_HsmCanNmFnct.c:788:24:CanNm_HsmCanNmSfSendingSubModeAction2	0	static
