CanSM_StateMachine.c:3298:31:CanSM_SetTrcvMode	16	static
CanSM_StateMachine.c:3351:31:CanSM_CheckTrcvWakeFlag	16	static
CanSM_StateMachine.c:3135:31:CanSM_SetPduModes	24	static
CanSM_StateMachine.c:3165:34:CanSM_CheckCtrlModeIndications	24	static
CanSM_StateMachine.c:3188:31:CanSM_SetCtrlModes	40	static
CanSM_StateMachine.c:3148:31:CanSM_ClearCtrlModeIndAndSetModes.constprop	40	static
CanSM_Cbk.c:58:24:CanSM_ControllerBusOff	8	static
CanSM_Cbk.c:106:24:CanSM_ControllerModeIndication	16	static
CanSM_Cbk.c:155:24:CanSM_TransceiverModeIndication	16	static
CanSM_Cbk.c:205:24:CanSM_ClearTrcvWufFlagIndication	8	static
CanSM_Cbk.c:235:24:CanSM_CheckTransceiverWakeFlagIndication	8	static
CanSM_Cbk.c:265:24:CanSM_ConfirmPnAvailability	8	static
CanSM_GetCurrentComMode.c:52:34:CanSM_GetCurrentComMode	16	static
CanSM_StateMachine.c:957:27:CanSM_IsWaitingForModeIndication	0	static
CanSM_StateMachine.c:1214:24:CanSM_DoTransitionSequence	48	static
CanSM_Init.c:73:24:CanSM_Init	0	static
CanSM_RequestComMode.c:125:24:CanSM_TxTimeoutException	16	static
CanSM_StateMachine.c:1273:24:CanSM_VerifyRequestedComMode	0	static
CanSM_RequestComMode.c:73:34:CanSM_RequestComMode	32	static
CanSM_StateMachine.c:1014:24:CanSM_MainFunctionInternal	32	static
CanSM_MainFunction.c:66:24:CanSM_MainFunction	0	static
