Clock_Ip_Selector.c:157:13:Clock_Ip_CallbackSelectorEmpty	0	static
Clock_Ip_Selector.c:165:13:Clock_Ip_ResetCgmXCscCssClkswSwip	8	static
Clock_Ip_Selector.c:261:13:Clock_Ip_ResetCgmXCscCssClkswRampupRampdownSwip	0	static
Clock_Ip_Selector.c:359:13:Clock_Ip_ResetCgmXCscCssCsGrip	40	static
Clock_Ip_Selector.c:395:13:Clock_Ip_SetCgmXCscCssCsGrip	40	static
Clock_Ip_Selector.c:274:13:Clock_Ip_SetCgmXCscCssClkswRampupRampdownSwip	40	static
Clock_Ip_Selector.c:178:13:Clock_Ip_SetCgmXCscCssClkswSwip	40	static
Clock_Ip_Selector.c:470:6:Clock_Ip_SetRtcRtccClksel_TrustedCall	0	static
Clock_Ip_Selector.c:453:13:Clock_Ip_SetRtcRtccClksel	0	static
