Clock_Ip_Frequency.c:910:15:Clock_Ip_Get_Zero_Frequency	0	static
Clock_Ip_Frequency.c:933:15:Clock_Ip_Get_SIRC_CLK_Frequency	0	static
Clock_Ip_Frequency.c:940:15:Clock_Ip_Get_SIRC_STANDBY_CLK_Frequency	0	static
Clock_Ip_Frequency.c:949:15:Clock_Ip_Get_FXOSC_CLK_Frequency	0	static
Clock_Ip_Frequency.c:966:15:Clock_Ip_Get_SXOSC_CLK_Frequency	0	static
Clock_Ip_Frequency.c:1008:15:Clock_Ip_Get_FIRC_POSTDIV_CLK_Frequency	0	static
Clock_Ip_Frequency.c:924:15:Clock_Ip_Get_FIRC_STANDBY_CLK_Frequency	8	static
Clock_Ip_Frequency.c:917:15:Clock_Ip_Get_FIRC_CLK_Frequency	0	static
Clock_Ip_Frequency.c:1059:15:Clock_Ip_Get_emac_mii_rx_Frequency	0	static
Clock_Ip_Frequency.c:1068:15:Clock_Ip_Get_emac_mii_rmii_tx_Frequency	0	static
Clock_Ip_Frequency.c:1076:15:Clock_Ip_Get_SCS_CLK_Frequency	0	static
Clock_Ip_Frequency.c:1085:15:Clock_Ip_Get_CORE_CLK_Frequency	8	static
Clock_Ip_Frequency.c:1095:15:Clock_Ip_Get_AIPS_PLAT_CLK_Frequency	8	static
Clock_Ip_Frequency.c:1105:15:Clock_Ip_Get_AIPS_SLOW_CLK_Frequency	8	static
Clock_Ip_Frequency.c:1115:15:Clock_Ip_Get_HSE_CLK_Frequency	8	static
Clock_Ip_Frequency.c:1125:15:Clock_Ip_Get_DCM_CLK_Frequency	8	static
Clock_Ip_Frequency.c:1136:15:Clock_Ip_Get_LBIST_CLK_Frequency	8	static
Clock_Ip_Frequency.c:1148:15:Clock_Ip_Get_QSPI_MEM_CLK_Frequency	8	static
Clock_Ip_Frequency.c:1171:15:Clock_Ip_Get_CLKOUT_RUN_CLK_Frequency	8	static
Clock_Ip_Frequency.c:1181:15:Clock_Ip_Get_ADC0_CLK_Frequency	8	static
Clock_Ip_Frequency.c:1190:15:Clock_Ip_Get_ADC1_CLK_Frequency	8	static
Clock_Ip_Frequency.c:1210:15:Clock_Ip_Get_BCTU0_CLK_Frequency	8	static
Clock_Ip_Frequency.c:1219:15:Clock_Ip_Get_DMAMUX0_CLK_Frequency	8	static
Clock_Ip_Frequency.c:1228:15:Clock_Ip_Get_DMAMUX1_CLK_Frequency	8	static
Clock_Ip_Frequency.c:1237:15:Clock_Ip_Get_EDMA0_CLK_Frequency	8	static
Clock_Ip_Frequency.c:1246:15:Clock_Ip_Get_EDMA0_TCD0_CLK_Frequency	8	static
Clock_Ip_Frequency.c:1255:15:Clock_Ip_Get_EDMA0_TCD1_CLK_Frequency	8	static
Clock_Ip_Frequency.c:1264:15:Clock_Ip_Get_EDMA0_TCD2_CLK_Frequency	8	static
Clock_Ip_Frequency.c:1273:15:Clock_Ip_Get_EDMA0_TCD3_CLK_Frequency	8	static
Clock_Ip_Frequency.c:1282:15:Clock_Ip_Get_EDMA0_TCD4_CLK_Frequency	8	static
Clock_Ip_Frequency.c:1291:15:Clock_Ip_Get_EDMA0_TCD5_CLK_Frequency	8	static
Clock_Ip_Frequency.c:1300:15:Clock_Ip_Get_EDMA0_TCD6_CLK_Frequency	8	static
Clock_Ip_Frequency.c:1309:15:Clock_Ip_Get_EDMA0_TCD7_CLK_Frequency	8	static
Clock_Ip_Frequency.c:1318:15:Clock_Ip_Get_EDMA0_TCD8_CLK_Frequency	8	static
Clock_Ip_Frequency.c:1327:15:Clock_Ip_Get_EDMA0_TCD9_CLK_Frequency	8	static
Clock_Ip_Frequency.c:1336:15:Clock_Ip_Get_EDMA0_TCD10_CLK_Frequency	8	static
Clock_Ip_Frequency.c:1345:15:Clock_Ip_Get_EDMA0_TCD11_CLK_Frequency	8	static
Clock_Ip_Frequency.c:1355:15:Clock_Ip_Get_EDMA0_TCD12_CLK_Frequency	8	static
Clock_Ip_Frequency.c:1366:15:Clock_Ip_Get_EDMA0_TCD13_CLK_Frequency	8	static
Clock_Ip_Frequency.c:1377:15:Clock_Ip_Get_EDMA0_TCD14_CLK_Frequency	8	static
Clock_Ip_Frequency.c:1388:15:Clock_Ip_Get_EDMA0_TCD15_CLK_Frequency	8	static
Clock_Ip_Frequency.c:1399:15:Clock_Ip_Get_EDMA0_TCD16_CLK_Frequency	8	static
Clock_Ip_Frequency.c:1410:15:Clock_Ip_Get_EDMA0_TCD17_CLK_Frequency	8	static
Clock_Ip_Frequency.c:1421:15:Clock_Ip_Get_EDMA0_TCD18_CLK_Frequency	8	static
Clock_Ip_Frequency.c:1432:15:Clock_Ip_Get_EDMA0_TCD19_CLK_Frequency	8	static
Clock_Ip_Frequency.c:1443:15:Clock_Ip_Get_EDMA0_TCD20_CLK_Frequency	8	static
Clock_Ip_Frequency.c:1454:15:Clock_Ip_Get_EDMA0_TCD21_CLK_Frequency	8	static
Clock_Ip_Frequency.c:1464:15:Clock_Ip_Get_EDMA0_TCD22_CLK_Frequency	8	static
Clock_Ip_Frequency.c:1475:15:Clock_Ip_Get_EDMA0_TCD23_CLK_Frequency	8	static
Clock_Ip_Frequency.c:1486:15:Clock_Ip_Get_EDMA0_TCD24_CLK_Frequency	8	static
Clock_Ip_Frequency.c:1497:15:Clock_Ip_Get_EDMA0_TCD25_CLK_Frequency	8	static
Clock_Ip_Frequency.c:1508:15:Clock_Ip_Get_EDMA0_TCD26_CLK_Frequency	8	static
Clock_Ip_Frequency.c:1519:15:Clock_Ip_Get_EDMA0_TCD27_CLK_Frequency	8	static
Clock_Ip_Frequency.c:1530:15:Clock_Ip_Get_EDMA0_TCD28_CLK_Frequency	8	static
Clock_Ip_Frequency.c:1541:15:Clock_Ip_Get_EDMA0_TCD29_CLK_Frequency	8	static
Clock_Ip_Frequency.c:1552:15:Clock_Ip_Get_EDMA0_TCD30_CLK_Frequency	8	static
Clock_Ip_Frequency.c:1563:15:Clock_Ip_Get_EDMA0_TCD31_CLK_Frequency	8	static
Clock_Ip_Frequency.c:1573:15:Clock_Ip_Get_EMIOS0_CLK_Frequency	8	static
Clock_Ip_Frequency.c:1582:15:Clock_Ip_Get_EMIOS1_CLK_Frequency	8	static
Clock_Ip_Frequency.c:1602:15:Clock_Ip_Get_LCU0_CLK_Frequency	8	static
Clock_Ip_Frequency.c:1611:15:Clock_Ip_Get_LCU1_CLK_Frequency	8	static
Clock_Ip_Frequency.c:1621:15:Clock_Ip_Get_TCM_CM7_0_CLK_Frequency	8	static
Clock_Ip_Frequency.c:1642:15:Clock_Ip_Get_TEMPSENSE_CLK_Frequency	8	static
Clock_Ip_Frequency.c:1651:15:Clock_Ip_Get_CMP0_CLK_Frequency	8	static
Clock_Ip_Frequency.c:1660:15:Clock_Ip_Get_CMP1_CLK_Frequency	8	static
Clock_Ip_Frequency.c:1680:15:Clock_Ip_Get_EIM_CLK_Frequency	8	static
Clock_Ip_Frequency.c:1689:15:Clock_Ip_Get_ERM0_CLK_Frequency	8	static
Clock_Ip_Frequency.c:1698:15:Clock_Ip_Get_LPI2C0_CLK_Frequency	8	static
Clock_Ip_Frequency.c:1707:15:Clock_Ip_Get_LPI2C1_CLK_Frequency	8	static
Clock_Ip_Frequency.c:1716:15:Clock_Ip_Get_LPSPI0_CLK_Frequency	8	static
Clock_Ip_Frequency.c:1725:15:Clock_Ip_Get_LPSPI1_CLK_Frequency	8	static
Clock_Ip_Frequency.c:1734:15:Clock_Ip_Get_LPSPI2_CLK_Frequency	8	static
Clock_Ip_Frequency.c:1743:15:Clock_Ip_Get_LPSPI3_CLK_Frequency	8	static
Clock_Ip_Frequency.c:1774:15:Clock_Ip_Get_LPUART0_CLK_Frequency	8	static
Clock_Ip_Frequency.c:1783:15:Clock_Ip_Get_LPUART1_CLK_Frequency	8	static
Clock_Ip_Frequency.c:1792:15:Clock_Ip_Get_LPUART2_CLK_Frequency	8	static
Clock_Ip_Frequency.c:1801:15:Clock_Ip_Get_LPUART3_CLK_Frequency	8	static
Clock_Ip_Frequency.c:1959:15:Clock_Ip_Get_PIT0_CLK_Frequency	8	static
Clock_Ip_Frequency.c:1968:15:Clock_Ip_Get_PIT1_CLK_Frequency	8	static
Clock_Ip_Frequency.c:1978:15:Clock_Ip_Get_PIT2_CLK_Frequency	8	static
Clock_Ip_Frequency.c:1989:15:Clock_Ip_Get_SAI0_CLK_Frequency	8	static
Clock_Ip_Frequency.c:2000:15:Clock_Ip_Get_SAI1_CLK_Frequency	8	static
Clock_Ip_Frequency.c:2010:15:Clock_Ip_Get_TRGMUX0_CLK_Frequency	8	static
Clock_Ip_Frequency.c:2019:15:Clock_Ip_Get_TSENSE0_CLK_Frequency	8	static
Clock_Ip_Frequency.c:2028:15:Clock_Ip_Get_WKPU0_CLK_Frequency	8	static
Clock_Ip_Frequency.c:2037:15:Clock_Ip_Get_CRC0_CLK_Frequency	8	static
Clock_Ip_Frequency.c:2046:15:Clock_Ip_Get_FLEXIO0_CLK_Frequency	8	static
Clock_Ip_Frequency.c:2056:15:Clock_Ip_Get_I3C0_CLK_Frequency	8	static
Clock_Ip_Frequency.c:2066:15:Clock_Ip_Get_INTM_CLK_Frequency	8	static
Clock_Ip_Frequency.c:2075:15:Clock_Ip_Get_MSCM_CLK_Frequency	8	static
Clock_Ip_Frequency.c:2085:15:Clock_Ip_Get_SEMA42_CLK_Frequency	8	static
Clock_Ip_Frequency.c:2096:15:Clock_Ip_Get_QSPI0_RAM_CLK_Frequency	8	static
Clock_Ip_Frequency.c:2107:15:Clock_Ip_Get_QSPI0_TX_MEM_CLK_Frequency	0	static
Clock_Ip_Frequency.c:2117:15:Clock_Ip_Get_SIUL0_CLK_Frequency	8	static
Clock_Ip_Frequency.c:2126:15:Clock_Ip_Get_SWT0_CLK_Frequency	8	static
Clock_Ip_Frequency.c:2146:15:Clock_Ip_Get_CLKOUT_STANDBY_CLK_Frequency	8	static
Clock_Ip_Frequency.c:2158:15:Clock_Ip_Get_EMAC_RX_CLK_Frequency	8	static
Clock_Ip_Frequency.c:2171:15:Clock_Ip_Get_EMAC0_RX_CLK_Frequency	8	static
Clock_Ip_Frequency.c:2182:15:Clock_Ip_Get_EMAC_TS_CLK_Frequency	8	static
Clock_Ip_Frequency.c:2195:15:Clock_Ip_Get_EMAC0_TS_CLK_Frequency	8	static
Clock_Ip_Frequency.c:2206:15:Clock_Ip_Get_EMAC_TX_CLK_Frequency	8	static
Clock_Ip_Frequency.c:2219:15:Clock_Ip_Get_EMAC0_TX_CLK_Frequency	8	static
Clock_Ip_Frequency.c:2229:15:Clock_Ip_Get_FLEXCANA_CLK_Frequency	8	static
Clock_Ip_Frequency.c:2240:15:Clock_Ip_Get_FLEXCAN0_CLK_Frequency	8	static
Clock_Ip_Frequency.c:2249:15:Clock_Ip_Get_FLEXCAN1_CLK_Frequency	8	static
Clock_Ip_Frequency.c:2258:15:Clock_Ip_Get_FLEXCAN2_CLK_Frequency	8	static
Clock_Ip_Frequency.c:2267:15:Clock_Ip_Get_FLEXCANB_CLK_Frequency	8	static
Clock_Ip_Frequency.c:2278:15:Clock_Ip_Get_FLEXCAN3_CLK_Frequency	8	static
Clock_Ip_Frequency.c:2307:15:Clock_Ip_Get_QSPI_SFCK_CLK_Frequency	8	static
Clock_Ip_Frequency.c:2336:15:Clock_Ip_Get_QSPI0_SFCK_CLK_Frequency	8	static
Clock_Ip_Frequency.c:2382:15:Clock_Ip_Get_STMA_CLK_Frequency	8	static
Clock_Ip_Frequency.c:2393:15:Clock_Ip_Get_STM0_CLK_Frequency	8	static
Clock_Ip_Frequency.c:2403:15:Clock_Ip_Get_STMB_CLK_Frequency	8	static
Clock_Ip_Frequency.c:2416:15:Clock_Ip_Get_STM1_CLK_Frequency	8	static
Clock_Ip_Frequency.c:2426:15:Clock_Ip_Get_TRACE_CLK_Frequency	8	static
Clock_Ip_Frequency.c:983:15:Clock_Ip_Get_PLL_CLK_Frequency	24	static
Clock_Ip_Frequency.c:1028:15:Clock_Ip_Get_PLL_POSTDIV_CLK_Frequency	8	static
Clock_Ip_Frequency.c:1048:15:Clock_Ip_Get_PLL_PHI1_Frequency	8	static
Clock_Ip_Frequency.c:1038:15:Clock_Ip_Get_PLL_PHI0_Frequency	8	static
Clock_Ip_Frequency.c:2346:8:Clock_Ip_Get_RTC_CLK_Frequency_TrustedCall	0	static
Clock_Ip_Frequency.c:2360:15:Clock_Ip_Get_RTC_CLK_Frequency	0	static
Clock_Ip_Frequency.c:2374:15:Clock_Ip_Get_RTC0_CLK_Frequency	8	static
Clock_Ip_Frequency.c:2470:6:Clock_Ip_SetExternalOscillatorFrequency	0	static
Clock_Ip_Frequency.c:2496:6:Clock_Ip_SetExternalSignalFrequency	0	static
Clock_Ip_Frequency.c:2513:8:Clock_Ip_GetFreq	0	static
