Com.c:674:39:Com_ResetFilerOneEveryN	0	static
Com_Core_Read.c:1311:29:Com_EB_Read_08_DL_E1	20	static
Com_Core_Read.c:1373:29:Com_EB_Read_16_DL_E1	20	static
Com_Core_Read.c:1457:29:Com_EB_Read_32_DL_E1	20	static
Com_Core_Read.c:1527:29:Com_EB_Read_64_DL_E1	48	static
Com_Core_Read.c:1578:29:Com_EB_Read_AY_DL_E1	12	static
Com_Core_Read.c:1603:29:Com_EB_Read_08_DL_E2	20	static
Com_Core_Read.c:1664:29:Com_EB_Read_16_DL_E2	20	static
Com_Core_Read.c:1747:29:Com_EB_Read_32_DL_E2	20	static
Com_Core_Read.c:1816:29:Com_EB_Read_64_DL_E2	48	static
Com_Core_Read.c:1866:29:Com_EB_Read_AY_DL_E2	12	static
Com_Core_Read.c:2562:29:Com_EB_Read_08_DL_SignExt	24	static
Com_Core_Read.c:2590:29:Com_EB_Read_08_EL_SignExt	24	static
Com_Core_Read.c:2618:29:Com_EB_Read_16_DL_SignExt	24	static
Com_Core_Read.c:2646:29:Com_EB_Read_16_EL_SignExt	24	static
Com_Core_Read.c:2674:29:Com_EB_Read_32_DL_SignExt	24	static
Com_Core_Read.c:2702:29:Com_EB_Read_32_EL_SignExt	24	static
Com_Core_Read.c:2730:29:Com_EB_Read_BO_DL	8	static
Com_Core_Read.c:2751:29:Com_EB_Read_A1_DL	0	static
Com_Core_Read.c:2771:29:Com_EB_Read_BO_EL	0	static
Com_Core_Write.c:2085:29:Com_EB_Write_08_SX_DL_DUB_DOC_E1	16	static
Com_Core_Write.c:2143:29:Com_EB_Write_16_SX_DL_DUB_DOC_E1	16	static
Com_Core_Write.c:2202:29:Com_EB_Write_32_SX_DL_DUB_DOC_E1	20	static
Com_Core_Write.c:2339:29:Com_EB_Write_AY_S0_DL_DUB_DOC_E1	12	static
Com_Core_Write.c:2372:29:Com_EB_Write_AY_S1_DL_DUB_DOC_E3	8	static
Com_Core_Write.c:2399:29:Com_EB_Write_08_SX_DL_DUB_DOC_E2	16	static
Com_Core_Write.c:2457:29:Com_EB_Write_16_SX_DL_DUB_DOC_E2	16	static
Com_Core_Write.c:2516:29:Com_EB_Write_32_SX_DL_DUB_DOC_E2	20	static
Com_Core_Write.c:2653:29:Com_EB_Write_AY_S0_DL_DUB_DOC_E2	16	static
Com_Core_Write.c:2688:29:Com_EB_Write_08_SX_DL_DUB_EOC_E1	20	static
Com_Core_Write.c:2747:29:Com_EB_Write_16_SX_DL_DUB_EOC_E1	20	static
Com_Core_Write.c:2807:29:Com_EB_Write_32_SX_DL_DUB_EOC_E1	20	static
Com_Core_Write.c:2943:29:Com_EB_Write_AY_S0_DL_DUB_EOC_E1	20	static
Com_Core_Write.c:2976:29:Com_EB_Write_AY_S1_DL_DUB_EOC_E3	16	static
Com_Core_Write.c:3008:29:Com_EB_Write_08_SX_DL_DUB_EOC_E2	20	static
Com_Core_Write.c:3067:29:Com_EB_Write_16_SX_DL_DUB_EOC_E2	20	static
Com_Core_Write.c:3127:29:Com_EB_Write_32_SX_DL_DUB_EOC_E2	20	static
Com_Core_Write.c:3263:29:Com_EB_Write_AY_S0_DL_DUB_EOC_E2	20	static
Com_Core_Write.c:3298:29:Com_EB_Write_08_SX_DL_EUB_DOC_E1	20	static
Com_Core_Write.c:3356:29:Com_EB_Write_16_SX_DL_EUB_DOC_E1	20	static
Com_Core_Write.c:3416:29:Com_EB_Write_32_SX_DL_EUB_DOC_E1	20	static
Com_Core_Write.c:3553:29:Com_EB_Write_AY_S0_DL_EUB_DOC_E1	12	static
Com_Core_Write.c:3586:29:Com_EB_Write_AY_S1_DL_EUB_DOC_E3	16	static
Com_Core_Write.c:3615:29:Com_EB_Write_08_SX_DL_EUB_DOC_E2	20	static
Com_Core_Write.c:3674:29:Com_EB_Write_16_SX_DL_EUB_DOC_E2	20	static
Com_Core_Write.c:3734:29:Com_EB_Write_32_SX_DL_EUB_DOC_E2	20	static
Com_Core_Write.c:3871:29:Com_EB_Write_AY_S0_DL_EUB_DOC_E2	16	static
Com_Core_Write.c:3907:29:Com_EB_Write_08_SX_DL_EUB_EOC_E1	20	static
Com_Core_Write.c:3967:29:Com_EB_Write_16_SX_DL_EUB_EOC_E1	20	static
Com_Core_Write.c:4028:29:Com_EB_Write_32_SX_DL_EUB_EOC_E1	20	static
Com_Core_Write.c:4165:29:Com_EB_Write_AY_S0_DL_EUB_EOC_E1	20	static
Com_Core_Write.c:4198:29:Com_EB_Write_AY_S1_DL_EUB_EOC_E3	16	static
Com_Core_Write.c:4234:29:Com_EB_Write_08_SX_DL_EUB_EOC_E2	20	static
Com_Core_Write.c:4294:29:Com_EB_Write_16_SX_DL_EUB_EOC_E2	20	static
Com_Core_Write.c:4355:29:Com_EB_Write_32_SX_DL_EUB_EOC_E2	20	static
Com_Core_Write.c:4492:29:Com_EB_Write_AY_S0_DL_EUB_EOC_E2	20	static
Com_Core_Write.c:7018:29:Com_EB_Write_BO_DL_DUB_DOC	12	static
Com_Core_Write.c:7052:29:Com_EB_Write_A1_DL_DUB_DOC	0	static
Com_Core_TM.c:478:42:Com_EB_CalculateTM	8	static
Com_Core_TxIPdu.c:1291:39:Com_EB_TxConfirmations	24	static
Com_ReceiveSignal.c:477:38:Com_EB_Read_SignalReplace	16	static
Com_ReceiveSignalGroup.c:358:39:Com_SetupRxSignalGroup	32	static
Com_Core_Read.c:2481:29:Com_EB_Read_AY_EL_E2	24	static
Com_Core_Read.c:2356:29:Com_EB_Read_32_EL_E2	32	static
Com_Core_Read.c:2428:29:Com_EB_Read_64_EL_E2	48	static
Com_Core_Read.c:2270:29:Com_EB_Read_16_EL_E2	32	static
Com_Core_Read.c:2200:29:Com_EB_Read_08_EL_E2	32	static
Com_Core_Read.c:2171:29:Com_EB_Read_AY_EL_E1	24	static
Com_Core_Read.c:2046:29:Com_EB_Read_32_EL_E1	32	static
Com_Core_Read.c:2118:29:Com_EB_Read_64_EL_E1	48	static
Com_Core_Read.c:1961:29:Com_EB_Read_16_EL_E1	32	static
Com_Core_Read.c:1891:29:Com_EB_Read_08_EL_E1	32	static
Com_Core_Write.c:6985:29:Com_EB_Write_AY_S0_EL_EUB_EOC_E2	32	static
Com_Core_Write.c:6844:29:Com_EB_Write_32_SX_EL_EUB_EOC_E2	32	static
Com_Core_Write.c:6783:29:Com_EB_Write_16_SX_EL_EUB_EOC_E2	32	static
Com_Core_Write.c:6723:29:Com_EB_Write_08_SX_EL_EUB_EOC_E2	32	static
Com_Core_Write.c:6685:29:Com_EB_Write_AY_S1_EL_EUB_EOC_E3	24	static
Com_Core_Write.c:6652:29:Com_EB_Write_AY_S0_EL_EUB_EOC_E1	32	static
Com_Core_Write.c:6511:29:Com_EB_Write_32_SX_EL_EUB_EOC_E1	32	static
Com_Core_Write.c:6450:29:Com_EB_Write_16_SX_EL_EUB_EOC_E1	32	static
Com_Core_Write.c:6390:29:Com_EB_Write_08_SX_EL_EUB_EOC_E1	32	static
Com_Core_Write.c:6354:29:Com_EB_Write_AY_S0_EL_EUB_DOC_E2	16	static
Com_Core_Write.c:6212:29:Com_EB_Write_32_SX_EL_EUB_DOC_E2	32	static
Com_Core_Write.c:6152:29:Com_EB_Write_16_SX_EL_EUB_DOC_E2	32	static
Com_Core_Write.c:6093:29:Com_EB_Write_08_SX_EL_EUB_DOC_E2	32	static
Com_Core_Write.c:6058:29:Com_EB_Write_AY_S1_EL_EUB_DOC_E3	24	static
Com_Core_Write.c:6025:29:Com_EB_Write_AY_S0_EL_EUB_DOC_E1	16	static
Com_Core_Write.c:5882:29:Com_EB_Write_32_SX_EL_EUB_DOC_E1	32	static
Com_Core_Write.c:5822:29:Com_EB_Write_16_SX_EL_EUB_DOC_E1	32	static
Com_Core_Write.c:5763:29:Com_EB_Write_08_SX_EL_EUB_DOC_E1	32	static
Com_Core_Write.c:5728:29:Com_EB_Write_AY_S0_EL_DUB_EOC_E2	32	static
Com_Core_Write.c:5587:29:Com_EB_Write_32_SX_EL_DUB_EOC_E2	32	static
Com_Core_Write.c:5527:29:Com_EB_Write_16_SX_EL_DUB_EOC_E2	32	static
Com_Core_Write.c:5468:29:Com_EB_Write_08_SX_EL_DUB_EOC_E2	32	static
Com_Core_Write.c:5433:29:Com_EB_Write_AY_S1_EL_DUB_EOC_E3	24	static
Com_Core_Write.c:5400:29:Com_EB_Write_AY_S0_EL_DUB_EOC_E1	32	static
Com_Core_Write.c:5259:29:Com_EB_Write_32_SX_EL_DUB_EOC_E1	32	static
Com_Core_Write.c:5199:29:Com_EB_Write_16_SX_EL_DUB_EOC_E1	32	static
Com_Core_Write.c:5140:29:Com_EB_Write_08_SX_EL_DUB_EOC_E1	32	static
Com_Core_Write.c:5105:29:Com_EB_Write_AY_S0_EL_DUB_DOC_E2	24	static
Com_Core_Write.c:4964:29:Com_EB_Write_32_SX_EL_DUB_DOC_E2	32	static
Com_Core_Write.c:4905:29:Com_EB_Write_16_SX_EL_DUB_DOC_E2	24	static
Com_Core_Write.c:4847:29:Com_EB_Write_08_SX_EL_DUB_DOC_E2	24	static
Com_Core_Write.c:4815:29:Com_EB_Write_AY_S1_EL_DUB_DOC_E3	24	static
Com_Core_Write.c:4784:29:Com_EB_Write_AY_S0_EL_DUB_DOC_E1	24	static
Com_Core_Write.c:4643:29:Com_EB_Write_32_SX_EL_DUB_DOC_E1	32	static
Com_Core_Write.c:4584:29:Com_EB_Write_16_SX_EL_DUB_DOC_E1	24	static
Com_Core_Write.c:4526:29:Com_EB_Write_08_SX_EL_DUB_DOC_E1	24	static
Com_Filter.c:53:38:Com_EB_FilterOneEveryN	24	static
Com_Filter.c:208:42:Com_EB_FilterUint8	16	static
Com_Filter.c:421:42:Com_EB_FilterUint16	16	static
Com_Filter.c:635:42:Com_EB_FilterUint32	16	static
Com_Filter.c:315:42:Com_EB_FilterSint8	16	static
Com_Filter.c:528:42:Com_EB_FilterSint16	16	static
Com_Filter.c:742:42:Com_EB_FilterSint32	16	static
Com_Core_TxIPdu.c:1197:39:Com_EB_TxDMQueue	24	static
Com_Core_TM.c:402:39:Com_EB_NTimesSendQueue	24	static
Com_Core_TM.c:533:39:Com_EB_PeriodicSendQueue	24	static
Com_Core_Read.c:2839:29:Com_EB_Read_ZS	8	static
Com_Core_Read.c:2812:29:Com_EB_Read_DET	8	static
Com_Core_Write.c:7130:29:Com_EB_Write_DET	8	static
Com_Core_Read.c:2533:29:Com_EB_Read_AY_EL_E3	16	static
Com_Core_Read.c:2509:29:Com_EB_Read_AY_DL_E3	0	static
Com_Core_TxIPdu.c:1327:44:Com_EB_ClearTxUpdateBits	24	static
Com_Core_RxUpdateBit.c:645:35:Com_EB_DisableSignalBasedDMFlag	40	static
Com_Core_RxUpdateBit.c:691:35:Com_EB_DisableSignalGroupBasedDMFlag	40	static
Com_Core_Write.c:7074:29:Com_EB_Write_BO_EL_DUB_DOC	4	static
Com_Filter.c:103:42:Com_EB_FilterBoolean	16	static
Com.c:507:39:Com_EB_SetBuffer	32	static
Com_Core_RxIPdu.c:1351:35:Com_EB_InitRxIPdu	32	static
Com_Core_TxIPdu.c:800:35:Com_EB_InitTx_Signal	0	static
Com_Core_Write.c:2287:29:Com_EB_Write_64_SX_DL_DUB_DOC_E1	64	static
Com_Core_Write.c:2601:29:Com_EB_Write_64_SX_DL_DUB_DOC_E2	64	static
Com_Core_Write.c:2893:29:Com_EB_Write_64_SX_DL_DUB_EOC_E1	64	static
Com_Core_Write.c:3213:29:Com_EB_Write_64_SX_DL_DUB_EOC_E2	64	static
Com_Core_Write.c:3503:29:Com_EB_Write_64_SX_DL_EUB_DOC_E1	64	static
Com_Core_Write.c:3821:29:Com_EB_Write_64_SX_DL_EUB_DOC_E2	64	static
Com_Core_Write.c:4115:29:Com_EB_Write_64_SX_DL_EUB_EOC_E1	64	static
Com_Core_Write.c:4442:29:Com_EB_Write_64_SX_DL_EUB_EOC_E2	64	static
Com_Core_RxIPdu.c:768:39:Com_EB_RxDMQueue.isra.0	8	static
Com_Core_RxUpdateBit.c:392:39:Com_EB_RxDMSignalGroupQueue.isra.0	12	static
Com_Core_RxUpdateBit.c:431:39:Com_EB_RxDMSignalQueue.isra.0	8	static
Com_Core_RxIPdu.c:483:35:Com_EB_HandleRxIPdu_EnableRxDM	48	static
Com_Core_TxSignal.c:572:40:Com_GetSendSignalRetVal.isra.0	0	static
Com_ReceiveSignal.c:526:22:Com_EB_Read_SignalExt	32	static
Com_Core_Write.c:6931:29:Com_EB_Write_64_SX_EL_EUB_EOC_E2	64	static
Com_Core_Write.c:6598:29:Com_EB_Write_64_SX_EL_EUB_EOC_E1	64	static
Com_Core_Write.c:6298:29:Com_EB_Write_64_SX_EL_EUB_DOC_E2	64	static
Com_Core_Write.c:5969:29:Com_EB_Write_64_SX_EL_EUB_DOC_E1	64	static
Com_Core_Write.c:5674:29:Com_EB_Write_64_SX_EL_DUB_EOC_E2	64	static
Com_Core_Write.c:5346:29:Com_EB_Write_64_SX_EL_DUB_EOC_E1	64	static
Com_Core_Write.c:5049:29:Com_EB_Write_64_SX_EL_DUB_DOC_E2	64	static
Com_Core_Write.c:4728:29:Com_EB_Write_64_SX_EL_DUB_DOC_E1	64	static
Com_Filter.c:849:42:Com_EB_FilterUint64	24	static
Com_Core_TxIPdu.c:1244:39:Com_EB_TxDM_TMNone	4	static
Com_Core_TxIPdu.c:1421:39:Com_EB_MdtQueue.isra.0	24	static
Com_Core_RxUpdateBit.c:242:42:Com_EB_CheckRxSignalUpdateBitAndDM.isra.0	48	static
Com_ReceiveSignal.c:591:71:Com_GetRxSignalCfg	8	static
Com_ReceiveSignalGroup.c:242:76:Com_GetRxSignalGroupCfg	8	static
Com_SendSignal.c:347:71:Com_GetTxSignalCfg	8	static
Com_SendSignalGroup.c:111:76:Com_GetTxSignalGroupCfg	8	static
Com_ReceiveSignalGroup.c:481:35:Com_CopyRxSignalGroupArray	32	static
Com_ReceiveSignalGroup.c:433:39:Com_CopyRxSignalGroupArray_Shadow	8	static
Com_ReceiveSignalGroup.c:394:35:Com_CopyRxSignalGroupArray_Array	16	static
Com_Core_TxSignalGroup.c:890:39:Com_EB_CalculateGroupSignalTM.isra.0	24	static
Com_Core_TxSignalGroup.c:695:38:Com_EB_WriteShadowBuffer.isra.0	48	static
Com_TxConfirmation.c:104:40:Com_EB_HandleTxConfirmations	0	static
Com_Core_TxIPdu.c:219:39:Com_EB_Send_Pdu	24	static
Com_Core_TM.c:285:39:Com_EB_Request_Send_Pdu	24	static
Com_Core_TM.c:79:39:Com_EB_SendUponSendApiCall	32	static
Com_Core_TxSignalGroup.c:378:36:Com_EB_CalculateSignalGroupTM	48	static
Com_Core_TxIPdu.c:883:35:Com_EB_StartIPdu	40	static
Com_Core_TxSignal.c:421:39:Com_EB_SendSignal_Transmit	8	static
Com_Core_TxSignal.c:523:39:Com_EB_WriteDynSignal_ExitArea_0	24	static
Com_MainFunctionRouteSignals.c:745:35:Com_EB_RouteSignalHelper_Write	32	static
Com_MainFunctionRouteSignals.c:545:35:Com_EB_RouteSignalHelper	64	static
Com_Core_TxSignalGroup.c:169:40:Com_EB_SendSignalGroup	24	static
Com_Core_Read.c:2792:29:Com_EB_Read_A1_EL	0	static
Com_Core_Write.c:7108:29:Com_EB_Write_A1_EL_DUB_DOC	0	static
Com_Core_TxIPdu.c:1115:35:Com_EB_InitTxIPdu	48	static
Com_Core_RxIPdu.c:559:35:Com_EB_HandleRxIPdu_DisableRxDM	16	static
Com_Core_IPduGroup.c:55:39:Com_EB_HandlePduGroupRx	56	static
Com_Filter.c:904:42:Com_EB_FilterSint64	24	static
Com.c:409:42:Com_EB_CalculateFilter	32	static
Com_Core_TxSignalGroup.c:959:35:Com_EB_SetGroupSignalTMSFlagOfSignalGroup	32	static
Com_Core_RxIPdu.c:391:39:Com_EB_NotifyReceivers.isra.0	56	static
Com_Core_TxSignal.c:193:22:Com_EB_Write_SignalExt	48	static
Com.c:718:27:Com_EB_TxDMDummyCbk	0	static
Com.c:723:27:Com_EB_CbkTxPrepDummyCbk	0	static
Com_IsValidConfig.c:578:32:Com_IsValidConfig	8	static
Com_Core_RxIPdu.c:1501:23:Com_GetRxIPduBuffer	16	static
Com_IpduGroupControl.c:70:22:Com_IpduGroupControl	48	static
Com_ReceptionDMControl.c:72:23:Com_ReceptionDMControl	0	static
Com_GetConfigurationId.c:57:24:Com_GetConfigurationId	8	static
Com_Init.c:85:22:Com_Init	48	static
Com_ClearIpduGroupVector.c:65:23:Com_ClearIpduGroupVector	0	static
Com_SetIpduGroup.c:70:23:Com_SetIpduGroup	8	static
Com_MainFunctionRouteSignals.c:1488:22:Com_MainFunctionRouteSignals	80	static
Com_MainFunctionRx.c:455:22:Com_MainFunctionRx	48	static
Com_MainFunctionTx.c:1243:22:Com_MainFunctionTx	64	static
Com_ReceiveSignal.c:671:23:Com_ReceiveSignal	24	static
Com_ReceiveShadowSignal.c:55:22:Com_ReceiveShadowSignal	0	static
Com_ReceiveSignal.c:757:23:Com_ReceiveDynSignal	40	static
Com_ReceiveSignal.c:844:39:Com_ComXf_GetRxSGId	8	static
Com_ReceiveSignalGroup.c:537:23:Com_ReceiveSignalGroup	16	static
Com_ReceiveSignalGroup.c:558:23:Com_ReceiveSignalGroupArray	24	static
Com_ReceiveSignalGroup.c:625:24:Com_ComXf_Get_RxSignalGroupSize	8	static
Com_RxIndication.c:158:22:Com_RxIndication	32	static
Com_RxIndication.c:339:22:Com_TpRxIndication	0	static
Com_SendSignal.c:82:23:Com_SendSignal	32	static
Com_SendSignal.c:179:23:Com_SendDynSignal	32	static
Com_SendSignal.c:322:39:Com_ComXf_GetTxSGId	8	static
Com_SendSignalGroup.c:242:23:Com_SendSignalGroup	16	static
Com_SendSignalGroup.c:264:23:Com_SendSignalGroupArray	32	static
Com_SendSignalGroup.c:309:24:Com_ComXf_TxPrepareBuffer	16	static
Com_SwitchIpduTxMode.c:61:22:Com_SwitchIpduTxMode	16	static
Com_TriggerIPDUSend.c:65:22:Com_TriggerIPDUSend	8	static
Com_TriggerTransmit.c:95:32:Com_TriggerTransmit	32	static
Com_TxConfirmation.c:345:23:Com_TxConfirmation	32	static
Com_TxConfirmation.c:397:23:Com_TpTxConfirmation	0	static
Com_UpdateShadowSignal.c:56:22:Com_UpdateShadowSignal	0	static
Com_GetVersionInfo.c:113:22:Com_GetVersionInfo	0	static
Com_DeInit.c:41:22:Com_DeInit	0	static
Com_GetStatus.c:48:32:Com_GetStatus	0	static
Com_CopyTxData.c:79:35:Com_CopyTxData	0	static
Com_CopyRxData.c:79:35:Com_CopyRxData	0	static
Com_StartOfReception.c:76:35:Com_StartOfReception	0	static
