ComM_HsmComMFnct.c:1823:33:ComM_IsFullComAllowed	0	static
ComM_HsmComMFnct.c:515:23:ComM_HsmComMSfFULL_COMMUNICATIONEntry	0	static
ComM_HsmComMFnct.c:550:26:ComM_HsmComMSfFULL_COMMUNICATIONGuard2	16	static
ComM_HsmComMFnct.c:598:23:ComM_HsmComMSfFULL_COM_NETWORK_REQUESTEDEntry	8	static
ComM_HsmComMFnct.c:696:23:ComM_HsmComMSfFULL_COM_NETWORK_REQUESTEDAction1	0	static
ComM_HsmComMFnct.c:718:26:ComM_HsmComMSfFULL_COM_NETWORK_REQUESTEDGuard2	8	static
ComM_HsmComMFnct.c:731:26:ComM_HsmComMSfFULL_COM_NETWORK_REQUESTEDGuard3	16	static
ComM_HsmComMFnct.c:777:23:ComM_HsmComMSfFULL_COM_NETWORK_REQUESTED_ENTRYEntry	0	static
ComM_HsmComMFnct.c:827:23:ComM_HsmComMSfFULL_COM_NETWORK_REQUESTED_ENTRYExit	0	static
ComM_HsmComMFnct.c:847:26:ComM_HsmComMSfFULL_COM_NETWORK_REQUESTED_ENTRYGuard1	8	static
ComM_HsmComMFnct.c:862:26:ComM_HsmComMSfFULL_COM_NETWORK_REQUESTED_ENTRYGuard2	0	static
ComM_HsmComMFnct.c:898:26:ComM_HsmComMSfFULL_COM_NETWORK_REQUESTED_ENTRYGuard3	0	static
ComM_HsmComMFnct.c:912:26:ComM_HsmComMSfFULL_COM_NETWORK_REQUESTED_ENTRYGuard4	0	static
ComM_HsmComMFnct.c:934:26:ComM_HsmComMSfFULL_COM_NETWORK_REQUESTED_PENDINGGuard1	0	static
ComM_HsmComMFnct.c:957:23:ComM_HsmComMSfFULL_COM_READY_SLEEPEntry	8	static
ComM_HsmComMFnct.c:1029:23:ComM_HsmComMSfFULL_COM_READY_SLEEPExit	0	static
ComM_HsmComMFnct.c:1050:26:ComM_HsmComMSfFULL_COM_READY_SLEEPGuard1	0	static
ComM_HsmComMFnct.c:1094:26:ComM_HsmComMSfFULL_COM_READY_SLEEPGuard2	8	static
ComM_HsmComMFnct.c:1107:23:ComM_HsmComMSfFULL_COM_READY_SLEEPAction3	0	static
ComM_HsmComMFnct.c:1140:23:ComM_HsmComMSfNO_COMMUNICATIONEntry	16	static
ComM_HsmComMFnct.c:1206:23:ComM_HsmComMSfNO_COM_NO_PENDING_REQUESTEntry	0	static
ComM_HsmComMFnct.c:1215:23:ComM_HsmComMSfNO_COM_NO_PENDING_REQUESTAction1	0	static
ComM_HsmComMFnct.c:1226:26:ComM_HsmComMSfNO_COM_NO_PENDING_REQUESTGuard2	0	static
ComM_HsmComMFnct.c:1251:23:ComM_HsmComMSfNO_COM_REQUEST_PENDINGEntry	0	static
ComM_HsmComMFnct.c:1269:26:ComM_HsmComMSfNO_COM_REQUEST_PENDINGGuard1	0	static
ComM_HsmComMFnct.c:1280:26:ComM_HsmComMSfNO_COM_REQUEST_PENDINGGuard2	0	static
ComM_HsmComMFnct.c:1295:23:ComM_HsmComMSfNO_COM_REQUEST_PENDINGAction2	0	static
ComM_HsmComMFnct.c:1310:23:ComM_HsmComMSfNO_COM_REQUEST_PENDINGAction3	0	static
ComM_HsmComMFnct.c:1323:26:ComM_HsmComMSfNO_COM_REQUEST_PENDINGGuard4	0	static
ComM_HsmComMFnct.c:1337:26:ComM_HsmComMSfNO_COM_REQUEST_PENDINGGuard5	0	static
ComM_HsmComMFnct.c:1363:23:ComM_HsmComMSfSILENT_COMMUNICATIONEntry	0	static
ComM_HsmComMFnct.c:1392:26:ComM_HsmComMSfSILENT_COMMUNICATIONGuard1	16	static
ComM_HsmComMFnct.c:1425:26:ComM_HsmComMSfSILENT_COMMUNICATIONGuard2	0	static
ComM_HsmComMFnct.c:1458:26:ComM_HsmComMSfSILENT_COMMUNICATIONGuard3	0	static
ComM_HsmComMFnct.c:1472:23:ComM_ProcessTimers	0	static
ComM_HsmComMFnct.c:1647:23:ComM_SwitchCurrentRteMode	32	static
ComM_HsmComMFnct.c:1524:23:ComM_Notify2Arg	32	static
ComM_HsmComMFnct.c:492:23:ComM_HsmComMSfTOPAction1	0	static
ComM_HsmComMFnct.c:1934:6:ComM_RteNotificationDoAction	0	static
