CryIf.c:87:24:CryIf_Init	0	static
CryIf.c:163:34:CryIf_ProcessJob	16	static
CryIf.c:371:34:CryIf_CancelJob	16	static
CryIf.c:482:24:CryIf_CallbackNotification	4	static
CryIf.c:521:34:CryIf_KeyElementSet	16	static
CryIf.c:594:34:CryIf_KeySetValid	8	static
CryIf.c:636:35:CryIf_KeyElementGet	16	static
CryIf.c:720:34:CryIf_KeyElementCopy	32	static
CryIf.c:947:35:CryIf_KeyCopy	64	static
CryIf.c:1099:35:CryIf_RandomSeed	16	static
CryIf.c:1170:33:CryIf_KeyGenerate	8	static
CryIf.c:1212:34:CryIf_KeyDerive	8	static
CryIf.c:1274:34:CryIf_KeyExchangeCalcPubVal	16	static
CryIf.c:1357:34:CryIf_KeyExchangeCalcSecret	16	static
CryIf.c:1428:34:CryIf_CertificateParse	8	static
CryIf.c:1473:34:CryIf_CertificateVerify	16	static
