Crypto_AL_Mac.c:4067:32:Crypto_AL_MACGENERATE_AES_CMAC_Reset	8	static
Crypto_AL_Mac.c:4889:32:Crypto_AL_MACVERIFY_AES_CMAC_Reset	8	static
Crypto_AL_Mac.c:4605:32:Crypto_CMACGenStateUpdCpFromInput	16	static
Crypto_AL_Mac.c:5418:32:Crypto_CMACVrfyStateUpdCpFromInput	16	static
Crypto_AL_Mac.c:4078:32:Crypto_AL_MACGENERATE_AES_CMAC_CallBack	24	static
Crypto_AL_Mac.c:4900:32:Crypto_AL_MACVERIFY_AES_CMAC_CallBack	24	static
Crypto_AL_Mac.c:3996:42:Crypto_CipherMiddleBlocks.isra.0	48	static
Crypto_AL_Mac.c:3977:32:Crypto_CMACCalcKx.constprop	8	static
Crypto_AL_Mac.c:5253:32:Crypto_CMACVrfyCallback	8	static
Crypto_AL_Mac.c:4432:32:Crypto_CMACGenCallback	8	static
Crypto_AL_Mac.c:2768:35:Crypto_AL_MACGENERATE_AES_CMAC_Start	56	static
Crypto_AL_Mac.c:2806:35:Crypto_AL_MACGENERATE_AES_CMAC_Update	8	static
Crypto_AL_Mac.c:2823:35:Crypto_AL_MACGENERATE_AES_CMAC_Finish	24	static
Crypto_AL_Mac.c:2842:35:Crypto_AL_MACGENERATE_AES_CMAC_SyncSingleCall	56	static
Crypto_AL_Mac.c:3066:35:Crypto_AL_MACGENERATE_AES_CMAC_Cancel	8	static
Crypto_AL_Mac.c:3094:25:Crypto_AL_MACGENERATE_AES_CMAC_MainFunction	24	static
Crypto_AL_Mac.c:3110:35:Crypto_AL_MACVERIFY_AES_CMAC_Start	56	static
Crypto_AL_Mac.c:3147:35:Crypto_AL_MACVERIFY_AES_CMAC_Update	8	static
Crypto_AL_Mac.c:3164:35:Crypto_AL_MACVERIFY_AES_CMAC_Finish	24	static
Crypto_AL_Mac.c:3183:35:Crypto_AL_MACVERIFY_AES_CMAC_SyncSingleCall	56	static
Crypto_AL_Mac.c:3417:35:Crypto_AL_MACVERIFY_AES_CMAC_Cancel	8	static
Crypto_AL_Mac.c:3444:25:Crypto_AL_MACVERIFY_AES_CMAC_MainFunction	24	static
Crypto_AL_Mac.c:3459:25:Crypto_AL_AESCMAC_PrecalculateKeys	56	static
