Csm.c:477:22:Csm_CallbackNotification	12	static
Csm.c:530:32:Csm_CancelJob	32	static
Csm.c:657:32:Csm_CertificateParse	8	static
Csm.c:699:32:Csm_CertificateVerify	8	static
Csm.c:1203:22:Csm_Init	32	static
Csm.c:1284:32:Csm_KeyCopy	8	static
Csm.c:1336:32:Csm_KeyDerive	8	static
Csm.c:1388:32:Csm_KeyElementCopy	8	static
Csm.c:1442:32:Csm_KeyElementGet	16	static
Csm.c:1516:32:Csm_KeyElementSet	16	static
Csm.c:1570:32:Csm_KeyExchangeCalcPubVal	16	static
Csm.c:1643:32:Csm_KeyExchangeCalcSecret	8	static
Csm.c:1707:32:Csm_KeyGenerate	8	static
Csm.c:1749:32:Csm_KeySetValid	8	static
Csm.c:2239:32:Csm_RandomSeed	8	static
Csm.c:4232:32:Csm_Process	48	static
Csm.c:1791:32:Csm_MacGenerate	80	static
Csm.c:1928:32:Csm_MacVerify	80	static
