Dcm_Dsp_SvcH_SecurityAccess.c:1890:39:Dcm_Dsp_SecurityAccess_SvcCont	64	static
Dcm_Dsp_SvcH_SecurityAccess.c:1548:29:Dcm_Dsp_SecurityAccess_StartDelayTimer	8	static
Dcm_Dsp_SvcH_SecurityAccess.c:545:22:Dcm_Dsp_SecurityAccess_Reset	0	static
Dcm_Dsp_SvcH_SecurityAccess.c:552:22:Dcm_Dsp_SecurityAccess_Init	0	static
Dcm_Dsp_SvcH_SecurityAccess.c:592:32:Dcm_Dsp_SecurityAccess_SvcH	16	static
Dcm_Dsp_SvcH_SecurityAccess.c:673:22:Dcm_Dsp_SecurityAccess_MainFunction	24	static
Dcm_Dsp_SvcH_SecurityAccess.c:704:22:Dcm_Dsp_SecurityAccess_SessionChange	0	static
