Dcm_Dsl_RoeServices.c:1165:29:Dcm_Dsl_RoeServices_ChangeState	16	static
Dcm_Dsl_RoeServices.c:1200:39:Dcm_Dsl_RoeServices_RoeEventDispatch.constprop	24	static
Dcm_Dsl_RoeServices.c:714:29:Dcm_Dem_RoeServices_CommonTriggerProcedure	24	static
Dcm_Dsl_RoeServices.c:265:22:Dcm_Dsl_RoeServices_ClearEvents	16	static
Dcm_Dsl_RoeServices.c:357:29:Dcm_Dsl_RoeServices_InitPreconf	16	static
Dcm_Dsl_RoeServices.c:303:22:Dcm_Dsl_RoeServices_MainFunction	32	static
Dcm_Dsl_RoeServices.c:334:22:Dcm_Dsl_RoeServices_Init	0	static
Dcm_Dsl_RoeServices.c:346:25:Dcm_Dsl_RoeServices_IsInitialized	0	static
Dcm_Dsl_RoeServices.c:592:32:Dcm_Dsl_RoeServices_GetRxPduId	0	static
Dcm_Dsl_RoeServices.c:616:22:Dcm_Dsl_RoeServices_SessionChange	16	static
Dcm_Dsl_RoeServices.c:663:32:Dcm_Dsl_RoeServices_TriggerOnEvent	8	static
Dcm_Dsl_RoeServices.c:689:22:Dcm_Dsl_RoeServices_TriggerOnDTCStatus	8	static
Dcm_Dsl_RoeServices.c:772:32:Dcm_Dsl_RoeServices_StopResponseOnEvent	40	static
Dcm_Dsl_RoeServices.c:851:22:Dcm_Dsl_RoeServices_ReportActivatedEvents	48	static
Dcm_Dsl_RoeServices.c:949:32:Dcm_Dsl_RoeServices_StartResponseOnEvent	32	static
