Dcm_Dsp_SvcH_ReadDTCInformation.c:2217:39:Dcm_DspInternal_ReadDTCInformation_SvcCont	8	static
Dcm_Dsp_SvcH_ReadDTCInformation.c:2324:29:Dcm_DspInternal_UpdateResponseBuffer	16	static
Dcm_Dsp_SvcH_ReadDTCInformation.c:2450:39:Dcm_DspInternal_ProcessPageDtcExtDataRecord	0	static
Dcm_Dsp_SvcH_ReadDTCInformation.c:2478:39:Dcm_DspInternal_ProcessPageFilteredDTCs	0	static
Dcm_Dsp_SvcH_ReadDTCInformation.c:303:32:Dcm_DspInternal_ReadDTCInformation_SvcH	32	static
Dcm_Dsp_SvcH_ReadDTCInformation.c:733:32:Dcm_DspInternal_ReportNumberOfDTCByStatusMask_SSvcH	24	static
Dcm_Dsp_SvcH_ReadDTCInformation.c:789:32:Dcm_DspInternal_ReportDTCByStatusMask_SSvcH	24	static
Dcm_Dsp_SvcH_ReadDTCInformation.c:994:32:Dcm_DspInternal_ReportDtcSnapshotRecordByDtcNumber_SSvcH	16	static
Dcm_Dsp_SvcH_ReadDTCInformation.c:1088:32:Dcm_DspInternal_ReportDtcExtendedDataRecordByDtcNumber_SSvcH	16	static
Dcm_Dsp_SvcH_ReadDTCInformation.c:1392:32:Dcm_DspInternal_ReportSupportedDtcs_SSvcH	16	static
Dcm_Dsp_SvcH_ReadDTCInformation.c:1505:32:Dcm_DspInternal_ReportDTCFaultDetectionCounter_SSvcH	16	static
Dcm_Dsp_SvcH_ReadDTCInformation.c:1620:32:Dcm_DspInternal_ReportUserDefMemoryDTCByStatusMask_SSvcH	16	static
Dcm_Dsp_SvcH_ReadDTCInformation.c:1684:3:Dcm_DspInternal_ReportUserDefMemoryDtcSnapshotRecordByDtcNumber_SSvcH	16	static
Dcm_Dsp_SvcH_ReadDTCInformation.c:1765:3:Dcm_DspInternal_ReportUserDefMemoryDtcExtendedDataRecordByDtcNumber_SSvcH	16	static
