Dcm_Dsl_DiagnosticSessionHandler.c:1021:29:Dcm_Dsl_DiagnosticSessionHandler_DoSwitch	56	static
Dcm_Dsl_DiagnosticSessionHandler.c:185:22:Dcm_Dsl_DiagnosticSessionHandler_Init	0	static
Dcm_Dsl_DiagnosticSessionHandler.c:222:22:Dcm_Dsl_DiagnosticSessionHandler_S3TimerHandlingMainFunction	8	static
Dcm_Dsl_DiagnosticSessionHandler.c:312:22:Dcm_Dsl_DiagnosticSessionHandler_P2TimerHandlingMainFunction	32	static
Dcm_Dsl_DiagnosticSessionHandler.c:389:24:Dcm_Dsl_DiagnosticSessionHandler_GetSessionMaxRcrrp	0	static
Dcm_Dsl_DiagnosticSessionHandler.c:432:33:Dcm_Dsl_DiagnosticSessionHandler_GetCurrentSession	0	static
Dcm_Dsl_DiagnosticSessionHandler.c:446:39:Dcm_Dsl_DiagnosticSessionHandler_GetNonDefaultSessionProtocolIndex	0	static
Dcm_Dsl_DiagnosticSessionHandler.c:460:45:Dcm_Dsl_DiagnosticSessionHandler_GetNonDefaultSessionMainConnection	0	static
Dcm_Dsl_DiagnosticSessionHandler.c:474:22:Dcm_Dsl_DiagnosticSessionHandler_ResetToDefaultSession	16	static
Dcm_Dsl_DiagnosticSessionHandler.c:521:22:Dcm_Dsl_DiagnosticSessionHandler_SetSession	24	static
Dcm_Dsl_DiagnosticSessionHandler.c:580:22:Dcm_Dsl_DiagnosticSessionHandler_SwitchCurrentSession	8	static
Dcm_Dsl_DiagnosticSessionHandler.c:648:22:Dcm_Dsl_DiagnosticSessionHandler_StartP2Timer	24	static
Dcm_Dsl_DiagnosticSessionHandler.c:718:22:Dcm_Dsl_DiagnosticSessionHandler_StartS3Timer	8	static
Dcm_Dsl_DiagnosticSessionHandler.c:741:22:Dcm_Dsl_DiagnosticSessionHandler_StopTimer	8	static
Dcm_Dsl_DiagnosticSessionHandler.c:789:22:Dcm_Dsl_DiagnosticSessionHandler_AllocateP2Timer	0	static
Dcm_Dsl_DiagnosticSessionHandler.c:806:22:Dcm_Dsl_DiagnosticSessionHandler_FreeP2Timer	0	static
Dcm_Dsl_DiagnosticSessionHandler.c:823:22:Dcm_Dsl_DiagnosticSessionHandler_GiveP2Timer	0	static
Dcm_Dsl_DiagnosticSessionHandler.c:839:36:Dcm_Dsl_DiagnosticSessionHandler_GetTimerValue	16	static
Dcm_Dsl_DiagnosticSessionHandler.c:864:36:Dcm_Dsl_DiagnosticSessionHandler_GetP2StarMaxTime	16	static
Dcm_Dsl_DiagnosticSessionHandler.c:899:36:Dcm_Dsl_DiagnosticSessionHandler_GetP2MaxTime	16	static
Dcm_Dsl_DiagnosticSessionHandler.c:934:22:Dcm_Dsl_DiagnosticSessionHandler_ClearResetToDefaultSessionOccured	0	static
Dcm_Dsl_DiagnosticSessionHandler.c:963:25:Dcm_Dsl_DiagnosticSessionHandler_GetResetToDefaultSessionOccured	0	static
Dcm_Dsl_DiagnosticSessionHandler.c:996:25:Dcm_Dsl_DiagnosticSessionHandler_GetPreemptionOccured	0	static
