Dcm_Dsl_Supervisor_ProtocolHandling.c:2326:33:Dcm_Dsl_Supervisor_ProtocolHandling_ProtocolIsPresumptive	0	static
Dcm_Dsl_Supervisor_ProtocolHandling.c:2376:33:Dcm_Dsl_Supervisor_ProtocolHandling_ProtocolIsBusy	0	static
Dcm_Dsl_Supervisor_ProtocolHandling.c:2427:47:Dcm_Dsl_Supervisor_ProtocolHandling_GetCurrentProtocolOnStack	0	static
Dcm_Dsl_Supervisor_ProtocolHandling.c:2481:33:Dcm_Dsl_Supervisor_ProtocolHandling_StackCanAcceptTYPE1Request	8	static
Dcm_Dsl_Supervisor_ProtocolHandling.c:2609:47:Dcm_Dsl_Supervisor_GetTYPE1PresumptiveProtocolOnStack	0	static
Dcm_Dsl_Supervisor_ProtocolHandling.c:537:23:Dcm_Dsl_Supervisor_ProtocolHandling_Init	12	static
Dcm_Dsl_Supervisor_ProtocolHandling.c:609:3:Dcm_Dsl_Supervisor_ProtocolHandling_GetLatestExternalUDSProtocolConfig	0	static
Dcm_Dsl_Supervisor_ProtocolHandling.c:624:26:Dcm_Dsl_Supervisor_ProtocolHandling_PreemptionNecessaryOnStack	8	static
Dcm_Dsl_Supervisor_ProtocolHandling.c:658:23:Dcm_Dsl_Supervisor_ProtocolHandling_TerminateCurrentProtocolOnSameStack	16	static
Dcm_Dsl_Supervisor_ProtocolHandling.c:819:3:Dcm_Dsl_Supervisor_ProtocolHandling_GetProtocolGroupTypeForProtocol	0	static
Dcm_Dsl_Supervisor_ProtocolHandling.c:864:55:Dcm_Dsl_Supervisor_ProtocolHandling_GetProtocolRequestType	0	static
Dcm_Dsl_Supervisor_ProtocolHandling.c:872:50:Dcm_Dsl_Supervisor_ProtocolHandling_IsSessionClearedToSwitch	16	static
Dcm_Dsl_Supervisor_ProtocolHandling.c:944:23:Dcm_Dsl_Supervisor_ProtocolHandling_ProtocolFree	40	static
Dcm_Dsl_Supervisor_ProtocolHandling.c:1130:3:Dcm_Dsl_Supervisor_ProtocolHandling_TYPE1RequestPriorityAssessment	48	static
Dcm_Dsl_Supervisor_ProtocolHandling.c:1555:3:Dcm_Dsl_Supervisor_ProtocolHandling_CancelOngoingReceptionsOnLowerPriorityProtocolsOfSameStack	56	static
Dcm_Dsl_Supervisor_ProtocolHandling.c:1599:23:Dcm_Dsl_Supervisor_ProtocolHandling_ClearPresumptiveProtocol	16	static
Dcm_Dsl_Supervisor_ProtocolHandling.c:566:23:Dcm_Dsl_Supervisor_ProtocolHandling_MainFunction	104	static
Dcm_Dsl_Supervisor_ProtocolHandling.c:3292:30:Dcm_Dsl_Supervisor_ProtocolHandling_CancelPresumptiveProtocol	56	static
Dcm_Dsl_Supervisor_ProtocolHandling.c:1634:23:Dcm_Dsl_Supervisor_ProtocolHandling_CancelTYPE1PresumptiveProtocolsOnSameStack	16	static
Dcm_Dsl_Supervisor_ProtocolHandling.c:1664:23:Dcm_Dsl_Supervisor_ProtocolHandling_EnqueueAsPresumptive	48	static
Dcm_Dsl_Supervisor_ProtocolHandling.c:1770:23:Dcm_Dsl_Supervisor_ProtocolHandling_CancelROEProcessingOnAllProtocols	8	static
Dcm_Dsl_Supervisor_ProtocolHandling.c:1847:3:Dcm_Dsl_Supervisor_ProtocolHandling_CancelUDSProtocolsInNonDefaultSession	32	static
Dcm_Dsl_Supervisor_ProtocolHandling.c:1959:3:Dcm_Dsl_Supervisor_ProtocolHandling_GetLatestExternalUDSProtocolIndex	0	static
Dcm_Dsl_Supervisor_ProtocolHandling.c:1967:23:Dcm_Dsl_Supervisor_ProtocolHandling_P2TimerTimeout	56	static
Dcm_Dsl_Supervisor_ProtocolHandling.c:2121:23:Dcm_Dsl_Supervisor_ProtocolHandling_RCRRPSent	0	static
Dcm_Dsl_Supervisor_ProtocolHandling.c:2142:23:Dcm_Dsl_Supervisor_ProtocolHandling_RCRRPTransmissionFinished	8	static
Dcm_Dsl_Supervisor_ProtocolHandling.c:2173:26:Dcm_Dsl_Supervisor_ProtocolHandling_ProtocolIsBusyWithType1ROE	8	static
Dcm_Dsl_Supervisor_ProtocolHandling.c:2196:3:Dcm_Dsl_Supervisor_ProtocolHandling_PresumptiveProtocolEnd	8	static
