Dem_DcmIfOBD.c:102:32:Dem_SetEventDisabled	8	static
Dem_DcmIfOBD.c:216:32:Dem_SetPtoStatus	8	static
Dem_DcmIfOBD.c:255:32:Dem_SetPfcCycleQualified	8	static
Dem_DcmIfOBD.c:289:32:Dem_GetPfcCycleQualified	8	static
Dem_DcmIfOBD.c:331:22:Dem_ResetReadiness	16	static
Dem_DcmIfOBD.c:471:32:Dem_RepIUMPRFaultDetect	8	static
Dem_DcmIfOBD.c:504:32:Dem_RepIUMPRDenLock	8	static
Dem_DcmIfOBD.c:536:32:Dem_RepIUMPRDenRelease	8	static
Dem_DcmIfOBD.c:571:32:Dem_DcmGetInfoTypeValue08	8	static
Dem_DcmIfOBD.c:620:32:Dem_DcmGetInfoTypeValue0B	8	static
Dem_DcmIfOBD.c:672:32:Dem_DcmReadDataOfPID01	48	static
Dem_DcmIfOBD.c:826:32:Dem_DcmReadDataOfPID21	8	static
Dem_DcmIfOBD.c:888:32:Dem_DcmReadDataOfPID30	8	static
Dem_DcmIfOBD.c:929:32:Dem_DcmReadDataOfPID31	8	static
Dem_DcmIfOBD.c:987:32:Dem_DcmReadDataOfPID41	32	static
Dem_DcmIfOBD.c:1140:32:Dem_DcmReadDataOfPID4D	8	static
Dem_DcmIfOBD.c:1178:32:Dem_DcmReadDataOfPID4E	8	static
Dem_DcmIfOBD.c:1217:32:Dem_DcmReadDataOfPID1C	8	static
Dem_DcmIfOBD.c:1256:32:Dem_DcmReadDataOfPID91	8	static
Dem_DcmIfOBD.c:1294:32:Dem_DcmReadDataOfOBDFreezeFrame	40	static
Dem_DcmIfOBD.c:1473:32:Dem_DcmGetDTCOfOBDFreezeFrame	32	static
Dem_DcmIfOBD.c:1600:32:Dem_DcmGetAvailableOBDMIDs	8	static
Dem_DcmIfOBD.c:1638:32:Dem_DcmGetNumTIDsOfOBDMID	8	static
Dem_DcmIfOBD.c:1676:32:Dem_DcmGetDTRData	16	static
