Dem_Core.c:1647:24:Dem_GetVisibleUdsDTC	0	static
Dem_Core.c:1781:24:Dem_GetVisibleObdDTC	0	static
Dem_Core.c:6869:29:Dem_ResetDebounceCounterBased	0	static
Dem_Core.c:6930:29:Dem_ResetDebounceMonitor	0	static
Dem_Core.c:7705:39:Dem_GetFDCCounterBased	0	static
Dem_Core.c:6943:29:Dem_DebounceEventCounterBased	24	static
Dem_Core.c:6882:29:Dem_FreezeDebounceCounterBased	0	static
Dem_Core.c:8194:31:Dem_InternalGetUdsDTC	0	static
Dem_Core.c:8269:31:Dem_InternalGetObdDTC	0	static
Dem_Core.c:1623:24:Dem_GbiUdsDTC	0	static
Dem_Core.c:1635:24:Dem_GetUdsDTC	0	static
Dem_Core.c:1677:24:Dem_GetVisibleCmbDTC	4	static
Dem_Core.c:1769:24:Dem_GetObdDTC	0	static
Dem_Core.c:1812:33:Dem_GbiDTCKind	0	static
Dem_Core.c:1828:24:Dem_GetVisibleDTC	0	static
Dem_Core.c:1859:35:Dem_GbiDTCOrigin	0	static
Dem_Core.c:1877:23:Dem_GbiDTCOriginIdx	0	static
Dem_Core.c:1890:23:Dem_GbiDTCGroupIdx	0	static
Dem_Core.c:1905:25:Dem_GbiImmediateStorage	0	static
Dem_Core.c:1920:37:Dem_GbiDTCSeverity	0	static
Dem_Core.c:1943:23:Dem_GbiDTCFunctionalUnit	0	static
Dem_Core.c:1958:25:Dem_GbiEnablePrestorage	0	static
Dem_Core.c:1979:36:Dem_GbiFFClassIdx	0	static
Dem_Core.c:1993:40:Dem_GbiEvSignificance	0	static
Dem_Core.c:2009:31:Dem_GbiMaxNumFFRecs	0	static
Dem_Core.c:2031:42:Dem_GbiFFRecNumClassIdx	0	static
Dem_Core.c:2047:36:Dem_GbiEDClassIdx	0	static
Dem_Core.c:2061:42:Dem_GbiOpCycleIdx	0	static
Dem_Core.c:2087:42:Dem_GbiIndicatorHealingCycleIdx	0	static
Dem_Core.c:2125:42:Dem_GbiIndicatorFailureCycleIdx	0	static
Dem_Core.c:2162:37:Dem_GbiNumAgingCycles	0	static
Dem_Core.c:2207:24:Dem_GbiEventFailureClassIdx	0	static
Dem_Core.c:2222:42:Dem_GbiEventFailureCycleIdx	0	static
Dem_Core.c:2245:38:Dem_GbiEnCondGrpIdx	0	static
Dem_Core.c:2445:25:Dem_GbiIndicatorUsed	0	static
Dem_Core.c:2462:34:Dem_GbiPriority	0	static
Dem_Core.c:2482:34:Dem_GbiDebounceAlgo	0	static
Dem_Core.c:2497:49:Dem_GbiDebounceCounterClassIdx	0	static
Dem_Core.c:2512:33:Dem_GbiDebounceStatusIdx	0	static
Dem_Core.c:2559:35:Dem_GbiEventKind	0	static
Dem_Core.c:2575:25:Dem_GbiMinRatioEvent	0	static
Dem_Core.c:2617:48:Dem_GbiOBDReadinessGroup	0	static
Dem_Core.c:2740:25:Dem_SearchForEntry	20	static
Dem_Core.c:8283:39:Dem_InternalCheckAndSetDTCSuppression	24	static
Dem_Core.c:2785:22:Dem_SetEvEntryExists	8	static
Dem_Core.c:2815:22:Dem_InitEvEntryExists	0	static
Dem_Core.c:2895:25:Dem_CheckFFRecNumValid	0	static
Dem_Core.c:2937:23:Dem_CheckFFRecNumStored	12	static
Dem_Core.c:2994:3:Dem_IntValEntryData	0	static
Dem_Core.c:3014:34:Dem_FindEDNumIndex	20	static
Dem_Core.c:3268:22:Dem_PermanentMemoryNotifyClear	8	static
Dem_Core.c:3300:32:Dem_PermanentMemoryAddEntry	20	static
Dem_Core.c:1427:25:Dem_ProcessIndicatorFailureCycleCounter	32	static
Dem_Core.c:1355:25:Dem_CheckForEventWIRUpdate	8	static
Dem_Core.c:3402:22:Dem_PermanentMemoryRemoveEntry	8	static
Dem_Core.c:3646:25:Dem_DebounceEvent	16	static
Dem_Core.c:3755:22:Dem_InternalSetSwcEventStatus	48	static
Dem_Core.c:3962:22:Dem_InternalSetBswEventStatus	40	static
Dem_Core.c:4033:22:Dem_UpdateEventStatusOnQualification	16	static
Dem_Core.c:4387:32:Dem_NvMReadCopyEventStatusBlock	16	static
Dem_Core.c:4440:32:Dem_NvMWriteCopyEventStatusBlock	16	static
Dem_Core.c:4516:32:Dem_NvMEventStatusBlockCallback	8	static
Dem_Core.c:4673:32:Dem_NvMWriteFinishedPermanentMemory	8	static
Dem_Core.c:4734:32:Dem_NvMReadCopyPermanentMemory	16	static
Dem_Core.c:4802:32:Dem_NvMWriteCopyPermanentMemory	24	static
Dem_Core.c:4936:32:Dem_InternalSetDTCSuppression	0	static
Dem_Core.c:4984:41:Dem_InternalGetIndicatorStatus	24	static
Dem_Core.c:5584:32:Dem_SizeOfFFSegment	0	static
Dem_Core.c:5545:32:Dem_SizeOfFF	32	static
Dem_Core.c:5599:35:Dem_GetNumFFSegs	0	static
Dem_Core.c:5664:32:Dem_SizeOfEDSegment	0	static
Dem_Core.c:5644:32:Dem_SizeOfED	16	static
Dem_Core.c:6058:23:Dem_SizeOfIntValArea	0	static
Dem_Core.c:2860:58:Dem_FFEntryData	32	static
Dem_Core.c:2975:3:Dem_EDEntryData	8	static
Dem_Core.c:5739:39:Dem_AssembleExtendedDataSeg	40	static
Dem_Core.c:4295:39:Dem_EvMemEntrySize	16	static
Dem_Core.c:6077:22:Dem_ShiftData	0	static
Dem_Core.c:4202:22:Dem_ClearEventEntry	32	static
Dem_Core.c:6171:32:Dem_TriggerNvmWriteEventStatus	24	static
Dem_Core.c:6239:22:Dem_CheckForTriggerNvmWriteGateEntry	56	static
Dem_Core.c:3079:32:Dem_InternalSetEventStatus	40	static
Dem_Core.c:3169:32:Dem_InternalProcessEventReport	8	static
Dem_Core.c:6512:22:Dem_StoreImmediately	56	static
Dem_Core.c:6363:32:Dem_StoreImmediatelyNext	24	static
Dem_Core.c:4613:32:Dem_NvMGateEntryPrimaryBlockCallback	8	static
Dem_Core.c:4632:32:Dem_NvMGateEntrySecondaryBlockCallback	8	static
Dem_Core.c:6097:22:Dem_CheckForImmediateEntryStorage	24	static
Dem_Core.c:6793:22:Dem_ClearAgedEventEntry	8	static
Dem_Core.c:8080:25:Dem_IsEventsMILIndicatorActive	20	static
Dem_Core.c:3449:22:Dem_PermanentMemoryStatusUpdate	40	static
Dem_Core.c:8554:35:Dem_GetMappedDTCOrigin	0	static
