EcuC.c:73:23:EcuC_InitRx	0	static
EcuC.c:82:36:EcuC_StartOfReception	8	static
EcuC.c:142:36:EcuC_CopyRxData	24	static
EcuC.c:198:26:EcuC_RxBufferIsLocked	0	static
EcuC.c:227:33:EcuC_CopyRxDataDet	0	static
EcuC.c:255:33:EcuC_StartOfReceptionDet	0	static
EcuC.c:278:33:EcuC_TpRxIndication	16	static
EcuC.c:319:23:EcuC_InitTx	0	static
EcuC.c:328:36:EcuC_CopyTxData	24	static
EcuC.c:396:26:EcuC_TxBufferIsLocked	0	static
EcuC.c:420:33:EcuC_TpTransmit	16	static
EcuC.c:457:33:EcuC_TpTxConfirmation	8	static
