Fee.c:807:35:Fee_JobSystemDone	0	static
Fee.c:1642:15:Fee_GetBlockIndex	16	static
Fee.c:1842:15:Fee_AlignToVirtualPageSize	0	static
Fee.c:4067:28:Fee_JobWriteBlockDone	0	static
Fee.c:4171:28:Fee_JobInvalidateBlockDone	0	static
Fee.c:4304:16:Fee_ReservedAreaWritable	24	static
Fee.c:2417:28:Fee_JobInternalScanBlockHdrRead	8	static
Fee.c:3227:28:Fee_JobReadBlock	8	static
Fee.c:2998:28:Fee_JobInternalScanClusterHdrRead	8	static
Fee.c:3056:28:Fee_JobInternalScan	0	static
Fee.c:4047:28:Fee_JobSetModeTransfer	8	static
Fee.c:798:35:Fee_JobInternalSwapDataWrite_Wrapper	8	static
Fee.c:2491:28:Fee_JobInternalScanCluster	8	static
Fee.c:2634:28:Fee_JobInternalScanClusterFmtDone	8	static
Fee.c:3687:28:Fee_JobWriteBlockData	24	static
Fee.c:2219:28:Fee_JobInternalSwapClusterFmt	24	static
Fee.c:1190:23:Fee_DeserializeFlag	0	static
Fee.c:4108:28:Fee_JobInvalidateBlock	8	static
Fee.c:3963:28:Fee_JobWriteBlockValidate	8	static
Fee.c:2376:28:Fee_JobInternalSwap	8	static
Fee.c:4199:28:Fee_JobEraseImmediateBlock	8	static
Fee.c:3828:28:Fee_JobWriteBlock	24	static
Fee.c:3466:28:Fee_JobInternalSwapClusterVldDone	40	static
Fee.c:2878:28:Fee_JobInternalScanBlockHdrParse	56	static
Fee.c:780:35:Fee_JobInternalScanBlockHdrParse_Wrapper	0	static
Fee.c:2553:28:Fee_JobInternalScanClusterFmt	8	static
Fee.c:3133:28:Fee_JobInternalScanClusterHdrParse	40	static
Fee.c:771:35:Fee_JobInternalScanClusterHdrParse_Wrapper	0	static
Fee.c:3880:28:Fee_JobWriteBlockUnalignedData	16	static
Fee.c:1984:28:Fee_JobInternalSwapBlock	24	static
Fee.c:789:35:Fee_JobInternalSwapDataRead_Wrapper	16	static
Fee.c:4856:6:Fee_Init	4	static
Fee.c:4938:6:Fee_SetMode	0	static
Fee.c:4992:16:Fee_Read	24	static
Fee.c:5105:16:Fee_Write	16	static
Fee.c:5176:6:Fee_Cancel	0	static
Fee.c:5244:18:Fee_GetStatus	0	static
Fee.c:5271:21:Fee_GetJobResult	8	static
Fee.c:5311:16:Fee_InvalidateBlock	8	static
Fee.c:5378:6:Fee_GetVersionInfo	0	static
Fee.c:5436:16:Fee_EraseImmediateBlock	8	static
Fee.c:5506:6:Fee_JobEndNotification	16	static
Fee.c:5580:6:Fee_JobErrorNotification	16	static
Fee.c:5651:6:Fee_MainFunction	8	static
Fee.c:5762:6:Fee_GetRunTimeInfo	4	static
Fee.c:5845:16:Fee_ForceSwapOnNextWrite	8	static
