Fls.c:500:28:Fls_GetSectorIndexByAddr	8	static
Fls.c:739:23:Fls_CheckInputParamReadCompareJob	24	static
Fls.c:1166:24:Fls_CalcSectorTransferOffset	0	static
Fls.c:1390:28:Fls_DoJobDataTransfer.part.0	24	static
Fls.c:2353:6:Fls_Init	8	static
Fls.c:2468:16:Fls_Erase	32	static
Fls.c:2555:16:Fls_Write	40	static
Fls.c:2722:18:Fls_GetStatus	0	static
Fls.c:2766:21:Fls_GetJobResult	8	static
Fls.c:2809:16:Fls_Read	32	static
Fls.c:2885:16:Fls_Compare	32	static
Fls.c:3052:6:Fls_SetMode	0	static
Fls.c:3106:6:Fls_GetVersionInfo	0	static
Fls.c:3174:6:Fls_MainFunction	16	static
