Nm.c:296:21:Nm_Init	0	static
Nm.c:339:21:Nm_MainFunction	0	static
Nm.c:533:31:Nm_PassiveStartUp	8	static
Nm.c:638:31:Nm_NetworkRequest	8	static
Nm.c:720:31:Nm_NetworkRelease	8	static
Nm.c:801:31:Nm_NetworkGwEraRequest	8	static
Nm.c:858:31:Nm_DisableCommunication	8	static
Nm.c:888:31:Nm_EnableCommunication	8	static
Nm.c:972:31:Nm_GetUserData	8	static
Nm.c:1015:31:Nm_GetPduData	8	static
Nm.c:1103:31:Nm_GetNodeIdentifier	8	static
Nm.c:1146:31:Nm_GetLocalNodeIdentifier	8	static
Nm.c:1273:31:Nm_GetState	16	static
Nm.c:1349:21:Nm_NetworkStartIndication	0	static
Nm.c:1403:21:Nm_NetworkMode	0	static
Nm.c:1488:21:Nm_BusSleepMode	0	static
Nm.c:1545:21:Nm_PrepareBusSleepMode	0	static
