NvM_WriteBlock.c:701:21:NvM_WriteBlock_Async_Error	0	static
NvM_WriteBlock.c:1137:28:NvM_WriteBlock_ProcessRedundantBlock_State1	16	static
NvM_WriteBlock.c:1440:29:NvM_WriteBlock_MemIfReadBlock	16	static
NvM_WriteBlock.c:882:21:NvM_WriteBlock_Async_State3	8	static
NvM_WriteBlock.c:193:32:NvM_ASR40_WriteBlock	16	static
NvM_WriteBlock.c:356:32:NvM_ASR42_WritePRAMBlock	16	static
NvM_WriteBlock.c:727:21:NvM_WriteBlock_Async_State1	8	static
NvM_WriteBlock.c:520:21:NvM_WriteBlock_Async	8	static
NvM_WriteBlock.c:547:21:NvM_WritePRAMBlock_Async	8	static
NvM_WriteBlock.c:995:21:NvM_WriteBlock_ProcessJobRes	8	static
NvM_WriteBlock.c:946:21:NvM_WriteBlock_ProcessJobRes_Async_State	8	static
NvM_WriteBlock.c:1053:21:NvM_WriteBlock_ProcessRedundantBlock	28	static
NvM_WriteBlock.c:645:21:NvM_WriteBlock_Async_CopyCrc	8	static
NvM_WriteBlock.c:771:21:NvM_WriteBlock_Async_State2	24	static
