NvM_CalcCrc.c:141:24:NvM_CalcCrc_UpdateLength	12	static
NvM_CalcCrc.c:169:40:NvM_CalcCrc_GetBlockCrcAddress	8	static
NvM_CalcCrc.c:176:40:NvM_GetStoredRamCRCAddress	0	static
NvM_CalcCrc.c:234:22:NvM_CopyCrc	0	static
NvM_CalcCrc.c:267:39:NvM_CheckCrc	8	static
NvM_CalcCrc.c:314:22:NvM_CalcCrc_ProcessCrc	8	static
NvM_CalcCrc.c:204:22:NvM_CalculateCrc	16	static
NvM_CalcCrc.c:372:22:NvM_CalcCrc_EnqueueElement	0	static
NvM_CalcCrc.c:380:24:NvM_CalcCrc_PeekElement	0	static
NvM_CalcCrc.c:385:22:NvM_CalcCrc_RemoveElement	24	static
