NvM_DataIntern.c:450:24:NvM_GetBlockIndexForValidId	0	static
NvM_DataIntern.c:484:21:NvM_SetPermanentRamBlockInvalid	0	static
NvM_DataIntern.c:501:21:NvM_SetPermanentRamBlockValid	0	static
NvM_DataIntern.c:518:21:NvM_SetPermanentRamBlockUnchanged	0	static
NvM_DataIntern.c:535:21:NvM_SetPermanentRamBlockChanged	0	static
NvM_DataIntern.c:584:40:NvM_GetUserRamBlockAddress	0	static
NvM_DataIntern.c:639:23:NvM_GetMergedBlockNumber	0	static
NvM_DataIntern.c:649:21:NvM_ResetRedundantBlockDataIndex	0	static
NvM_DataIntern.c:687:21:NvM_PreService_Function	0	static
NvM_DataIntern.c:766:21:NvM_PostService_Function	8	static
NvM_DataIntern.c:825:21:NvM_MultiPostService_Function	8	static
NvM_DataIntern.c:841:21:NvM_InvokeSingleBlockCallback	4	static
NvM_DataIntern.c:660:21:NvM_MultiRequestFinishedSingleBlock	16	static
NvM_DataIntern.c:886:24:NvM_CheckDataSetRomBlock	0	static
NvM_DataIntern.c:858:25:NvM_CheckWriteProtection	8	static
NvM_DataIntern.c:910:23:NvM_GetBlockCRCLength	0	static
NvM_DataIntern.c:938:24:NvM_GetBlockLength	0	static
NvM_DataIntern.c:954:40:NvM_GetBufferAddress	0	static
NvM_DataIntern.c:984:40:NvM_GetDataAddress	0	static
NvM_DataIntern.c:1001:32:NvM_MirrorCopy	8	static
NvM_DataIntern.c:1108:22:NvM_CheckBlockStatus	8	static
NvM_DataIntern.c:1137:32:NvM_InsertRestoreBlockJob	32	static
NvM_DataIntern.c:1272:23:NvM_CheckCondReadBlock	16	static
NvM_DataIntern.c:1387:23:NvM_CheckCondWriteBlock	16	static
NvM_DataIntern.c:1507:23:NvM_CheckCondRestoreBlockDefaults	16	static
NvM_DataIntern.c:1637:23:NvM_CheckCondReadPRAMBlock	8	static
NvM_DataIntern.c:1748:23:NvM_CheckCondWritePRAMBlock	8	static
NvM_DataIntern.c:1866:23:NvM_CheckCondRestorePRAMBlockDefaults	8	static
NvM_DataIntern.c:1994:23:NvM_CheckCondCancelJobs	8	static
NvM_DataIntern.c:2062:23:NvM_CheckCondInvalidateNvBlock	8	static
NvM_DataIntern.c:2145:23:NvM_CheckCondEraseNvBlock	8	static
