PduR_IsValidConfig.c:52:33:PduR_IsValidConfig	8	static
PduR_Init.c:162:23:PduR_Init	8	static
PduR_GenericIfRxIndication.c:64:23:PduR_GenericIfRxIndication	8	static
PduR_GenericIfTransmit.c:64:34:PduR_GenericIfTransmit	16	static
PduR_GenericIfTriggerTransmit.c:64:33:PduR_GenericIfTriggerTransmit	16	static
PduR_GenericIfTxConfirmation.c:52:23:PduR_GenericIfTxConfirmation	4	static
PduR_GenericTpCancelTransmit.c:65:33:PduR_GenericTpCancelTransmit	8	static
PduR_GenericTpCancelReceive.c:65:33:PduR_GenericTpCancelReceive	8	static
PduR_GenericTpStartOfReception.c:64:36:PduR_GenericTpStartOfReception	16	static
PduR_GenericTpCopyRxData.c:64:36:PduR_GenericTpCopyRxData	24	static
PduR_GenericTpRxIndication.c:52:23:PduR_GenericTpRxIndication	4	static
PduR_GenericTpCopyTxData.c:64:36:PduR_GenericTpCopyTxData	24	static
PduR_GenericTpTxConfirmation.c:52:23:PduR_GenericTpTxConfirmation	4	static
PduR_GenericTpTransmit.c:64:34:PduR_GenericTpTransmit	16	static
PduR_GetConfigurationId.c:51:38:PduR_GetConfigurationId	8	static
