Rte.c:3655:45:Rte_InvXfrm_BaseTrans_Profile_5_sigGroup_E2EProt_DataIn_SWC_E2ESafety_R_E2E_SafeData	32	static
Rte.c:287:23:Rte_Mode_BswM_ModeNotificationPort_BswM_ModeReqPort_AppState_AppStateMode	16	static
Rte.c:302:32:Rte_Write_BswM_BswM_ModeRequestPort_BswMRteModeRequestPort_AppStateMode_If_AppStateRequestMode	8	static
Rte.c:318:32:Rte_Switch_BswM_BswM_ModeSwitchPort_BswM_SwitchPort_Rte_CurrentMode	24	static
Rte.c:359:32:Rte_Switch_ComM_UM_ComMUser_0_currentMode	0	static
Rte.c:368:32:Rte_Call_Dcm_SecurityAccess_Level_1_GetSeed	4	static
Rte.c:391:32:Rte_Call_Dcm_SecurityAccess_Level_1_CompareKey	0	static
Rte.c:414:32:Rte_Call_Dcm_SecurityAccess_Level_3_GetSeed	4	static
Rte.c:437:32:Rte_Call_Dcm_SecurityAccess_Level_3_CompareKey	0	static
Rte.c:460:32:Rte_Call_Dcm_InfotypeServices_Service09_VinMessageCount_GetInfotypeValueData	0	static
Rte.c:483:32:Rte_Call_Dcm_InfotypeServices_Service09_VehicleIdentificationNumber_GetInfotypeValueData	0	static
Rte.c:506:32:Rte_Call_Dcm_ServiceRequestManufacturerNotification_DcmDslServiceRequestManufacturerNotification_0_Indication	8	static
Rte.c:529:32:Rte_Call_Dcm_ServiceRequestManufacturerNotification_DcmDslServiceRequestManufacturerNotification_0_Confirmation	4	static
Rte.c:552:32:Rte_Call_Dcm_ServiceRequestSupplierNotification_DcmDslServiceRequestSupplierNotification_0_Indication	8	static
Rte.c:575:32:Rte_Call_Dcm_ServiceRequestSupplierNotification_DcmDslServiceRequestSupplierNotification_0_Confirmation	4	static
Rte.c:598:32:Rte_Call_Dcm_RoutineServices_DIAGNOSTIC_LOOPBACK_Start	4	static
Rte.c:621:32:Rte_Call_Dcm_RoutineServices_DIAGNOSTIC_TRIGGER_DTC_Start	4	static
Rte.c:644:32:Rte_Call_Dem_CBReadData_DemExternalCSDataElementClass_Session_ReadData	0	static
Rte.c:667:32:Rte_Call_Dem_CBReadData_DemExternalCSDataElementClass_ExtDataRec_0x01_ReadData	0	static
Rte.c:690:32:Rte_Call_Dem_SetClearDTC_master_SetClearDTC	0	static
Rte.c:713:32:Rte_Receive_SWC_E2ESafety_R_E2E_SafeData_E2EProt_Data	32	static
Rte.c:773:32:Rte_Send_SWC_E2ESafety_P_E2E_SafeData_E2EProt_Data	24	static
Rte.c:832:32:Rte_Call_SecOC_PS_RxFreshnessManagement_GetRxFreshness	4	static
Rte.c:855:32:Rte_Call_SecOC_PS_TxFreshnessManagement_GetTxFreshness	0	static
Rte.c:878:32:Rte_Call_SecOC_PS_TxFreshnessManagement_SPduTxConfirmation	0	static
Rte.c:901:32:Rte_Switch_SWC_AppStateHandler_AppState_AppStateMode	16	static
Rte.c:942:23:Rte_Mode_SWC_AppStateHandler_AppState_AppStateMode	0	static
Rte.c:950:23:Rte_IrvRead_SWC_CyclicCounter_Cyclic_CurrentCounterValue	0	static
Rte.c:961:22:Rte_IrvWrite_SWC_CyclicCounter_Cyclic_CurrentCounterValue	0	static
Rte.c:970:32:Rte_Write_SWC_CyclicCounter_P_CounterOut_CounterValue	16	static
Rte.c:992:32:Rte_Receive_SWC_CyclicCounter_R_SpecialHandling_EventMessage	24	static
Rte.c:1021:32:Rte_Call_SWC_CyclicCounter_R_CyclicCounterDet_ReportError	0	static
Rte.c:1044:32:Rte_Call_SWC_CyclicCounter_R_MyLED_SetDiscreteValue	8	static
Rte.c:1067:32:Rte_Call_SWC_CyclicCounter_UR_ComMUser_0_RequestComMode	0	static
Rte.c:1076:23:Rte_IrvRead_SWC_CyclicCounter_Cyclic_FD_CurrentCounterValue_FD	0	static
Rte.c:1087:22:Rte_IrvWrite_SWC_CyclicCounter_Cyclic_FD_CurrentCounterValue_FD	0	static
Rte.c:1096:32:Rte_Write_SWC_CyclicCounter_P_CounterOut_FD_CounterValue_FD	24	static
Rte.c:1118:22:Rte_IrvWrite_SWC_CyclicCounter_Init_CurrentCounterValue	0	static
Rte.c:1127:23:Rte_CData_SWC_CyclicCounter_PrmCounterValue	0	static
Rte.c:1135:23:Rte_IrvRead_SWC_CyclicCounter_SetCounter_CurrentCounterValue	0	static
Rte.c:1146:22:Rte_IrvWrite_SWC_CyclicCounter_SetCounter_CurrentCounterValue	0	static
Rte.c:1155:23:Rte_IrvRead_SWC_CyclicCounter_SetCounter_FD_CurrentCounterValue_FD	0	static
Rte.c:1166:22:Rte_IrvWrite_SWC_CyclicCounter_SetCounter_FD_CurrentCounterValue_FD	0	static
Rte.c:1175:23:Rte_IrvRead_SWC_CyclicCounter_Shutdown_CurrentCounterValue	0	static
Rte.c:1186:32:Rte_Call_SWC_CyclicCounter_PS_PersistentCounterValue_SetRamBlockStatus	0	static
Rte.c:1209:32:Rte_Send_SWC_ModifyEcho_P_SpecialRequest_EventMessage	16	static
Rte.c:1243:32:Rte_Read_SWC_ModifyEcho_R_NewCounterIn_CounterValue	0	static
Rte.c:1254:32:Rte_Call_SWC_ModifyEcho_R_EchoResult_SetCounterAndAdd	8	static
Rte.c:1277:32:Rte_Read_SWC_ModifyEcho_R_NewCounterIn_FD_CounterValue_FD	0	static
Rte.c:1288:32:Rte_Call_SWC_ModifyEcho_R_EchoResult_FD_SetCounterAndAdd_FD	8	static
Rte.c:1311:32:Rte_Call_ServiceSwComponentDcm_DTC_0x000002_Event_SetEventStatus	0	static
Rte.c:1334:32:Rte_Call_ServiceSwComponentDcm_DTC_0x000001_Event_SetEventStatus	0	static
Rte.c:1357:32:Rte_Call_ServiceSwComponentDcm_Permanent_DTC_Event_SetEventStatus	0	static
Rte.c:1380:32:Rte_Call_ServiceSwComponentDcm_USER_DEFINE_MEMORY_Event_SetEventStatus	0	static
Rte.c:1403:32:Rte_Read_SWC_Secured_R_SecuredData_CounterValue	0	static
Rte.c:1810:32:SchM_Switch_Dcm_DcmDiagnosticSessionControl	24	static
Rte.c:1848:32:SchM_Switch_Dcm_DcmEcuReset	24	static
Rte.c:1886:32:SchM_Switch_Dcm_DcmRapidPowerShutdown	0	static
Rte.c:1892:32:SchM_Switch_Dcm_DcmCommunicationControl_CanNetwork	24	static
Rte.c:1930:32:SchM_Switch_Dcm_DcmControlDTCSetting	0	static
Rte.c:1936:32:SchM_Switch_Dcm_DcmResponseOnEvent_0	24	static
Rte.c:1998:22:SchM_Enter_Com_SCHM_COM_EXCLUSIVE_AREA_0	0	static
Rte.c:1414:22:SchM_Enter_SecOC_SCHM_SECOC_EXCLUSIVE_AREA_0	0	static
Rte.c:1426:22:SchM_Enter_SecOC_SCHM_SECOC_EXCLUSIVE_AREA_1	0	static
Rte.c:1438:22:SchM_Enter_Port_PORT_EXCLUSIVE_AREA_00	0	static
Rte.c:1450:22:SchM_Enter_Port_PORT_EXCLUSIVE_AREA_01	0	static
Rte.c:1462:22:SchM_Enter_Port_PORT_EXCLUSIVE_AREA_02	0	static
Rte.c:1474:22:SchM_Enter_Port_PORT_EXCLUSIVE_AREA_03	0	static
Rte.c:1486:22:SchM_Enter_Port_PORT_EXCLUSIVE_AREA_04	0	static
Rte.c:1498:22:SchM_Enter_Port_PORT_EXCLUSIVE_AREA_05	0	static
Rte.c:1510:22:SchM_Enter_Port_PORT_EXCLUSIVE_AREA_06	0	static
Rte.c:1522:22:SchM_Enter_Port_PORT_EXCLUSIVE_AREA_07	0	static
Rte.c:1534:22:SchM_Enter_Port_PORT_EXCLUSIVE_AREA_08	0	static
Rte.c:1546:22:SchM_Enter_Port_PORT_EXCLUSIVE_AREA_09	0	static
Rte.c:1558:22:SchM_Enter_Port_PORT_EXCLUSIVE_AREA_10	0	static
Rte.c:1570:22:SchM_Enter_NvM_SCHM_NVM_EXCLUSIVE_AREA_0	0	static
Rte.c:1582:22:SchM_Enter_Nm_SCHM_NM_EXCLUSIVE_AREA_0	0	static
Rte.c:1594:22:SchM_Enter_Mcu_MCU_EXCLUSIVE_AREA_00	0	static
Rte.c:1606:22:SchM_Enter_Mcu_MCU_EXCLUSIVE_AREA_01	0	static
Rte.c:1618:22:SchM_Enter_Mcu_MCU_EXCLUSIVE_AREA_02	0	static
Rte.c:1630:22:SchM_Enter_Fls_FLS_EXCLUSIVE_AREA_10	0	static
Rte.c:1642:22:SchM_Enter_Fls_FLS_EXCLUSIVE_AREA_11	0	static
Rte.c:1654:22:SchM_Enter_Fls_FLS_EXCLUSIVE_AREA_12	0	static
Rte.c:1666:22:SchM_Enter_Fls_FLS_EXCLUSIVE_AREA_13	0	static
Rte.c:1678:22:SchM_Enter_Fls_FLS_EXCLUSIVE_AREA_14	0	static
Rte.c:1690:22:SchM_Enter_Fee_FEE_EXCLUSIVE_AREA_00	0	static
Rte.c:1702:22:SchM_Enter_Fee_FEE_EXCLUSIVE_AREA_01	0	static
Rte.c:1714:22:SchM_Enter_Fee_FEE_EXCLUSIVE_AREA_02	0	static
Rte.c:1726:22:SchM_Enter_Fee_FEE_EXCLUSIVE_AREA_03	0	static
Rte.c:1738:22:SchM_Enter_EcuM_SCHM_ECUM_EXCLUSIVE_AREA_0	0	static
Rte.c:1750:22:SchM_Enter_Dio_DIO_EXCLUSIVE_AREA_00	0	static
Rte.c:1762:22:SchM_Enter_Dio_DIO_EXCLUSIVE_AREA_01	0	static
Rte.c:1774:22:SchM_Enter_Det_SCHM_DET_EXCLUSIVE_AREA_0	0	static
Rte.c:1786:22:SchM_Enter_Dem_SCHM_DEM_EXCLUSIVE_AREA_0	0	static
Rte.c:1798:22:SchM_Enter_Dcm_SCHM_DCM_EXCLUSIVE_AREA_0	0	static
Rte.c:1974:22:SchM_Enter_Csm_SCHM_CSM_EXCLUSIVE_AREA_0	0	static
Rte.c:1986:22:SchM_Enter_Crypto_SCHM_CRYPTO_EXCLUSIVE_AREA_DRIVEROBJECT	0	static
Rte.c:2004:22:SchM_Exit_Com_SCHM_COM_EXCLUSIVE_AREA_0	0	static
Rte.c:1420:22:SchM_Exit_SecOC_SCHM_SECOC_EXCLUSIVE_AREA_0	0	static
Rte.c:1432:22:SchM_Exit_SecOC_SCHM_SECOC_EXCLUSIVE_AREA_1	0	static
Rte.c:1444:22:SchM_Exit_Port_PORT_EXCLUSIVE_AREA_00	0	static
Rte.c:1456:22:SchM_Exit_Port_PORT_EXCLUSIVE_AREA_01	0	static
Rte.c:1468:22:SchM_Exit_Port_PORT_EXCLUSIVE_AREA_02	0	static
Rte.c:1480:22:SchM_Exit_Port_PORT_EXCLUSIVE_AREA_03	0	static
Rte.c:1492:22:SchM_Exit_Port_PORT_EXCLUSIVE_AREA_04	0	static
Rte.c:1504:22:SchM_Exit_Port_PORT_EXCLUSIVE_AREA_05	0	static
Rte.c:1516:22:SchM_Exit_Port_PORT_EXCLUSIVE_AREA_06	0	static
Rte.c:1528:22:SchM_Exit_Port_PORT_EXCLUSIVE_AREA_07	0	static
Rte.c:1540:22:SchM_Exit_Port_PORT_EXCLUSIVE_AREA_08	0	static
Rte.c:1552:22:SchM_Exit_Port_PORT_EXCLUSIVE_AREA_09	0	static
Rte.c:1564:22:SchM_Exit_Port_PORT_EXCLUSIVE_AREA_10	0	static
Rte.c:1576:22:SchM_Exit_NvM_SCHM_NVM_EXCLUSIVE_AREA_0	0	static
Rte.c:1588:22:SchM_Exit_Nm_SCHM_NM_EXCLUSIVE_AREA_0	0	static
Rte.c:1600:22:SchM_Exit_Mcu_MCU_EXCLUSIVE_AREA_00	0	static
Rte.c:1612:22:SchM_Exit_Mcu_MCU_EXCLUSIVE_AREA_01	0	static
Rte.c:1624:22:SchM_Exit_Mcu_MCU_EXCLUSIVE_AREA_02	0	static
Rte.c:1636:22:SchM_Exit_Fls_FLS_EXCLUSIVE_AREA_10	0	static
Rte.c:1648:22:SchM_Exit_Fls_FLS_EXCLUSIVE_AREA_11	0	static
Rte.c:1660:22:SchM_Exit_Fls_FLS_EXCLUSIVE_AREA_12	0	static
Rte.c:1672:22:SchM_Exit_Fls_FLS_EXCLUSIVE_AREA_13	0	static
Rte.c:1684:22:SchM_Exit_Fls_FLS_EXCLUSIVE_AREA_14	0	static
Rte.c:1696:22:SchM_Exit_Fee_FEE_EXCLUSIVE_AREA_00	0	static
Rte.c:1708:22:SchM_Exit_Fee_FEE_EXCLUSIVE_AREA_01	0	static
Rte.c:1720:22:SchM_Exit_Fee_FEE_EXCLUSIVE_AREA_02	0	static
Rte.c:1732:22:SchM_Exit_Fee_FEE_EXCLUSIVE_AREA_03	0	static
Rte.c:1744:22:SchM_Exit_EcuM_SCHM_ECUM_EXCLUSIVE_AREA_0	0	static
Rte.c:1756:22:SchM_Exit_Dio_DIO_EXCLUSIVE_AREA_00	0	static
Rte.c:1768:22:SchM_Exit_Dio_DIO_EXCLUSIVE_AREA_01	0	static
Rte.c:1780:22:SchM_Exit_Det_SCHM_DET_EXCLUSIVE_AREA_0	0	static
Rte.c:1792:22:SchM_Exit_Dem_SCHM_DEM_EXCLUSIVE_AREA_0	0	static
Rte.c:1804:22:SchM_Exit_Dcm_SCHM_DCM_EXCLUSIVE_AREA_0	0	static
Rte.c:1980:22:SchM_Exit_Csm_SCHM_CSM_EXCLUSIVE_AREA_0	0	static
Rte.c:1992:22:SchM_Exit_Crypto_SCHM_CRYPTO_EXCLUSIVE_AREA_DRIVEROBJECT	0	static
Rte.c:2010:22:SchM_Enter_Com_SCHM_COM_EXCLUSIVE_AREA_1	0	static
Rte.c:2016:22:SchM_Exit_Com_SCHM_COM_EXCLUSIVE_AREA_1	0	static
Rte.c:2022:22:SchM_Enter_ComM_SCHM_COMM_EXCLUSIVE_AREA_0	0	static
Rte.c:2028:22:SchM_Exit_ComM_SCHM_COMM_EXCLUSIVE_AREA_0	0	static
Rte.c:2034:22:SchM_Enter_Can_CAN_EXCLUSIVE_AREA_00	0	static
Rte.c:2040:22:SchM_Exit_Can_CAN_EXCLUSIVE_AREA_00	0	static
Rte.c:2046:22:SchM_Enter_Can_CAN_EXCLUSIVE_AREA_01	0	static
Rte.c:2052:22:SchM_Exit_Can_CAN_EXCLUSIVE_AREA_01	0	static
Rte.c:2058:22:SchM_Enter_Can_CAN_EXCLUSIVE_AREA_02	0	static
Rte.c:2064:22:SchM_Exit_Can_CAN_EXCLUSIVE_AREA_02	0	static
Rte.c:2070:22:SchM_Enter_Can_CAN_EXCLUSIVE_AREA_03	0	static
Rte.c:2076:22:SchM_Exit_Can_CAN_EXCLUSIVE_AREA_03	0	static
Rte.c:2082:22:SchM_Enter_Can_CAN_EXCLUSIVE_AREA_04	0	static
Rte.c:2088:22:SchM_Exit_Can_CAN_EXCLUSIVE_AREA_04	0	static
Rte.c:2094:22:SchM_Enter_Can_CAN_EXCLUSIVE_AREA_05	0	static
Rte.c:2100:22:SchM_Exit_Can_CAN_EXCLUSIVE_AREA_05	0	static
Rte.c:2106:22:SchM_Enter_Can_CAN_EXCLUSIVE_AREA_06	0	static
Rte.c:2112:22:SchM_Exit_Can_CAN_EXCLUSIVE_AREA_06	0	static
Rte.c:2118:22:SchM_Enter_Can_CAN_EXCLUSIVE_AREA_07	0	static
Rte.c:2124:22:SchM_Exit_Can_CAN_EXCLUSIVE_AREA_07	0	static
Rte.c:2130:22:SchM_Enter_Can_CAN_EXCLUSIVE_AREA_08	0	static
Rte.c:2136:22:SchM_Exit_Can_CAN_EXCLUSIVE_AREA_08	0	static
Rte.c:2142:22:SchM_Enter_Can_CAN_EXCLUSIVE_AREA_09	0	static
Rte.c:2148:22:SchM_Exit_Can_CAN_EXCLUSIVE_AREA_09	0	static
Rte.c:2154:22:SchM_Enter_Can_CAN_EXCLUSIVE_AREA_10	0	static
Rte.c:2160:22:SchM_Exit_Can_CAN_EXCLUSIVE_AREA_10	0	static
Rte.c:2166:22:SchM_Enter_Can_CAN_EXCLUSIVE_AREA_11	0	static
Rte.c:2172:22:SchM_Exit_Can_CAN_EXCLUSIVE_AREA_11	0	static
Rte.c:2178:22:SchM_Enter_Can_CAN_EXCLUSIVE_AREA_12	0	static
Rte.c:2184:22:SchM_Exit_Can_CAN_EXCLUSIVE_AREA_12	0	static
Rte.c:2190:22:SchM_Enter_Can_CAN_EXCLUSIVE_AREA_13	0	static
Rte.c:2196:22:SchM_Exit_Can_CAN_EXCLUSIVE_AREA_13	0	static
Rte.c:2202:22:SchM_Enter_Can_CAN_EXCLUSIVE_AREA_14	0	static
Rte.c:2208:22:SchM_Exit_Can_CAN_EXCLUSIVE_AREA_14	0	static
Rte.c:2214:22:SchM_Enter_Can_CAN_EXCLUSIVE_AREA_15	0	static
Rte.c:2220:22:SchM_Exit_Can_CAN_EXCLUSIVE_AREA_15	0	static
Rte.c:2226:22:SchM_Enter_Can_CAN_EXCLUSIVE_AREA_16	0	static
Rte.c:2232:22:SchM_Exit_Can_CAN_EXCLUSIVE_AREA_16	0	static
Rte.c:2238:22:SchM_Enter_Can_CAN_EXCLUSIVE_AREA_17	0	static
Rte.c:2244:22:SchM_Exit_Can_CAN_EXCLUSIVE_AREA_17	0	static
Rte.c:2250:22:SchM_Enter_Can_CAN_EXCLUSIVE_AREA_18	0	static
Rte.c:2256:22:SchM_Exit_Can_CAN_EXCLUSIVE_AREA_18	0	static
Rte.c:2262:22:SchM_Enter_Can_CAN_EXCLUSIVE_AREA_19	0	static
Rte.c:2268:22:SchM_Exit_Can_CAN_EXCLUSIVE_AREA_19	0	static
Rte.c:2274:22:SchM_Enter_Can_CAN_EXCLUSIVE_AREA_20	0	static
Rte.c:2280:22:SchM_Exit_Can_CAN_EXCLUSIVE_AREA_20	0	static
Rte.c:2286:22:SchM_Enter_CanTp_SCHM_CANTP_EXCLUSIVE_AREA_0	0	static
Rte.c:2292:22:SchM_Exit_CanTp_SCHM_CANTP_EXCLUSIVE_AREA_0	0	static
Rte.c:2298:22:SchM_Enter_CanSM_SCHM_CANSM_EXCLUSIVE_AREA_0	0	static
Rte.c:2304:22:SchM_Exit_CanSM_SCHM_CANSM_EXCLUSIVE_AREA_0	0	static
Rte.c:2310:22:SchM_Enter_CanNm_SCHM_CANNM_EXCLUSIVE_AREA_0	0	static
Rte.c:2316:22:SchM_Exit_CanNm_SCHM_CANNM_EXCLUSIVE_AREA_0	0	static
Rte.c:2322:22:SchM_Enter_CanIf_SCHM_CANIF_EXCLUSIVE_AREA_0	0	static
Rte.c:2328:22:SchM_Exit_CanIf_SCHM_CANIF_EXCLUSIVE_AREA_0	0	static
Rte.c:2334:23:SchM_Mode_BswM_BswM_ModeNotificationPort_BswM_ModeReqPort_DcmCommunicationControl	0	static
Rte.c:2339:23:SchM_Mode_BswM_BswM_ModeNotificationPort_BswM_ModeReqPort_DcmDiagnosticSessionControl	0	static
Rte.c:2344:23:SchM_Mode_BswM_BswM_ModeNotificationPort_BswM_ModeReqPort_DcmResponseOnEvent	0	static
Rte.c:2349:23:SchM_Mode_BswM_BswM_ModeNotificationPort_BswM_ModeReqPort_Dcm_ResetModeRequest	0	static
Rte.c:2354:22:SchM_Enter_BswM_SCHM_BSWM_EXCLUSIVE_AREA	0	static
Rte.c:2360:22:SchM_Exit_BswM_SCHM_BSWM_EXCLUSIVE_AREA	0	static
Rte.c:2430:1:OS_TASK_SchMComTask_5ms	8	static
Rte.c:2482:1:OS_TASK_SchMComTask_10ms	8	static
Rte.c:2512:1:OS_TASK_SchMMemTask_10ms	8	static
Rte.c:2538:1:OS_TASK_SchMDiagStateTask_20ms	8	static
Rte.c:3298:22:Rte_COMCbk_SGCounterIn_CAN_FD_257R	16	static
Rte.c:3317:22:Rte_COMCbk_SGCounterIn_256R	16	static
Rte.c:3336:22:Rte_COMCbk_SGSecuredDataIn_281R	16	static
Rte.c:3355:22:Rte_COMCbk_GRsigGroup_E2EProt_DataIn_280R	24	static
Rte.c:3395:32:Rte_Start	32	static
Rte.c:3484:32:Rte_Stop	24	static
Rte.c:3512:22:SchM_Init	24	static
Rte.c:3622:22:SchM_Deinit	8	static
Rte.c:3637:28:Rte_WaitGetClearEvent	16	static
Rte.c:2366:1:OS_TASK_Rte_Time_Task	16	static
Rte.c:2580:1:OS_TASK_Rte_Event_Task	64	static
Rte.c:2853:1:OS_TASK_TASK_RTE_ModeSwitchEvent	40	static
