SWC_DcmApplTemplate.c:34:32:ServiceSwComponentDcm_SecurityAccess_Level_1_GetSeed	0	static
SWC_DcmApplTemplate.c:44:32:ServiceSwComponentDcm_SecurityAccess_Level_1_CompareKey	0	static
SWC_DcmApplTemplate.c:53:32:ServiceSwComponentDcm_SecurityAccess_Level_3_GetSeed	0	static
SWC_DcmApplTemplate.c:63:32:ServiceSwComponentDcm_SecurityAccess_Level_3_CompareKey	0	static
SWC_DcmApplTemplate.c:72:32:ServiceSwComponentDcm_ServiceRequestManufacturerNotification_DcmDslServiceRequestManufacturerNotification_0_Indication	0	static
SWC_DcmApplTemplate.c:84:32:ServiceSwComponentDcm_ServiceRequestManufacturerNotification_DcmDslServiceRequestManufacturerNotification_0_Confirmation	0	static
SWC_DcmApplTemplate.c:94:32:ServiceSwComponentDcm_ServiceRequestSupplierNotification_DcmDslServiceRequestSupplierNotification_0_Indication	0	static
SWC_DcmApplTemplate.c:106:32:ServiceSwComponentDcm_ServiceRequestSupplierNotification_DcmDslServiceRequestSupplierNotification_0_Confirmation	0	static
SWC_DcmApplTemplate.c:116:32:ServiceSwComponentDcm_RoutineServices_DIAGNOSTIC_LOOPBACK_Start	16	static
SWC_DcmApplTemplate.c:133:32:ServiceSwComponentDcm_RoutineServices_DIAGNOSTIC_TRIGGER_DTC_Start	8	static
SWC_DcmApplTemplate.c:172:32:ServiceSwComponentDcm_InfotypeServices_Service09_VinMessageCount_GetInfotypeValueData	0	static
